Archive member included to satisfy reference by file (symbol)

c:/program files/microchip/xc32/v4.00/bin/bin/../../lib/gcc/pic32c/8.3.1/../../../../pic32c/lib/thumb/v6-m/nofp\libpic32c.a(data_init.o)
                              build/Trinket_USB_2/production/_ext/1189347772/startup_xc32.o (__pic32c_data_initialization)
c:/program files/microchip/xc32/v4.00/bin/bin/../../lib/gcc/pic32c/8.3.1/../../../../pic32c/lib/thumb/v6-m/nofp\libc-musl.a(__libc_start_main.o)
                              build/Trinket_USB_2/production/_ext/1189347772/startup_xc32.o (__libc_init_array)
c:/program files/microchip/xc32/v4.00/bin/bin/../../lib/gcc/pic32c/8.3.1/../../../../pic32c/lib/thumb/v6-m/nofp\libc-musl.a(libc.o)
                              c:/program files/microchip/xc32/v4.00/bin/bin/../../lib/gcc/pic32c/8.3.1/../../../../pic32c/lib/thumb/v6-m/nofp\libc-musl.a(__libc_start_main.o) (__progname_full)
c:/program files/microchip/xc32/v4.00/bin/bin/../../lib/gcc/pic32c/8.3.1/../../../../pic32c/lib/thumb/v6-m/nofp\libc-musl.a(memcpy.o)
                              build/Trinket_USB_2/production/_ext/2108104030/drv_usbfsv1_device.o (memcpy)
c:/program files/microchip/xc32/v4.00/bin/bin/../../lib/gcc/pic32c/8.3.1/../../../../pic32c/lib/thumb/v6-m/nofp\libc-musl.a(memset.o)
                              build/Trinket_USB_2/production/_ext/2108104030/drv_usbfsv1_device.o (memset)
c:/program files/microchip/xc32/v4.00/bin/bin/../../lib/gcc/pic32c/8.3.1/../../../../pic32c/lib/thumb/v6-m/nofp\libc-musl.a(__environ.o)
                              c:/program files/microchip/xc32/v4.00/bin/bin/../../lib/gcc/pic32c/8.3.1/../../../../pic32c/lib/thumb/v6-m/nofp\libc-musl.a(__libc_start_main.o) (__environ)
c:/program files/microchip/xc32/v4.00/bin/bin/../../lib/gcc/pic32c/8.3.1/thumb/v6-m/nofp\libgcc.a(_udivsi3.o)
                              build/Trinket_USB_2/production/_ext/2108104030/drv_usbfsv1_device.o (__aeabi_uidivmod)
c:/program files/microchip/xc32/v4.00/bin/bin/../../lib/gcc/pic32c/8.3.1/thumb/v6-m/nofp\libgcc.a(_divsi3.o)
                              build/Trinket_USB_2/production/_ext/1390297478/usb_device.o (__aeabi_idiv)
c:/program files/microchip/xc32/v4.00/bin/bin/../../lib/gcc/pic32c/8.3.1/thumb/v6-m/nofp\libgcc.a(_dvmd_tls.o)
                              c:/program files/microchip/xc32/v4.00/bin/bin/../../lib/gcc/pic32c/8.3.1/thumb/v6-m/nofp\libgcc.a(_udivsi3.o) (__aeabi_idiv0)
c:/program files/microchip/xc32/v4.00/bin/bin/../../lib/gcc/pic32c/8.3.1/thumb/v6-m/nofp\libgcc.a(_aeabi_uldivmod.o)
                              build/Trinket_USB_2/production/_ext/1909065425/sys_time.o (__aeabi_uldivmod)
c:/program files/microchip/xc32/v4.00/bin/bin/../../lib/gcc/pic32c/8.3.1/thumb/v6-m/nofp\libgcc.a(_muldi3.o)
                              build/Trinket_USB_2/production/_ext/1909065425/sys_time.o (__aeabi_lmul)
c:/program files/microchip/xc32/v4.00/bin/bin/../../lib/gcc/pic32c/8.3.1/thumb/v6-m/nofp\libgcc.a(_udivmoddi4.o)
                              c:/program files/microchip/xc32/v4.00/bin/bin/../../lib/gcc/pic32c/8.3.1/thumb/v6-m/nofp\libgcc.a(_aeabi_uldivmod.o) (__udivmoddi4)
c:/program files/microchip/xc32/v4.00/bin/bin/../../lib/gcc/pic32c/8.3.1/thumb/v6-m/nofp\libgcc.a(_clzdi2.o)
                              c:/program files/microchip/xc32/v4.00/bin/bin/../../lib/gcc/pic32c/8.3.1/thumb/v6-m/nofp\libgcc.a(_udivmoddi4.o) (__clzdi2)
c:/program files/microchip/xc32/v4.00/bin/bin/../../lib/gcc/pic32c/8.3.1/thumb/v6-m/nofp\libgcc.a(_clzsi2.o)
                              c:/program files/microchip/xc32/v4.00/bin/bin/../../lib/gcc/pic32c/8.3.1/thumb/v6-m/nofp\libgcc.a(_clzdi2.o) (__clzsi2)

Microchip PIC32 Memory-Usage Report

ROM Program-Memory Usage
section                    address  length [bytes]      (dec)  Description
-------                 ----------  -------------------------  -----------
.vectors                         0           0xb0         176   
.text                         0xb0           0x20          32  App's exec code 
.text._DRV_USBFSV1_DEVI       0xd0          0x628        1576   
.text.DRV_USBFSV1_DEVIC      0x6f8          0x3d4         980   
.text                        0xacc          0x1d4         468  App's exec code 
.text.DRV_USBFSV1_DEVIC      0xca0          0x194         404   
.text.DRV_USBFSV1_DEVIC      0xe34          0x180         384   
.dinit                       0xfb4          0x180         384   
.text._USB_DEVICE_Proce     0x1134          0x142         322   
.text.DRV_USBFSV1_DEVIC     0x1276            0x2           2   
.text.DRV_USBFSV1_Initi     0x1278          0x124         292   
.text.DRV_USBFSV1_DEVIC     0x139c          0x120         288   
.text._USB_DEVICE_Contr     0x14bc          0x11c         284   
.text.APP_USB_Tasks         0x15d8          0x11c         284   
.text._USB_DEVICE_Event     0x16f4          0x114         276   
.text                       0x1808          0x114         276  App's exec code 
[...]
Memory Configuration

Name             Origin             Length             Attributes
rom              0x00000000         0x00040000         xrl
ram              0x20000000         0x00008000         xw !r
config_00804000  0x00804000         0x00000004
config_00804004  0x00804004         0x00000004
*default*        0x00000000         0xffffffff

Linker script and memory map

LOAD c:/program files/microchip/xc32/v4.00/bin/bin/../../lib/gcc/pic32c/8.3.1/thumb/v6-m/nofp/crti.o
LOAD c:/program files/microchip/xc32/v4.00/bin/bin/../../lib/gcc/pic32c/8.3.1/thumb/v6-m/nofp/crtbegin.o
LOAD build/Trinket_USB_2/production/_ext/2108104030/drv_usbfsv1.o
LOAD build/Trinket_USB_2/production/_ext/2108104030/drv_usbfsv1_device.o
LOAD build/Trinket_USB_2/production/_ext/1796475310/plib_clock.o
LOAD build/Trinket_USB_2/production/_ext/1798624796/plib_evsys.o
LOAD build/Trinket_USB_2/production/_ext/58287938/plib_nvic.o
LOAD build/Trinket_USB_2/production/_ext/1292982576/plib_nvmctrl.o
LOAD build/Trinket_USB_2/production/_ext/58341089/plib_port.o
LOAD build/Trinket_USB_2/production/_ext/1578018698/xc32_monitor.o
LOAD build/Trinket_USB_2/production/_ext/1961919639/sys_int.o
LOAD build/Trinket_USB_2/production/_ext/1390297478/usb_device.o
LOAD build/Trinket_USB_2/production/_ext/1390297478/usb_device_cdc.o
LOAD build/Trinket_USB_2/production/_ext/1390297478/usb_device_cdc_acm.o
LOAD build/Trinket_USB_2/production/_ext/1189347772/initialization.o
LOAD build/Trinket_USB_2/production/_ext/1189347772/interrupts.o
LOAD build/Trinket_USB_2/production/_ext/1189347772/exceptions.o
LOAD build/Trinket_USB_2/production/_ext/1189347772/startup_xc32.o
LOAD build/Trinket_USB_2/production/_ext/1189347772/libc_syscalls.o
LOAD build/Trinket_USB_2/production/_ext/1189347772/usb_device_init_data.o
LOAD build/Trinket_USB_2/production/_ext/1189347772/tasks.o
LOAD build/Trinket_USB_2/production/_ext/1360937237/main.o
LOAD build/Trinket_USB_2/production/_ext/1360937237/app_usb.o
LOAD build/Trinket_USB_2/production/_ext/140417318/plib_dac.o
LOAD build/Trinket_USB_2/production/_ext/1390003407/plib_tc3.o
LOAD build/Trinket_USB_2/production/_ext/1909065425/sys_time.o
                0x00000001                __MPLAB_BUILD = 0x1
                0x00040000                __rom_end = (ORIGIN (rom) + LENGTH (rom))
                0x20008000                __ram_end = (ORIGIN (ram) + LENGTH (ram))

.config_00804000
 *(.config_00804000)

.config_00804004
 *(.config_00804004)

.vectors        0x00000000       0xb0
                0x00000000                . = ALIGN (0x4)
                0x00000000                _sfixed = .
 *(.vectors .vectors.* .vectors_default .vectors_default.*)
 .vectors.exception_table
                0x00000000       0xb0 build/Trinket_USB_2/production/_ext/1189347772/interrupts.o
                0x00000000                exception_table
 *(.isr_vector)
 *(.reset*)
 *(.after_vectors)

.text           0x000000b0       0x20
                0x000000b0                . = ALIGN (0x4)
 *(.glue_7t)
 .glue_7t       0x000000b0        0x0 linker stubs
 *(.glue_7)
 .glue_7        0x000000b0        0x0 linker stubs
 *(.gnu.linkonce.r.*)
 *(.ARM.extab* .gnu.linkonce.armextab.*)
                0x000000b0                . = ALIGN (0x4)
 *(.init)
 .init          0x000000b0        0x4 c:/program files/microchip/xc32/v4.00/bin/bin/../../lib/gcc/pic32c/8.3.1/thumb/v6-m/nofp/crti.o
                0x000000b0                _init
 .init          0x000000b4        0x8 c:/program files/microchip/xc32/v4.00/bin/bin/../../lib/gcc/pic32c/8.3.1/thumb/v6-m/nofp/crtn.o
                0x000000bc                . = ALIGN (0x4)
                0x000000bc                __preinit_array_start = .
 *(.preinit_array)
                0x000000bc                __preinit_array_end = .
                0x000000bc                . = ALIGN (0x4)
                0x000000bc                __init_array_start = .
 *(SORT_BY_NAME(.init_array.*))
 *(.init_array)
 .init_array    0x000000bc        0x4 c:/program files/microchip/xc32/v4.00/bin/bin/../../lib/gcc/pic32c/8.3.1/thumb/v6-m/nofp/crtbegin.o
                0x000000c0                __init_array_end = .
                0x000000c0                . = ALIGN (0x4)
 *crtbegin.o(.ctors)
 *(EXCLUDE_FILE(*crtend.o) .ctors)
 *(SORT_BY_NAME(.ctors.*))
 *crtend.o(.ctors)
                0x000000c0                . = ALIGN (0x4)
 *(.fini)
 .fini          0x000000c0        0x4 c:/program files/microchip/xc32/v4.00/bin/bin/../../lib/gcc/pic32c/8.3.1/thumb/v6-m/nofp/crti.o
                0x000000c0                _fini
 .fini          0x000000c4        0x8 c:/program files/microchip/xc32/v4.00/bin/bin/../../lib/gcc/pic32c/8.3.1/thumb/v6-m/nofp/crtn.o
                0x000000cc                . = ALIGN (0x4)
                0x000000cc                __fini_array_start = .
 *(.fini_array)
 .fini_array    0x000000cc        0x4 c:/program files/microchip/xc32/v4.00/bin/bin/../../lib/gcc/pic32c/8.3.1/thumb/v6-m/nofp/crtbegin.o
 *(SORT_BY_NAME(.fini_array.*))
                0x000000d0                __fini_array_end = .
 *crtbegin.o(.dtors)
 *(EXCLUDE_FILE(*crtend.o) .dtors)
 *(SORT_BY_NAME(.dtors.*))
 *crtend.o(.dtors)
                0x000000d0                . = ALIGN (0x4)
                0x000000d0                _efixed = .
                [!provide]                PROVIDE (__exidx_start = .)

.ARM.exidx
 *(.ARM.exidx* .gnu.linkonce.armexidx.*)
                [!provide]                PROVIDE (__exidx_end = .)
                0x000000d0                . = ALIGN (0x4)
                0x000000d0                _etext = .

.bss            0x20000000        0x0
                0x20000000                . = ALIGN (0x4)
                0x20000000                __bss_start__ = .
                0x20000000                _sbss = .
                0x20000000                _szero = .
 *(COMMON)
                0x20000000                . = ALIGN (0x4)
                0x20000000                __bss_end__ = .
                0x20000000                _ebss = .
                0x20000000                _ezero = .
                0x20000000                . = ALIGN (0x4)
                0x20000000                _end = .
                0x20007fff                _ram_end_ = ((ORIGIN (ram) + LENGTH (ram)) - 0x1)
                0x00000200                _min_heap_size = 0x200
START GROUP
LOAD c:/program files/microchip/xc32/v4.00/bin/bin/../../lib/gcc/pic32c/8.3.1/../../../../pic32c/lib/thumb/v6-m/nofp\libpic32c.a
LOAD c:/program files/microchip/xc32/v4.00/bin/bin/../../lib/gcc/pic32c/8.3.1/../../../../pic32c/lib/thumb/v6-m/nofp\libm-emfloat.a
LOAD c:/program files/microchip/xc32/v4.00/bin/bin/../../lib/gcc/pic32c/8.3.1/../../../../pic32c/lib/thumb/v6-m/nofp\libc-musl.a
LOAD c:/program files/microchip/xc32/v4.00/bin/bin/../../lib/gcc/pic32c/8.3.1/../../../../pic32c/lib/thumb/v6-m/nofp\libm-emfloat.a
LOAD c:/program files/microchip/xc32/v4.00/bin/bin/../../lib/gcc/pic32c/8.3.1/thumb/v6-m/nofp\libgcc.a
END GROUP
LOAD c:/program files/microchip/xc32/v4.00/bin/bin/../../lib/gcc/pic32c/8.3.1/thumb/v6-m/nofp/crtend.o
LOAD c:/program files/microchip/xc32/v4.00/bin/bin/../../lib/gcc/pic32c/8.3.1/thumb/v6-m/nofp/crtn.o
OUTPUT(dist/Trinket_USB_2/production/USB_2.X.production.elf elf32-littlearm)
LOAD stack
LOAD data_init

.ARM.attributes
                0x00000000       0x2c
 .ARM.attributes
                0x00000000       0x1e c:/program files/microchip/xc32/v4.00/bin/bin/../../lib/gcc/pic32c/8.3.1/thumb/v6-m/nofp/crti.o
 .ARM.attributes
                0x0000001e       0x2c c:/program files/microchip/xc32/v4.00/bin/bin/../../lib/gcc/pic32c/8.3.1/thumb/v6-m/nofp/crtbegin.o
 .ARM.attributes
                0x0000004a       0x2c build/Trinket_USB_2/production/_ext/2108104030/drv_usbfsv1.o
 .ARM.attributes
                0x00000076       0x2c build/Trinket_USB_2/production/_ext/2108104030/drv_usbfsv1_device.o
 .ARM.attributes
                0x000000a2       0x2c build/Trinket_USB_2/production/_ext/1796475310/plib_clock.o
 .ARM.attributes
                0x000000ce       0x2c build/Trinket_USB_2/production/_ext/1798624796/plib_evsys.o
 .ARM.attributes
                0x000000fa       0x2c build/Trinket_USB_2/production/_ext/58287938/plib_nvic.o
 .ARM.attributes
                0x00000126       0x2c build/Trinket_USB_2/production/_ext/1292982576/plib_nvmctrl.o
 .ARM.attributes
                0x00000152       0x2c build/Trinket_USB_2/production/_ext/58341089/plib_port.o
 .ARM.attributes
                0x0000017e       0x2c build/Trinket_USB_2/production/_ext/1961919639/sys_int.o
 .ARM.attributes
                0x000001aa       0x2c build/Trinket_USB_2/production/_ext/1390297478/usb_device.o
 .ARM.attributes
                0x000001d6       0x2c build/Trinket_USB_2/production/_ext/1390297478/usb_device_cdc.o
 .ARM.attributes
                0x00000202       0x2c build/Trinket_USB_2/production/_ext/1390297478/usb_device_cdc_acm.o
 .ARM.attributes
                0x0000022e       0x2c build/Trinket_USB_2/production/_ext/1189347772/initialization.o
 .ARM.attributes
                0x0000025a       0x2c build/Trinket_USB_2/production/_ext/1189347772/interrupts.o
 .ARM.attributes
                0x00000286       0x2c build/Trinket_USB_2/production/_ext/1189347772/exceptions.o
 .ARM.attributes
                0x000002b2       0x2c build/Trinket_USB_2/production/_ext/1189347772/startup_xc32.o
 .ARM.attributes
                0x000002de       0x32 build/Trinket_USB_2/production/_ext/1189347772/usb_device_init_data.o
 .ARM.attributes
                0x00000310       0x2c build/Trinket_USB_2/production/_ext/1189347772/tasks.o
 .ARM.attributes
                0x0000033c       0x2c build/Trinket_USB_2/production/_ext/1360937237/main.o
 .ARM.attributes
                0x00000368       0x2c build/Trinket_USB_2/production/_ext/1360937237/app_usb.o
 .ARM.attributes
                0x00000394       0x2c build/Trinket_USB_2/production/_ext/140417318/plib_dac.o
 .ARM.attributes
                0x000003c0       0x2c build/Trinket_USB_2/production/_ext/1390003407/plib_tc3.o
 .ARM.attributes
                0x000003ec       0x2c build/Trinket_USB_2/production/_ext/1909065425/sys_time.o
 .ARM.attributes
                0x00000418       0x2c c:/program files/microchip/xc32/v4.00/bin/bin/../../lib/gcc/pic32c/8.3.1/../../../../pic32c/lib/thumb/v6-m/nofp\libpic32c.a(data_init.o)
 .ARM.attributes
                0x00000444       0x2e c:/program files/microchip/xc32/v4.00/bin/bin/../../lib/gcc/pic32c/8.3.1/../../../../pic32c/lib/thumb/v6-m/nofp\libc-musl.a(__libc_start_main.o)
 .ARM.attributes
                0x00000472       0x2e c:/program files/microchip/xc32/v4.00/bin/bin/../../lib/gcc/pic32c/8.3.1/../../../../pic32c/lib/thumb/v6-m/nofp\libc-musl.a(libc.o)
 .ARM.attributes
                0x000004a0       0x2e c:/program files/microchip/xc32/v4.00/bin/bin/../../lib/gcc/pic32c/8.3.1/../../../../pic32c/lib/thumb/v6-m/nofp\libc-musl.a(memcpy.o)
 .ARM.attributes
                0x000004ce       0x2e c:/program files/microchip/xc32/v4.00/bin/bin/../../lib/gcc/pic32c/8.3.1/../../../../pic32c/lib/thumb/v6-m/nofp\libc-musl.a(memset.o)
 .ARM.attributes
                0x000004fc       0x2e c:/program files/microchip/xc32/v4.00/bin/bin/../../lib/gcc/pic32c/8.3.1/../../../../pic32c/lib/thumb/v6-m/nofp\libc-musl.a(__environ.o)
 .ARM.attributes
                0x0000052a       0x1e c:/program files/microchip/xc32/v4.00/bin/bin/../../lib/gcc/pic32c/8.3.1/thumb/v6-m/nofp\libgcc.a(_udivsi3.o)
 .ARM.attributes
                0x00000548       0x1e c:/program files/microchip/xc32/v4.00/bin/bin/../../lib/gcc/pic32c/8.3.1/thumb/v6-m/nofp\libgcc.a(_divsi3.o)
 .ARM.attributes
                0x00000566       0x1e c:/program files/microchip/xc32/v4.00/bin/bin/../../lib/gcc/pic32c/8.3.1/thumb/v6-m/nofp\libgcc.a(_dvmd_tls.o)
 .ARM.attributes
                0x00000584       0x1e c:/program files/microchip/xc32/v4.00/bin/bin/../../lib/gcc/pic32c/8.3.1/thumb/v6-m/nofp/crtn.o

.comment        0x00000000       0x53
 .comment       0x00000000       0x53 c:/program files/microchip/xc32/v4.00/bin/bin/../../lib/gcc/pic32c/8.3.1/thumb/v6-m/nofp/crtbegin.o
                                 0x54 (size before relaxing)
 .comment       0x00000053       0x54 build/Trinket_USB_2/production/_ext/2108104030/drv_usbfsv1.o
 .comment       0x00000053       0x54 build/Trinket_USB_2/production/_ext/2108104030/drv_usbfsv1_device.o
 .comment       0x00000053       0x54 build/Trinket_USB_2/production/_ext/1796475310/plib_clock.o
 .comment       0x00000053       0x54 build/Trinket_USB_2/production/_ext/1798624796/plib_evsys.o
 .comment       0x00000053       0x54 build/Trinket_USB_2/production/_ext/58287938/plib_nvic.o
 .comment       0x00000053       0x54 build/Trinket_USB_2/production/_ext/1292982576/plib_nvmctrl.o
 .comment       0x00000053       0x54 build/Trinket_USB_2/production/_ext/58341089/plib_port.o
 .comment       0x00000053       0x54 build/Trinket_USB_2/production/_ext/1961919639/sys_int.o
 .comment       0x00000053       0x54 build/Trinket_USB_2/production/_ext/1390297478/usb_device.o
 .comment       0x00000053       0x54 build/Trinket_USB_2/production/_ext/1390297478/usb_device_cdc.o
 .comment       0x00000053       0x54 build/Trinket_USB_2/production/_ext/1390297478/usb_device_cdc_acm.o
 .comment       0x00000053       0x54 build/Trinket_USB_2/production/_ext/1189347772/initialization.o
 .comment       0x00000053       0x54 build/Trinket_USB_2/production/_ext/1189347772/interrupts.o
 .comment       0x00000053       0x54 build/Trinket_USB_2/production/_ext/1189347772/exceptions.o
 .comment       0x00000053       0x54 build/Trinket_USB_2/production/_ext/1189347772/startup_xc32.o
 .comment       0x00000053       0x54 build/Trinket_USB_2/production/_ext/1189347772/usb_device_init_data.o
 .comment       0x00000053       0x54 build/Trinket_USB_2/production/_ext/1189347772/tasks.o
 .comment       0x00000053       0x54 build/Trinket_USB_2/production/_ext/1360937237/main.o
 .comment       0x00000053       0x54 build/Trinket_USB_2/production/_ext/1360937237/app_usb.o
 .comment       0x00000053       0x54 build/Trinket_USB_2/production/_ext/140417318/plib_dac.o
 .comment       0x00000053       0x54 build/Trinket_USB_2/production/_ext/1390003407/plib_tc3.o
 .comment       0x00000053       0x54 build/Trinket_USB_2/production/_ext/1909065425/sys_time.o
 .comment       0x00000053       0x54 c:/program files/microchip/xc32/v4.00/bin/bin/../../lib/gcc/pic32c/8.3.1/../../../../pic32c/lib/thumb/v6-m/nofp\libpic32c.a(data_init.o)
 .comment       0x00000053       0x54 c:/program files/microchip/xc32/v4.00/bin/bin/../../lib/gcc/pic32c/8.3.1/../../../../pic32c/lib/thumb/v6-m/nofp\libc-musl.a(__libc_start_main.o)
 .comment       0x00000053       0x54 c:/program files/microchip/xc32/v4.00/bin/bin/../../lib/gcc/pic32c/8.3.1/../../../../pic32c/lib/thumb/v6-m/nofp\libc-musl.a(libc.o)
 .comment       0x00000053       0x54 c:/program files/microchip/xc32/v4.00/bin/bin/../../lib/gcc/pic32c/8.3.1/../../../../pic32c/lib/thumb/v6-m/nofp\libc-musl.a(memcpy.o)
 .comment       0x00000053       0x54 c:/program files/microchip/xc32/v4.00/bin/bin/../../lib/gcc/pic32c/8.3.1/../../../../pic32c/lib/thumb/v6-m/nofp\libc-musl.a(memset.o)
 .comment       0x00000053       0x54 c:/program files/microchip/xc32/v4.00/bin/bin/../../lib/gcc/pic32c/8.3.1/../../../../pic32c/lib/thumb/v6-m/nofp\libc-musl.a(__environ.o)

.debug_info     0x00000000    0x37c72
 .debug_info    0x00000000     0x56a9 build/Trinket_USB_2/production/_ext/2108104030/drv_usbfsv1.o
 .debug_info    0x000056a9     0x6704 build/Trinket_USB_2/production/_ext/2108104030/drv_usbfsv1_device.o
 .debug_info    0x0000bdad      0xa66 build/Trinket_USB_2/production/_ext/1796475310/plib_clock.o
 .debug_info    0x0000c813      0x34c build/Trinket_USB_2/production/_ext/1798624796/plib_evsys.o
 .debug_info    0x0000cb5f      0xa62 build/Trinket_USB_2/production/_ext/58287938/plib_nvic.o
 .debug_info    0x0000d5c1      0x8dd build/Trinket_USB_2/production/_ext/1292982576/plib_nvmctrl.o
 .debug_info    0x0000de9e      0xbee build/Trinket_USB_2/production/_ext/58341089/plib_port.o
 .debug_info    0x0000ea8c      0x9a6 build/Trinket_USB_2/production/_ext/1961919639/sys_int.o
 .debug_info    0x0000f432     0x5df2 build/Trinket_USB_2/production/_ext/1390297478/usb_device.o
 .debug_info    0x00015224     0x3e86 build/Trinket_USB_2/production/_ext/1390297478/usb_device_cdc.o
 .debug_info    0x000190aa     0x1951 build/Trinket_USB_2/production/_ext/1390297478/usb_device_cdc_acm.o
 .debug_info    0x0001a9fb     0x408b build/Trinket_USB_2/production/_ext/1189347772/initialization.o
 .debug_info    0x0001ea86     0x3465 build/Trinket_USB_2/production/_ext/1189347772/interrupts.o
 .debug_info    0x00021eeb     0x2eee build/Trinket_USB_2/production/_ext/1189347772/exceptions.o
 .debug_info    0x00024dd9      0x4e0 build/Trinket_USB_2/production/_ext/1189347772/startup_xc32.o
 .debug_info    0x000252b9     0x3968 build/Trinket_USB_2/production/_ext/1189347772/usb_device_init_data.o
 .debug_info    0x00028c21     0x2f03 build/Trinket_USB_2/production/_ext/1189347772/tasks.o
 .debug_info    0x0002bb24     0x2edd build/Trinket_USB_2/production/_ext/1360937237/main.o
 .debug_info    0x0002ea01     0x401d build/Trinket_USB_2/production/_ext/1360937237/app_usb.o
 .debug_info    0x00032a1e      0x50a build/Trinket_USB_2/production/_ext/140417318/plib_dac.o
 .debug_info    0x00032f28      0xc7a build/Trinket_USB_2/production/_ext/1390003407/plib_tc3.o
 .debug_info    0x00033ba2     0x25a3 build/Trinket_USB_2/production/_ext/1909065425/sys_time.o
 .debug_info    0x00036145      0x2d1 c:/program files/microchip/xc32/v4.00/bin/bin/../../lib/gcc/pic32c/8.3.1/../../../../pic32c/lib/thumb/v6-m/nofp\libpic32c.a(data_init.o)
 .debug_info    0x00036416      0x6a9 c:/program files/microchip/xc32/v4.00/bin/bin/../../lib/gcc/pic32c/8.3.1/../../../../pic32c/lib/thumb/v6-m/nofp\libc-musl.a(__libc_start_main.o)
 .debug_info    0x00036abf      0x5d5 c:/program files/microchip/xc32/v4.00/bin/bin/../../lib/gcc/pic32c/8.3.1/../../../../pic32c/lib/thumb/v6-m/nofp\libc-musl.a(libc.o)
 .debug_info    0x00037094      0x30e c:/program files/microchip/xc32/v4.00/bin/bin/../../lib/gcc/pic32c/8.3.1/../../../../pic32c/lib/thumb/v6-m/nofp\libc-musl.a(memcpy.o)
 .debug_info    0x000373a2      0x2d2 c:/program files/microchip/xc32/v4.00/bin/bin/../../lib/gcc/pic32c/8.3.1/../../../../pic32c/lib/thumb/v6-m/nofp\libc-musl.a(memset.o)
 .debug_info    0x00037674      0x58c c:/program files/microchip/xc32/v4.00/bin/bin/../../lib/gcc/pic32c/8.3.1/../../../../pic32c/lib/thumb/v6-m/nofp\libc-musl.a(__environ.o)
 .debug_info    0x00037c00       0x26 c:/program files/microchip/xc32/v4.00/bin/bin/../../lib/gcc/pic32c/8.3.1/thumb/v6-m/nofp\libgcc.a(_udivsi3.o)
 .debug_info    0x00037c26       0x26 c:/program files/microchip/xc32/v4.00/bin/bin/../../lib/gcc/pic32c/8.3.1/thumb/v6-m/nofp\libgcc.a(_divsi3.o)
 .debug_info    0x00037c4c       0x26 c:/program files/microchip/xc32/v4.00/bin/bin/../../lib/gcc/pic32c/8.3.1/thumb/v6-m/nofp\libgcc.a(_dvmd_tls.o)

.debug_abbrev   0x00000000     0x3ee1
 .debug_abbrev  0x00000000      0x4e5 build/Trinket_USB_2/production/_ext/2108104030/drv_usbfsv1.o
 .debug_abbrev  0x000004e5      0x5ed build/Trinket_USB_2/production/_ext/2108104030/drv_usbfsv1_device.o
 .debug_abbrev  0x00000ad2      0x13e build/Trinket_USB_2/production/_ext/1796475310/plib_clock.o
 .debug_abbrev  0x00000c10       0x3b build/Trinket_USB_2/production/_ext/1798624796/plib_evsys.o
 .debug_abbrev  0x00000c4b      0x1e1 build/Trinket_USB_2/production/_ext/58287938/plib_nvic.o
 .debug_abbrev  0x00000e2c      0x1b1 build/Trinket_USB_2/production/_ext/1292982576/plib_nvmctrl.o
 .debug_abbrev  0x00000fdd      0x1d6 build/Trinket_USB_2/production/_ext/58341089/plib_port.o
 .debug_abbrev  0x000011b3      0x246 build/Trinket_USB_2/production/_ext/1961919639/sys_int.o
 .debug_abbrev  0x000013f9      0x4e6 build/Trinket_USB_2/production/_ext/1390297478/usb_device.o
 .debug_abbrev  0x000018df      0x505 build/Trinket_USB_2/production/_ext/1390297478/usb_device_cdc.o
 .debug_abbrev  0x00001de4      0x205 build/Trinket_USB_2/production/_ext/1390297478/usb_device_cdc_acm.o
 .debug_abbrev  0x00001fe9      0x2df build/Trinket_USB_2/production/_ext/1189347772/initialization.o
 .debug_abbrev  0x000022c8      0x21d build/Trinket_USB_2/production/_ext/1189347772/interrupts.o
 .debug_abbrev  0x000024e5      0x1ff build/Trinket_USB_2/production/_ext/1189347772/exceptions.o
 .debug_abbrev  0x000026e4      0x110 build/Trinket_USB_2/production/_ext/1189347772/startup_xc32.o
 .debug_abbrev  0x000027f4      0x248 build/Trinket_USB_2/production/_ext/1189347772/usb_device_init_data.o
 .debug_abbrev  0x00002a3c      0x231 build/Trinket_USB_2/production/_ext/1189347772/tasks.o
 .debug_abbrev  0x00002c6d      0x238 build/Trinket_USB_2/production/_ext/1360937237/main.o
 .debug_abbrev  0x00002ea5      0x394 build/Trinket_USB_2/production/_ext/1360937237/app_usb.o
 .debug_abbrev  0x00003239       0xc9 build/Trinket_USB_2/production/_ext/140417318/plib_dac.o
 .debug_abbrev  0x00003302      0x1e8 build/Trinket_USB_2/production/_ext/1390003407/plib_tc3.o
 .debug_abbrev  0x000034ea      0x5a6 build/Trinket_USB_2/production/_ext/1909065425/sys_time.o
 .debug_abbrev  0x00003a90       0x2e c:/program files/microchip/xc32/v4.00/bin/bin/../../lib/gcc/pic32c/8.3.1/../../../../pic32c/lib/thumb/v6-m/nofp\libpic32c.a(data_init.o)
 .debug_abbrev  0x00003abe      0x126 c:/program files/microchip/xc32/v4.00/bin/bin/../../lib/gcc/pic32c/8.3.1/../../../../pic32c/lib/thumb/v6-m/nofp\libc-musl.a(__libc_start_main.o)
 .debug_abbrev  0x00003be4       0xc7 c:/program files/microchip/xc32/v4.00/bin/bin/../../lib/gcc/pic32c/8.3.1/../../../../pic32c/lib/thumb/v6-m/nofp\libc-musl.a(libc.o)
 .debug_abbrev  0x00003cab       0x9c c:/program files/microchip/xc32/v4.00/bin/bin/../../lib/gcc/pic32c/8.3.1/../../../../pic32c/lib/thumb/v6-m/nofp\libc-musl.a(memcpy.o)
 .debug_abbrev  0x00003d47       0x97 c:/program files/microchip/xc32/v4.00/bin/bin/../../lib/gcc/pic32c/8.3.1/../../../../pic32c/lib/thumb/v6-m/nofp\libc-musl.a(memset.o)
 .debug_abbrev  0x00003dde       0xc7 c:/program files/microchip/xc32/v4.00/bin/bin/../../lib/gcc/pic32c/8.3.1/../../../../pic32c/lib/thumb/v6-m/nofp\libc-musl.a(__environ.o)
 .debug_abbrev  0x00003ea5       0x14 c:/program files/microchip/xc32/v4.00/bin/bin/../../lib/gcc/pic32c/8.3.1/thumb/v6-m/nofp\libgcc.a(_udivsi3.o)
 .debug_abbrev  0x00003eb9       0x14 c:/program files/microchip/xc32/v4.00/bin/bin/../../lib/gcc/pic32c/8.3.1/thumb/v6-m/nofp\libgcc.a(_divsi3.o)
 .debug_abbrev  0x00003ecd       0x14 c:/program files/microchip/xc32/v4.00/bin/bin/../../lib/gcc/pic32c/8.3.1/thumb/v6-m/nofp\libgcc.a(_dvmd_tls.o)

.debug_loc      0x00000000     0xaf38
 .debug_loc     0x00000000      0x7f5 build/Trinket_USB_2/production/_ext/2108104030/drv_usbfsv1.o
 .debug_loc     0x000007f5     0x2c1d build/Trinket_USB_2/production/_ext/2108104030/drv_usbfsv1_device.o
 .debug_loc     0x00003412       0x8e build/Trinket_USB_2/production/_ext/1796475310/plib_clock.o
 .debug_loc     0x000034a0       0xb2 build/Trinket_USB_2/production/_ext/58287938/plib_nvic.o
 .debug_loc     0x00003552      0x2f9 build/Trinket_USB_2/production/_ext/1292982576/plib_nvmctrl.o
 .debug_loc     0x0000384b      0x246 build/Trinket_USB_2/production/_ext/58341089/plib_port.o
 .debug_loc     0x00003a91      0x17d build/Trinket_USB_2/production/_ext/1961919639/sys_int.o
 .debug_loc     0x00003c0e     0x2fc0 build/Trinket_USB_2/production/_ext/1390297478/usb_device.o
 .debug_loc     0x00006bce     0x17ca build/Trinket_USB_2/production/_ext/1390297478/usb_device_cdc.o
 .debug_loc     0x00008398      0x260 build/Trinket_USB_2/production/_ext/1390297478/usb_device_cdc_acm.o
 .debug_loc     0x000085f8       0x45 build/Trinket_USB_2/production/_ext/1189347772/initialization.o
 .debug_loc     0x0000863d       0x20 build/Trinket_USB_2/production/_ext/1189347772/startup_xc32.o
 .debug_loc     0x0000865d       0x20 build/Trinket_USB_2/production/_ext/1189347772/tasks.o
 .debug_loc     0x0000867d       0x20 build/Trinket_USB_2/production/_ext/1360937237/main.o
 .debug_loc     0x0000869d      0x549 build/Trinket_USB_2/production/_ext/1360937237/app_usb.o
 .debug_loc     0x00008be6       0x25 build/Trinket_USB_2/production/_ext/140417318/plib_dac.o
 .debug_loc     0x00008c0b       0x5f build/Trinket_USB_2/production/_ext/1390003407/plib_tc3.o
 .debug_loc     0x00008c6a     0x20d3 build/Trinket_USB_2/production/_ext/1909065425/sys_time.o
 .debug_loc     0x0000ad3d       0x14 c:/program files/microchip/xc32/v4.00/bin/bin/../../lib/gcc/pic32c/8.3.1/../../../../pic32c/lib/thumb/v6-m/nofp\libpic32c.a(data_init.o)
 .debug_loc     0x0000ad51       0x5e c:/program files/microchip/xc32/v4.00/bin/bin/../../lib/gcc/pic32c/8.3.1/../../../../pic32c/lib/thumb/v6-m/nofp\libc-musl.a(__libc_start_main.o)
 .debug_loc     0x0000adaf      0x109 c:/program files/microchip/xc32/v4.00/bin/bin/../../lib/gcc/pic32c/8.3.1/../../../../pic32c/lib/thumb/v6-m/nofp\libc-musl.a(memcpy.o)
 .debug_loc     0x0000aeb8       0x80 c:/program files/microchip/xc32/v4.00/bin/bin/../../lib/gcc/pic32c/8.3.1/../../../../pic32c/lib/thumb/v6-m/nofp\libc-musl.a(memset.o)

.debug_aranges  0x00000000      0x908
 .debug_aranges
                0x00000000       0x80 build/Trinket_USB_2/production/_ext/2108104030/drv_usbfsv1.o
 .debug_aranges
                0x00000080       0xb8 build/Trinket_USB_2/production/_ext/2108104030/drv_usbfsv1_device.o
 .debug_aranges
                0x00000138       0x20 build/Trinket_USB_2/production/_ext/1796475310/plib_clock.o
 .debug_aranges
                0x00000158       0x20 build/Trinket_USB_2/production/_ext/1798624796/plib_evsys.o
 .debug_aranges
                0x00000178       0x38 build/Trinket_USB_2/production/_ext/58287938/plib_nvic.o
 .debug_aranges
                0x000001b0       0x70 build/Trinket_USB_2/production/_ext/1292982576/plib_nvmctrl.o
 .debug_aranges
                0x00000220       0x70 build/Trinket_USB_2/production/_ext/58341089/plib_port.o
 .debug_aranges
                0x00000290       0x40 build/Trinket_USB_2/production/_ext/1961919639/sys_int.o
 .debug_aranges
                0x000002d0      0x1a0 build/Trinket_USB_2/production/_ext/1390297478/usb_device.o
 .debug_aranges
                0x00000470       0x88 build/Trinket_USB_2/production/_ext/1390297478/usb_device_cdc.o
 .debug_aranges
                0x000004f8       0x20 build/Trinket_USB_2/production/_ext/1390297478/usb_device_cdc_acm.o
 .debug_aranges
                0x00000518       0x20 build/Trinket_USB_2/production/_ext/1189347772/initialization.o
 .debug_aranges
                0x00000538       0x20 build/Trinket_USB_2/production/_ext/1189347772/interrupts.o
 .debug_aranges
                0x00000558       0x28 build/Trinket_USB_2/production/_ext/1189347772/exceptions.o
 .debug_aranges
                0x00000580       0x28 build/Trinket_USB_2/production/_ext/1189347772/startup_xc32.o
 .debug_aranges
                0x000005a8       0x18 build/Trinket_USB_2/production/_ext/1189347772/usb_device_init_data.o
 .debug_aranges
                0x000005c0       0x20 build/Trinket_USB_2/production/_ext/1189347772/tasks.o
 .debug_aranges
                0x000005e0       0x20 build/Trinket_USB_2/production/_ext/1360937237/main.o
 .debug_aranges
                0x00000600       0x48 build/Trinket_USB_2/production/_ext/1360937237/app_usb.o
 .debug_aranges
                0x00000648       0x28 build/Trinket_USB_2/production/_ext/140417318/plib_dac.o
 .debug_aranges
                0x00000670       0x78 build/Trinket_USB_2/production/_ext/1390003407/plib_tc3.o
 .debug_aranges
                0x000006e8      0x108 build/Trinket_USB_2/production/_ext/1909065425/sys_time.o
 .debug_aranges
                0x000007f0       0x20 c:/program files/microchip/xc32/v4.00/bin/bin/../../lib/gcc/pic32c/8.3.1/../../../../pic32c/lib/thumb/v6-m/nofp\libpic32c.a(data_init.o)
 .debug_aranges
                0x00000810       0x28 c:/program files/microchip/xc32/v4.00/bin/bin/../../lib/gcc/pic32c/8.3.1/../../../../pic32c/lib/thumb/v6-m/nofp\libc-musl.a(__libc_start_main.o)
 .debug_aranges
                0x00000838       0x18 c:/program files/microchip/xc32/v4.00/bin/bin/../../lib/gcc/pic32c/8.3.1/../../../../pic32c/lib/thumb/v6-m/nofp\libc-musl.a(libc.o)
 .debug_aranges
                0x00000850       0x20 c:/program files/microchip/xc32/v4.00/bin/bin/../../lib/gcc/pic32c/8.3.1/../../../../pic32c/lib/thumb/v6-m/nofp\libc-musl.a(memcpy.o)
 .debug_aranges
                0x00000870       0x20 c:/program files/microchip/xc32/v4.00/bin/bin/../../lib/gcc/pic32c/8.3.1/../../../../pic32c/lib/thumb/v6-m/nofp\libc-musl.a(memset.o)
 .debug_aranges
                0x00000890       0x18 c:/program files/microchip/xc32/v4.00/bin/bin/../../lib/gcc/pic32c/8.3.1/../../../../pic32c/lib/thumb/v6-m/nofp\libc-musl.a(__environ.o)
 .debug_aranges
                0x000008a8       0x20 c:/program files/microchip/xc32/v4.00/bin/bin/../../lib/gcc/pic32c/8.3.1/thumb/v6-m/nofp\libgcc.a(_udivsi3.o)
 .debug_aranges
                0x000008c8       0x20 c:/program files/microchip/xc32/v4.00/bin/bin/../../lib/gcc/pic32c/8.3.1/thumb/v6-m/nofp\libgcc.a(_divsi3.o)
 .debug_aranges
                0x000008e8       0x20 c:/program files/microchip/xc32/v4.00/bin/bin/../../lib/gcc/pic32c/8.3.1/thumb/v6-m/nofp\libgcc.a(_dvmd_tls.o)

.debug_ranges   0x00000000      0x8c0
 .debug_ranges  0x00000000       0x70 build/Trinket_USB_2/production/_ext/2108104030/drv_usbfsv1.o
 .debug_ranges  0x00000070      0x168 build/Trinket_USB_2/production/_ext/2108104030/drv_usbfsv1_device.o
 .debug_ranges  0x000001d8       0x28 build/Trinket_USB_2/production/_ext/1796475310/plib_clock.o
 .debug_ranges  0x00000200       0x10 build/Trinket_USB_2/production/_ext/1798624796/plib_evsys.o
 .debug_ranges  0x00000210       0x28 build/Trinket_USB_2/production/_ext/58287938/plib_nvic.o
 .debug_ranges  0x00000238       0x60 build/Trinket_USB_2/production/_ext/1292982576/plib_nvmctrl.o
 .debug_ranges  0x00000298       0x60 build/Trinket_USB_2/production/_ext/58341089/plib_port.o
 .debug_ranges  0x000002f8       0x48 build/Trinket_USB_2/production/_ext/1961919639/sys_int.o
 .debug_ranges  0x00000340      0x190 build/Trinket_USB_2/production/_ext/1390297478/usb_device.o
 .debug_ranges  0x000004d0       0xc0 build/Trinket_USB_2/production/_ext/1390297478/usb_device_cdc.o
 .debug_ranges  0x00000590       0x10 build/Trinket_USB_2/production/_ext/1390297478/usb_device_cdc_acm.o
 .debug_ranges  0x000005a0       0x10 build/Trinket_USB_2/production/_ext/1189347772/initialization.o
 .debug_ranges  0x000005b0       0x10 build/Trinket_USB_2/production/_ext/1189347772/interrupts.o
 .debug_ranges  0x000005c0       0x18 build/Trinket_USB_2/production/_ext/1189347772/exceptions.o
 .debug_ranges  0x000005d8       0x18 build/Trinket_USB_2/production/_ext/1189347772/startup_xc32.o
 .debug_ranges  0x000005f0       0x10 build/Trinket_USB_2/production/_ext/1189347772/tasks.o
 .debug_ranges  0x00000600       0x10 build/Trinket_USB_2/production/_ext/1360937237/main.o
 .debug_ranges  0x00000610       0x38 build/Trinket_USB_2/production/_ext/1360937237/app_usb.o
 .debug_ranges  0x00000648       0x18 build/Trinket_USB_2/production/_ext/140417318/plib_dac.o
 .debug_ranges  0x00000660       0x68 build/Trinket_USB_2/production/_ext/1390003407/plib_tc3.o
 .debug_ranges  0x000006c8      0x198 build/Trinket_USB_2/production/_ext/1909065425/sys_time.o
 .debug_ranges  0x00000860       0x10 c:/program files/microchip/xc32/v4.00/bin/bin/../../lib/gcc/pic32c/8.3.1/../../../../pic32c/lib/thumb/v6-m/nofp\libpic32c.a(data_init.o)
 .debug_ranges  0x00000870       0x30 c:/program files/microchip/xc32/v4.00/bin/bin/../../lib/gcc/pic32c/8.3.1/../../../../pic32c/lib/thumb/v6-m/nofp\libc-musl.a(__libc_start_main.o)
 .debug_ranges  0x000008a0       0x10 c:/program files/microchip/xc32/v4.00/bin/bin/../../lib/gcc/pic32c/8.3.1/../../../../pic32c/lib/thumb/v6-m/nofp\libc-musl.a(memcpy.o)
 .debug_ranges  0x000008b0       0x10 c:/program files/microchip/xc32/v4.00/bin/bin/../../lib/gcc/pic32c/8.3.1/../../../../pic32c/lib/thumb/v6-m/nofp\libc-musl.a(memset.o)

.debug_line     0x00000000     0x9bf6
 .debug_line    0x00000000      0x9b8 build/Trinket_USB_2/production/_ext/2108104030/drv_usbfsv1.o
 .debug_line    0x000009b8     0x1eeb build/Trinket_USB_2/production/_ext/2108104030/drv_usbfsv1_device.o
 .debug_line    0x000028a3      0x1f2 build/Trinket_USB_2/production/_ext/1796475310/plib_clock.o
 .debug_line    0x00002a95       0x6c build/Trinket_USB_2/production/_ext/1798624796/plib_evsys.o
 .debug_line    0x00002b01      0x2e8 build/Trinket_USB_2/production/_ext/58287938/plib_nvic.o
 .debug_line    0x00002de9      0x2f0 build/Trinket_USB_2/production/_ext/1292982576/plib_nvmctrl.o
 .debug_line    0x000030d9      0x2c0 build/Trinket_USB_2/production/_ext/58341089/plib_port.o
 .debug_line    0x00003399      0x2d7 build/Trinket_USB_2/production/_ext/1961919639/sys_int.o
 .debug_line    0x00003670     0x18f2 build/Trinket_USB_2/production/_ext/1390297478/usb_device.o
 .debug_line    0x00004f62      0xcd8 build/Trinket_USB_2/production/_ext/1390297478/usb_device_cdc.o
 .debug_line    0x00005c3a      0x252 build/Trinket_USB_2/production/_ext/1390297478/usb_device_cdc_acm.o
 .debug_line    0x00005e8c      0x5dc build/Trinket_USB_2/production/_ext/1189347772/initialization.o
 .debug_line    0x00006468      0x365 build/Trinket_USB_2/production/_ext/1189347772/interrupts.o
 .debug_line    0x000067cd      0x366 build/Trinket_USB_2/production/_ext/1189347772/exceptions.o
 .debug_line    0x00006b33      0x15f build/Trinket_USB_2/production/_ext/1189347772/startup_xc32.o
 .debug_line    0x00006c92      0x352 build/Trinket_USB_2/production/_ext/1189347772/usb_device_init_data.o
 .debug_line    0x00006fe4      0x367 build/Trinket_USB_2/production/_ext/1189347772/tasks.o
 .debug_line    0x0000734b      0x354 build/Trinket_USB_2/production/_ext/1360937237/main.o
 .debug_line    0x0000769f      0x780 build/Trinket_USB_2/production/_ext/1360937237/app_usb.o
 .debug_line    0x00007e1f      0x145 build/Trinket_USB_2/production/_ext/140417318/plib_dac.o
 .debug_line    0x00007f64      0x340 build/Trinket_USB_2/production/_ext/1390003407/plib_tc3.o
 .debug_line    0x000082a4      0xf3d build/Trinket_USB_2/production/_ext/1909065425/sys_time.o
 .debug_line    0x000091e1      0x132 c:/program files/microchip/xc32/v4.00/bin/bin/../../lib/gcc/pic32c/8.3.1/../../../../pic32c/lib/thumb/v6-m/nofp\libpic32c.a(data_init.o)
 .debug_line    0x00009313      0x241 c:/program files/microchip/xc32/v4.00/bin/bin/../../lib/gcc/pic32c/8.3.1/../../../../pic32c/lib/thumb/v6-m/nofp\libc-musl.a(__libc_start_main.o)
 .debug_line    0x00009554      0x132 c:/program files/microchip/xc32/v4.00/bin/bin/../../lib/gcc/pic32c/8.3.1/../../../../pic32c/lib/thumb/v6-m/nofp\libc-musl.a(libc.o)
 .debug_line    0x00009686       0xf5 c:/program files/microchip/xc32/v4.00/bin/bin/../../lib/gcc/pic32c/8.3.1/../../../../pic32c/lib/thumb/v6-m/nofp\libc-musl.a(memcpy.o)
 .debug_line    0x0000977b       0xe9 c:/program files/microchip/xc32/v4.00/bin/bin/../../lib/gcc/pic32c/8.3.1/../../../../pic32c/lib/thumb/v6-m/nofp\libc-musl.a(memset.o)
 .debug_line    0x00009864      0x19f c:/program files/microchip/xc32/v4.00/bin/bin/../../lib/gcc/pic32c/8.3.1/../../../../pic32c/lib/thumb/v6-m/nofp\libc-musl.a(__environ.o)
 .debug_line    0x00009a03       0xa8 c:/program files/microchip/xc32/v4.00/bin/bin/../../lib/gcc/pic32c/8.3.1/thumb/v6-m/nofp\libgcc.a(_udivsi3.o)
 .debug_line    0x00009aab       0xaf c:/program files/microchip/xc32/v4.00/bin/bin/../../lib/gcc/pic32c/8.3.1/thumb/v6-m/nofp\libgcc.a(_divsi3.o)
 .debug_line    0x00009b5a       0x9c c:/program files/microchip/xc32/v4.00/bin/bin/../../lib/gcc/pic32c/8.3.1/thumb/v6-m/nofp\libgcc.a(_dvmd_tls.o)

.debug_str      0x00000000     0x1804
 .debug_str     0x00000000      0x325 build/Trinket_USB_2/production/_ext/2108104030/drv_usbfsv1.o
 .debug_str     0x00000325      0x2f4 build/Trinket_USB_2/production/_ext/2108104030/drv_usbfsv1_device.o
 .debug_str     0x00000619       0x28 build/Trinket_USB_2/production/_ext/1796475310/plib_clock.o
 .debug_str     0x00000641        0x0 build/Trinket_USB_2/production/_ext/1798624796/plib_evsys.o
 .debug_str     0x00000641        0xa build/Trinket_USB_2/production/_ext/58287938/plib_nvic.o
 .debug_str     0x0000064b       0x11 build/Trinket_USB_2/production/_ext/1292982576/plib_nvmctrl.o
 .debug_str     0x0000065c        0xb build/Trinket_USB_2/production/_ext/58341089/plib_port.o
 .debug_str     0x00000667       0x32 build/Trinket_USB_2/production/_ext/1961919639/sys_int.o
 .debug_str     0x00000699      0x2cc build/Trinket_USB_2/production/_ext/1390297478/usb_device.o
 .debug_str     0x00000965      0x1f5 build/Trinket_USB_2/production/_ext/1390297478/usb_device_cdc.o
 .debug_str     0x00000b5a       0x27 build/Trinket_USB_2/production/_ext/1390297478/usb_device_cdc_acm.o
 .debug_str     0x00000b81      0x283 build/Trinket_USB_2/production/_ext/1189347772/initialization.o
 .debug_str     0x00000e04       0x9c build/Trinket_USB_2/production/_ext/1189347772/interrupts.o
 .debug_str     0x00000ea0       0x9c build/Trinket_USB_2/production/_ext/1189347772/exceptions.o
 .debug_str     0x00000f3c       0x2f build/Trinket_USB_2/production/_ext/1189347772/startup_xc32.o
 .debug_str     0x00000f6b       0xd9 build/Trinket_USB_2/production/_ext/1189347772/usb_device_init_data.o
 .debug_str     0x00001044       0xcd build/Trinket_USB_2/production/_ext/1189347772/tasks.o
 .debug_str     0x00001111       0xb5 build/Trinket_USB_2/production/_ext/1360937237/main.o
 .debug_str     0x000011c6      0x1f9 build/Trinket_USB_2/production/_ext/1360937237/app_usb.o
 .debug_str     0x000013bf        0x0 build/Trinket_USB_2/production/_ext/140417318/plib_dac.o
 .debug_str     0x000013bf       0xa7 build/Trinket_USB_2/production/_ext/1390003407/plib_tc3.o
 .debug_str     0x00001466       0xd4 build/Trinket_USB_2/production/_ext/1909065425/sys_time.o
 .debug_str     0x0000153a        0x0 c:/program files/microchip/xc32/v4.00/bin/bin/../../lib/gcc/pic32c/8.3.1/../../../../pic32c/lib/thumb/v6-m/nofp\libpic32c.a(data_init.o)
 .debug_str     0x0000153a        0x0 c:/program files/microchip/xc32/v4.00/bin/bin/../../lib/gcc/pic32c/8.3.1/../../../../pic32c/lib/thumb/v6-m/nofp\libc-musl.a(__libc_start_main.o)
 .debug_str     0x0000153a        0x0 c:/program files/microchip/xc32/v4.00/bin/bin/../../lib/gcc/pic32c/8.3.1/../../../../pic32c/lib/thumb/v6-m/nofp\libc-musl.a(libc.o)
 .debug_str     0x0000153a        0x0 c:/program files/microchip/xc32/v4.00/bin/bin/../../lib/gcc/pic32c/8.3.1/../../../../pic32c/lib/thumb/v6-m/nofp\libc-musl.a(memcpy.o)
 .debug_str     0x0000153a        0x0 c:/program files/microchip/xc32/v4.00/bin/bin/../../lib/gcc/pic32c/8.3.1/../../../../pic32c/lib/thumb/v6-m/nofp\libc-musl.a(memset.o)
 .debug_str     0x0000153a        0x0 c:/program files/microchip/xc32/v4.00/bin/bin/../../lib/gcc/pic32c/8.3.1/../../../../pic32c/lib/thumb/v6-m/nofp\libc-musl.a(__environ.o)
 .debug_str     0x0000153a       0xee c:/program files/microchip/xc32/v4.00/bin/bin/../../lib/gcc/pic32c/8.3.1/thumb/v6-m/nofp\libgcc.a(_udivsi3.o)
 .debug_str     0x00001628       0xee c:/program files/microchip/xc32/v4.00/bin/bin/../../lib/gcc/pic32c/8.3.1/thumb/v6-m/nofp\libgcc.a(_divsi3.o)
 .debug_str     0x00001716       0xee c:/program files/microchip/xc32/v4.00/bin/bin/../../lib/gcc/pic32c/8.3.1/thumb/v6-m/nofp\libgcc.a(_dvmd_tls.o)

.debug_frame    0x00000000     0x1384
 .debug_frame   0x00000000      0x128 build/Trinket_USB_2/production/_ext/2108104030/drv_usbfsv1.o
 .debug_frame   0x00000128      0x21c build/Trinket_USB_2/production/_ext/2108104030/drv_usbfsv1_device.o
 .debug_frame   0x00000344       0x20 build/Trinket_USB_2/production/_ext/1796475310/plib_clock.o
 .debug_frame   0x00000364       0x20 build/Trinket_USB_2/production/_ext/1798624796/plib_evsys.o
 .debug_frame   0x00000384       0x50 build/Trinket_USB_2/production/_ext/58287938/plib_nvic.o
 .debug_frame   0x000003d4       0xd4 build/Trinket_USB_2/production/_ext/1292982576/plib_nvmctrl.o
 .debug_frame   0x000004a8       0xd4 build/Trinket_USB_2/production/_ext/58341089/plib_port.o
 .debug_frame   0x0000057c       0x84 build/Trinket_USB_2/production/_ext/1961919639/sys_int.o
 .debug_frame   0x00000600      0x524 build/Trinket_USB_2/production/_ext/1390297478/usb_device.o
 .debug_frame   0x00000b24      0x174 build/Trinket_USB_2/production/_ext/1390297478/usb_device_cdc.o
 .debug_frame   0x00000c98       0x28 build/Trinket_USB_2/production/_ext/1390297478/usb_device_cdc_acm.o
 .debug_frame   0x00000cc0       0x28 build/Trinket_USB_2/production/_ext/1189347772/initialization.o
 .debug_frame   0x00000ce8       0x20 build/Trinket_USB_2/production/_ext/1189347772/interrupts.o
 .debug_frame   0x00000d08       0x30 build/Trinket_USB_2/production/_ext/1189347772/exceptions.o
 .debug_frame   0x00000d38       0x38 build/Trinket_USB_2/production/_ext/1189347772/startup_xc32.o
 .debug_frame   0x00000d70       0x28 build/Trinket_USB_2/production/_ext/1189347772/tasks.o
 .debug_frame   0x00000d98       0x28 build/Trinket_USB_2/production/_ext/1360937237/main.o
 .debug_frame   0x00000dc0       0x9c build/Trinket_USB_2/production/_ext/1360937237/app_usb.o
 .debug_frame   0x00000e5c       0x30 build/Trinket_USB_2/production/_ext/140417318/plib_dac.o
 .debug_frame   0x00000e8c       0xd8 build/Trinket_USB_2/production/_ext/1390003407/plib_tc3.o
 .debug_frame   0x00000f64      0x32c build/Trinket_USB_2/production/_ext/1909065425/sys_time.o
 .debug_frame   0x00001290       0x34 c:/program files/microchip/xc32/v4.00/bin/bin/../../lib/gcc/pic32c/8.3.1/../../../../pic32c/lib/thumb/v6-m/nofp\libpic32c.a(data_init.o)
 .debug_frame   0x000012c4       0x38 c:/program files/microchip/xc32/v4.00/bin/bin/../../lib/gcc/pic32c/8.3.1/../../../../pic32c/lib/thumb/v6-m/nofp\libc-musl.a(__libc_start_main.o)
 .debug_frame   0x000012fc       0x28 c:/program files/microchip/xc32/v4.00/bin/bin/../../lib/gcc/pic32c/8.3.1/../../../../pic32c/lib/thumb/v6-m/nofp\libc-musl.a(memcpy.o)
 .debug_frame   0x00001324       0x20 c:/program files/microchip/xc32/v4.00/bin/bin/../../lib/gcc/pic32c/8.3.1/../../../../pic32c/lib/thumb/v6-m/nofp\libc-musl.a(memset.o)
 .debug_frame   0x00001344       0x20 c:/program files/microchip/xc32/v4.00/bin/bin/../../lib/gcc/pic32c/8.3.1/thumb/v6-m/nofp\libgcc.a(_udivsi3.o)
 .debug_frame   0x00001364       0x20 c:/program files/microchip/xc32/v4.00/bin/bin/../../lib/gcc/pic32c/8.3.1/thumb/v6-m/nofp\libgcc.a(_divsi3.o)

.note.GNU-stack
                0x00000000        0x0
 .note.GNU-stack
                0x00000000        0x0 c:/program files/microchip/xc32/v4.00/bin/bin/../../lib/gcc/pic32c/8.3.1/../../../../pic32c/lib/thumb/v6-m/nofp\libc-musl.a(__libc_start_main.o)
 .note.GNU-stack
                0x00000000        0x0 c:/program files/microchip/xc32/v4.00/bin/bin/../../lib/gcc/pic32c/8.3.1/../../../../pic32c/lib/thumb/v6-m/nofp\libc-musl.a(libc.o)
 .note.GNU-stack
                0x00000000        0x0 c:/program files/microchip/xc32/v4.00/bin/bin/../../lib/gcc/pic32c/8.3.1/../../../../pic32c/lib/thumb/v6-m/nofp\libc-musl.a(memcpy.o)
 .note.GNU-stack
                0x00000000        0x0 c:/program files/microchip/xc32/v4.00/bin/bin/../../lib/gcc/pic32c/8.3.1/../../../../pic32c/lib/thumb/v6-m/nofp\libc-musl.a(memset.o)
 .note.GNU-stack
                0x00000000        0x0 c:/program files/microchip/xc32/v4.00/bin/bin/../../lib/gcc/pic32c/8.3.1/../../../../pic32c/lib/thumb/v6-m/nofp\libc-musl.a(__environ.o)

.stack          0x20000b90      0x100
 .stack         0x20000b90      0x100 stack

.bss.cdcReadBuffer%1
                0x20000000      0x200
 .bss.cdcReadBuffer
                0x20000000      0x200 build/Trinket_USB_2/production/_ext/1360937237/app_usb.o
                0x20000000                cdcReadBuffer

.bss.cdcWriteBuffer%2
                0x20000200      0x200
 .bss.cdcWriteBuffer
                0x20000200      0x200 build/Trinket_USB_2/production/_ext/1360937237/app_usb.o
                0x20000200                cdcWriteBuffer

.bss.gDrvUSBObj%3
                0x20000400      0x134
 .bss.gDrvUSBObj
                0x20000400      0x134 build/Trinket_USB_2/production/_ext/2108104030/drv_usbfsv1.o
                0x20000400                gDrvUSBObj

.bss.usbDeviceInstance%4
                0x20000534       0xec
 .bss.usbDeviceInstance
                0x20000534       0xec build/Trinket_USB_2/production/_ext/1390297478/usb_device.o

.bss.timers%5   0x20000620       0xa0
 .bss.timers    0x20000620       0xa0 build/Trinket_USB_2/production/_ext/1909065425/sys_time.o

.bss.gUSBDeviceCDCIRP%6
                0x200006c0       0x6c
 .bss.gUSBDeviceCDCIRP
                0x200006c0       0x6c build/Trinket_USB_2/production/_ext/1390297478/usb_device_cdc.o
                0x200006c0                gUSBDeviceCDCIRP

.data.gDrvUSBFSV1DeviceInterface%7
                0x2000072c       0x50
 .data.gDrvUSBFSV1DeviceInterface
                0x2000072c       0x50 build/Trinket_USB_2/production/_ext/2108104030/drv_usbfsv1_device.o
                0x2000072c                gDrvUSBFSV1DeviceInterface

.bss%8          0x2000077c       0x50
 .bss           0x2000077c       0x50 c:/program files/microchip/xc32/v4.00/bin/bin/../../lib/gcc/pic32c/8.3.1/../../../../pic32c/lib/thumb/v6-m/nofp\libc-musl.a(libc.o)
                0x2000077c                __progname_full
                0x2000077c                program_invocation_name
                0x20000780                program_invocation_short_name
                0x20000780                __progname
                0x20000784                __sysinfo
                0x20000788                __hwcap
                0x2000078c                __libc

.bss.gUSBDeviceCDCInstance%9
                0x200007cc       0x44
 .bss.gUSBDeviceCDCInstance
                0x200007cc       0x44 build/Trinket_USB_2/production/_ext/1390297478/usb_device_cdc.o
                0x200007cc                gUSBDeviceCDCInstance

.bss.gDrvEP0BufferBank0%10
                0x20000810       0x40
 .bss.gDrvEP0BufferBank0
                0x20000810       0x40 build/Trinket_USB_2/production/_ext/2108104030/drv_usbfsv1_device.o
                0x20000810                gDrvEP0BufferBank0

.bss.gDrvEP0BufferBank1%11
                0x20000850       0x40
 .bss.gDrvEP0BufferBank1
                0x20000850       0x40 build/Trinket_USB_2/production/_ext/2108104030/drv_usbfsv1_device.o
                0x20000850                gDrvEP0BufferBank1

.bss.app_usbData%12
                0x20000890       0x3c
 .bss.app_usbData
                0x20000890       0x3c build/Trinket_USB_2/production/_ext/1360937237/app_usb.o
                0x20000890                app_usbData

.bss.gDrvUSBEndpointObjects%13
                0x200008cc       0x30
 .bss.gDrvUSBEndpointObjects
                0x200008cc       0x30 build/Trinket_USB_2/production/_ext/2108104030/drv_usbfsv1_device.o
                0x200008cc                gDrvUSBEndpointObjects

.bss.gSystemCounterObj%14
                0x200008fc       0x28
 .bss.gSystemCounterObj
                0x200008fc       0x28 build/Trinket_USB_2/production/_ext/1909065425/sys_time.o

.bss%15         0x20000924       0x1c
 .bss           0x20000924       0x1c c:/program files/microchip/xc32/v4.00/bin/bin/../../lib/gcc/pic32c/8.3.1/thumb/v6-m/nofp/crtbegin.o

.bss.sysObj%16  0x20000940        0xc
 .bss.sysObj    0x20000940        0xc build/Trinket_USB_2/production/_ext/1189347772/initialization.o
                0x20000940                sysObj

.bss.gUSBDeviceCDCSerialStateResponse%17
                0x2000094c        0xa
 .bss.gUSBDeviceCDCSerialStateResponse
                0x2000094c        0xa build/Trinket_USB_2/production/_ext/1390297478/usb_device_cdc.o
                0x2000094c                gUSBDeviceCDCSerialStateResponse

.bss.TC3_CallbackObject%18
                0x20000958        0x8
 .bss.TC3_CallbackObject
                0x20000958        0x8 build/Trinket_USB_2/production/_ext/1390003407/plib_tc3.o
                0x20000958                TC3_CallbackObject

.bss.i%19       0x20000960        0x4
 .bss.i         0x20000960        0x4 build/Trinket_USB_2/production/_ext/1360937237/app_usb.o
                0x20000960                i

.bss.j%20       0x20000964        0x4
 .bss.j         0x20000964        0x4 build/Trinket_USB_2/production/_ext/1360937237/app_usb.o
                0x20000964                j

.bss%21         0x20000968        0x8
 .bss           0x20000968        0x4 c:/program files/microchip/xc32/v4.00/bin/bin/../../lib/gcc/pic32c/8.3.1/../../../../pic32c/lib/thumb/v6-m/nofp\libpic32c.a(data_init.o)
 .bss           0x2000096c        0x4 c:/program files/microchip/xc32/v4.00/bin/bin/../../lib/gcc/pic32c/8.3.1/../../../../pic32c/lib/thumb/v6-m/nofp\libc-musl.a(__environ.o)
                0x2000096c                __environ
                0x2000096c                environ
                0x2000096c                ___environ
                0x2000096c                _environ

.bss.gUSBDeviceCdcCommonDataObj%23
                0x20000970        0x2
 .bss.gUSBDeviceCdcCommonDataObj
                0x20000970        0x2 build/Trinket_USB_2/production/_ext/1390297478/usb_device_cdc.o
                0x20000970                gUSBDeviceCdcCommonDataObj

.bss.sample_number%24
                0x20000956        0x1
 .bss.sample_number
                0x20000956        0x1 build/Trinket_USB_2/production/_ext/1360937237/app_usb.o
                0x20000956                sample_number

.eh_frame%z1    0x00000000        0x0
 .eh_frame      0x00000000        0x0 c:/program files/microchip/xc32/v4.00/bin/bin/../../lib/gcc/pic32c/8.3.1/thumb/v6-m/nofp/crtbegin.o

.config_00804000.__config_00804000%25
                0x00804000        0x4
 .config_00804000.__config_00804000
                0x00804000        0x4 build/Trinket_USB_2/production/_ext/1189347772/initialization.o
                0x00804000                __config_00804000

.config_00804004.__config_00804004%26
                0x00804004        0x4
 .config_00804004.__config_00804004
                0x00804004        0x4 build/Trinket_USB_2/production/_ext/1189347772/initialization.o
                0x00804004                __config_00804004

.text._DRV_USBFSV1_DEVICE_Tasks_ISR%27
                0x000000d0      0x628
 .text._DRV_USBFSV1_DEVICE_Tasks_ISR
                0x000000d0      0x628 build/Trinket_USB_2/production/_ext/2108104030/drv_usbfsv1_device.o
                0x000000d0                _DRV_USBFSV1_DEVICE_Tasks_ISR

.text.DRV_USBFSV1_DEVICE_IRPSubmit%28
                0x000006f8      0x3d4
 .text.DRV_USBFSV1_DEVICE_IRPSubmit
                0x000006f8      0x3d4 build/Trinket_USB_2/production/_ext/2108104030/drv_usbfsv1_device.o
                0x000006f8                DRV_USBFSV1_DEVICE_IRPSubmit

.text%29        0x00000acc      0x1d4
 .text          0x00000acc      0x1d4 c:/program files/microchip/xc32/v4.00/bin/bin/../../lib/gcc/pic32c/8.3.1/thumb/v6-m/nofp\libgcc.a(_divsi3.o)
                0x00000acc                __divsi3
                0x00000acc                __aeabi_idiv
                0x00000c98                __aeabi_idivmod

.text.DRV_USBFSV1_DEVICE_EndpointEnable%30
                0x00000ca0      0x194
 .text.DRV_USBFSV1_DEVICE_EndpointEnable
                0x00000ca0      0x194 build/Trinket_USB_2/production/_ext/2108104030/drv_usbfsv1_device.o
                0x00000ca0                DRV_USBFSV1_DEVICE_EndpointEnable

.text.DRV_USBFSV1_DEVICE_EndpointDisable%31
                0x00000e34      0x180
 .text.DRV_USBFSV1_DEVICE_EndpointDisable
                0x00000e34      0x180 build/Trinket_USB_2/production/_ext/2108104030/drv_usbfsv1_device.o
                0x00000e34                DRV_USBFSV1_DEVICE_EndpointDisable

.dinit%32       0x00000fb4      0x180
 .dinit         0x00000fb4      0x180 data_init

.text._USB_DEVICE_ProcessStandardDeviceSetRequests%33
                0x00001134      0x142
 .text._USB_DEVICE_ProcessStandardDeviceSetRequests
                0x00001134      0x142 build/Trinket_USB_2/production/_ext/1390297478/usb_device.o
                0x00001134                _USB_DEVICE_ProcessStandardDeviceSetRequests

.text.DRV_USBFSV1_Initialize%34
                0x00001278      0x124
 .text.DRV_USBFSV1_Initialize
                0x00001278      0x124 build/Trinket_USB_2/production/_ext/2108104030/drv_usbfsv1.o
                0x00001278                DRV_USBFSV1_Initialize

.text.DRV_USBFSV1_DEVICE_EndpointStallClear%35
                0x0000139c      0x120
 .text.DRV_USBFSV1_DEVICE_EndpointStallClear
                0x0000139c      0x120 build/Trinket_USB_2/production/_ext/2108104030/drv_usbfsv1_device.o
                0x0000139c                DRV_USBFSV1_DEVICE_EndpointStallClear

.text._USB_DEVICE_ControlTransferHandler%36
                0x000014bc      0x11c
 .text._USB_DEVICE_ControlTransferHandler
                0x000014bc      0x11c build/Trinket_USB_2/production/_ext/1390297478/usb_device.o
                0x000014bc                _USB_DEVICE_ControlTransferHandler

.text.APP_USB_Tasks%37
                0x000015d8      0x11c
 .text.APP_USB_Tasks
                0x000015d8      0x11c build/Trinket_USB_2/production/_ext/1360937237/app_usb.o
                0x000015d8                APP_USB_Tasks

.text._USB_DEVICE_EventHandler%38
                0x000016f4      0x114
 .text._USB_DEVICE_EventHandler
                0x000016f4      0x114 build/Trinket_USB_2/production/_ext/1390297478/usb_device.o
                0x000016f4                _USB_DEVICE_EventHandler

.text%39        0x00001808      0x114
 .text          0x00001808      0x114 c:/program files/microchip/xc32/v4.00/bin/bin/../../lib/gcc/pic32c/8.3.1/thumb/v6-m/nofp\libgcc.a(_udivsi3.o)
                0x00001808                __aeabi_uidiv
                0x00001808                __udivsi3
                0x00001914                __aeabi_uidivmod

.text.DRV_USBFSV1_DEVICE_EndpointStall%40
                0x0000191c      0x104
 .text.DRV_USBFSV1_DEVICE_EndpointStall
                0x0000191c      0x104 build/Trinket_USB_2/production/_ext/2108104030/drv_usbfsv1_device.o
                0x0000191c                DRV_USBFSV1_DEVICE_EndpointStall

.text.USB_DEVICE_CDC_Read%41
                0x00001a20      0x100
 .text.USB_DEVICE_CDC_Read
                0x00001a20      0x100 build/Trinket_USB_2/production/_ext/1390297478/usb_device_cdc.o
                0x00001a20                USB_DEVICE_CDC_Read

.text.USB_DEVICE_Initialize%42
                0x00001b20       0xfc
 .text.USB_DEVICE_Initialize
                0x00001b20       0xfc build/Trinket_USB_2/production/_ext/1390297478/usb_device.o
                0x00001b20                USB_DEVICE_Initialize

.text._USB_DEVICE_ProcessStandardDeviceGetRequests%43
                0x00001c1c       0xfc
 .text._USB_DEVICE_ProcessStandardDeviceGetRequests
                0x00001c1c       0xfc build/Trinket_USB_2/production/_ext/1390297478/usb_device.o
                0x00001c1c                _USB_DEVICE_ProcessStandardDeviceGetRequests

.text._USB_DEVICE_Ep0ReceiveCompleteCallback%44
                0x00001d18       0xf8
 .text._USB_DEVICE_Ep0ReceiveCompleteCallback
                0x00001d18       0xf8 build/Trinket_USB_2/production/_ext/1390297478/usb_device.o
                0x00001d18                _USB_DEVICE_Ep0ReceiveCompleteCallback

.text.USB_DEVICE_Tasks%45
                0x00001e10       0xe8
 .text.USB_DEVICE_Tasks
                0x00001e10       0xe8 build/Trinket_USB_2/production/_ext/1390297478/usb_device.o
                0x00001e10                USB_DEVICE_Tasks

.text.SYS_TIME_AddToList%46
                0x00001ef8       0xd4
 .text.SYS_TIME_AddToList
                0x00001ef8       0xd4 build/Trinket_USB_2/production/_ext/1909065425/sys_time.o

.text.SYS_TIME_PLIBCallback%47
                0x00001fcc       0xd0
 .text.SYS_TIME_PLIBCallback
                0x00001fcc       0xd0 build/Trinket_USB_2/production/_ext/1909065425/sys_time.o

.text.DRV_USBFSV1_Tasks%48
                0x0000209c       0xc8
 .text.DRV_USBFSV1_Tasks
                0x0000209c       0xc8 build/Trinket_USB_2/production/_ext/2108104030/drv_usbfsv1.o
                0x0000209c                DRV_USBFSV1_Tasks

.rodata.triangle_wave%49
                0x00002164       0xc8
 .rodata.triangle_wave
                0x00002164       0xc8 build/Trinket_USB_2/production/_ext/1360937237/app_usb.o
                0x00002164                triangle_wave

.text._USB_DEVICE_CDC_Initialization%50
                0x0000222c       0xb8
 .text._USB_DEVICE_CDC_Initialization
                0x0000222c       0xb8 build/Trinket_USB_2/production/_ext/1390297478/usb_device_cdc.o
                0x0000222c                _USB_DEVICE_CDC_Initialization

.text.DRV_USBFSV1_DEVICE_IRPCancel%51
                0x000022e4       0xa4
 .text.DRV_USBFSV1_DEVICE_IRPCancel
                0x000022e4       0xa4 build/Trinket_USB_2/production/_ext/2108104030/drv_usbfsv1_device.o
                0x000022e4                DRV_USBFSV1_DEVICE_IRPCancel

.text.CLOCK_Initialize%52
                0x00002388       0xa0
 .text.CLOCK_Initialize
                0x00002388       0xa0 build/Trinket_USB_2/production/_ext/1796475310/plib_clock.o
                0x00002388                CLOCK_Initialize

.text.DRV_USBFSV1_DEVICE_IRPCancelAll%53
                0x00002428       0x9c
 .text.DRV_USBFSV1_DEVICE_IRPCancelAll
                0x00002428       0x9c build/Trinket_USB_2/production/_ext/2108104030/drv_usbfsv1_device.o
                0x00002428                DRV_USBFSV1_DEVICE_IRPCancelAll

.rodata._USB_DEVICE_CDC_ACMSetUpPacketHandler%54
                0x000024c4       0x90
 .rodata._USB_DEVICE_CDC_ACMSetUpPacketHandler
                0x000024c4       0x90 build/Trinket_USB_2/production/_ext/1390297478/usb_device_cdc_acm.o

.text.__pic32c_data_initialization%55
                0x00002554       0x90
 .text.__pic32c_data_initialization
                0x00002554       0x90 c:/program files/microchip/xc32/v4.00/bin/bin/../../lib/gcc/pic32c/8.3.1/../../../../pic32c/lib/thumb/v6-m/nofp\libpic32c.a(data_init.o)
                0x00002554                __pic32c_data_initialization

.text._USB_DEVICE_GetStringDescriptorRequestProcess%56
                0x000025e4       0x8a
 .text._USB_DEVICE_GetStringDescriptorRequestProcess
                0x000025e4       0x8a build/Trinket_USB_2/production/_ext/1390297478/usb_device.o
                0x000025e4                _USB_DEVICE_GetStringDescriptorRequestProcess

.text.DRV_USBFSV1_DEVICE_Detach%57
                0x00002670       0x88
 .text.DRV_USBFSV1_DEVICE_Detach
                0x00002670       0x88 build/Trinket_USB_2/production/_ext/2108104030/drv_usbfsv1_device.o
                0x00002670                DRV_USBFSV1_DEVICE_Detach

.text._USB_DEVICE_ProcessStandardEndpointRequest%58
                0x000026f8       0x86
 .text._USB_DEVICE_ProcessStandardEndpointRequest
                0x000026f8       0x86 build/Trinket_USB_2/production/_ext/1390297478/usb_device.o
                0x000026f8                _USB_DEVICE_ProcessStandardEndpointRequest

.text.APP_USB_USBDeviceCDCEventHandler%59
                0x00002780       0x84
 .text.APP_USB_USBDeviceCDCEventHandler
                0x00002780       0x84 build/Trinket_USB_2/production/_ext/1360937237/app_usb.o
                0x00002780                APP_USB_USBDeviceCDCEventHandler

.text.DRV_USBFSV1_Tasks_ISR%60
                0x00002804       0x7c
 .text.DRV_USBFSV1_Tasks_ISR
                0x00002804       0x7c build/Trinket_USB_2/production/_ext/2108104030/drv_usbfsv1.o
                0x00002804                DRV_USBFSV1_Tasks_ISR

.text._USB_DEVICE_ConfigureDevice%61
                0x00002880       0x7c
 .text._USB_DEVICE_ConfigureDevice
                0x00002880       0x7c build/Trinket_USB_2/production/_ext/1390297478/usb_device.o
                0x00002880                _USB_DEVICE_ConfigureDevice

.text.APP_USB_USBDeviceEventHandler%62
                0x000028fc       0x7c
 .text.APP_USB_USBDeviceEventHandler
                0x000028fc       0x7c build/Trinket_USB_2/production/_ext/1360937237/app_usb.o
                0x000028fc                APP_USB_USBDeviceEventHandler

.text._USB_DEVICE_CDC_ReadIRPCallback%63
                0x00002978       0x70
 .text._USB_DEVICE_CDC_ReadIRPCallback
                0x00002978       0x70 build/Trinket_USB_2/production/_ext/1390297478/usb_device_cdc.o
                0x00002978                _USB_DEVICE_CDC_ReadIRPCallback

.text._USB_DEVICE_CDC_ControlTransferHandler%64
                0x000029e8       0x70
 .text._USB_DEVICE_CDC_ControlTransferHandler
                0x000029e8       0x70 build/Trinket_USB_2/production/_ext/1390297478/usb_device_cdc.o
                0x000029e8                _USB_DEVICE_CDC_ControlTransferHandler

.text._USB_DEVICE_Ep0TransmitCompleteCallback%65
                0x00002a58       0x68
 .text._USB_DEVICE_Ep0TransmitCompleteCallback
                0x00002a58       0x68 build/Trinket_USB_2/production/_ext/1390297478/usb_device.o
                0x00002a58                _USB_DEVICE_Ep0TransmitCompleteCallback

.text._USB_DEVICE_CDC_ACMSetUpPacketHandler%66
                0x00002ac0       0x68
 .text._USB_DEVICE_CDC_ACMSetUpPacketHandler
                0x00002ac0       0x68 build/Trinket_USB_2/production/_ext/1390297478/usb_device_cdc_acm.o
                0x00002ac0                _USB_DEVICE_CDC_ACMSetUpPacketHandler

.text.SYS_TIME_Initialize%67
                0x00002b28       0x68
 .text.SYS_TIME_Initialize
                0x00002b28       0x68 build/Trinket_USB_2/production/_ext/1909065425/sys_time.o
                0x00002b28                SYS_TIME_Initialize

.text.SYS_Initialize%68
                0x00002b90       0x60
 .text.SYS_Initialize
                0x00002b90       0x60 build/Trinket_USB_2/production/_ext/1189347772/initialization.o
                0x00002b90                SYS_Initialize

.text.__libc_start_init%69
                0x00002bf0       0x5c
 .text.__libc_start_init
                0x00002bf0       0x5c c:/program files/microchip/xc32/v4.00/bin/bin/../../lib/gcc/pic32c/8.3.1/../../../../pic32c/lib/thumb/v6-m/nofp\libc-musl.a(__libc_start_main.o)
                0x00002bf0                __libc_init_array

.text.SYS_TIME_RemoveFromList%70
                0x00002c4c       0x54
 .text.SYS_TIME_RemoveFromList
                0x00002c4c       0x54 build/Trinket_USB_2/production/_ext/1909065425/sys_time.o

.text._USB_DEVICE_ForwardControlXfrToFunction%71
                0x00002ca0       0x50
 .text._USB_DEVICE_ForwardControlXfrToFunction
                0x00002ca0       0x50 build/Trinket_USB_2/production/_ext/1390297478/usb_device.o
                0x00002ca0                _USB_DEVICE_ForwardControlXfrToFunction

.text.APP_USB_Initialize%72
                0x00002cf0       0x50
 .text.APP_USB_Initialize
                0x00002cf0       0x50 build/Trinket_USB_2/production/_ext/1360937237/app_usb.o
                0x00002cf0                APP_USB_Initialize

.text._USB_DEVICE_DeInitializeAllFunctionDrivers%73
                0x00002d40       0x4e
 .text._USB_DEVICE_DeInitializeAllFunctionDrivers
                0x00002d40       0x4e build/Trinket_USB_2/production/_ext/1390297478/usb_device.o
                0x00002d40                _USB_DEVICE_DeInitializeAllFunctionDrivers

.text._USB_DEVICE_GetFunctionDriverEntryByInterface%74
                0x00002d8e       0x4a
 .text._USB_DEVICE_GetFunctionDriverEntryByInterface
                0x00002d8e       0x4a build/Trinket_USB_2/production/_ext/1390297478/usb_device.o
                0x00002d8e                _USB_DEVICE_GetFunctionDriverEntryByInterface

.text.USB_DEVICE_ControlStatus%75
                0x00002dd8       0x4a
 .text.USB_DEVICE_ControlStatus
                0x00002dd8       0x4a build/Trinket_USB_2/production/_ext/1390297478/usb_device.o
                0x00002dd8                USB_DEVICE_ControlStatus

.text%76        0x00002e24       0x48
 .text          0x00002e24       0x48 c:/program files/microchip/xc32/v4.00/bin/bin/../../lib/gcc/pic32c/8.3.1/thumb/v6-m/nofp/crtbegin.o

.text.Reset_Handler%77
                0x00002e6c       0x48
 .text.Reset_Handler
                0x00002e6c       0x48 build/Trinket_USB_2/production/_ext/1189347772/startup_xc32.o
                0x00002e6c                Reset_Handler

.text.USB_DEVICE_ControlSend%78
                0x00002eb4       0x46
 .text.USB_DEVICE_ControlSend
                0x00002eb4       0x46 build/Trinket_USB_2/production/_ext/1390297478/usb_device.o
                0x00002eb4                USB_DEVICE_ControlSend

.rodata.fullSpeedConfigurationDescriptor%79
                0x00002efc       0x44
 .rodata.fullSpeedConfigurationDescriptor
                0x00002efc       0x44 build/Trinket_USB_2/production/_ext/1189347772/usb_device_init_data.o
                0x00002efc                fullSpeedConfigurationDescriptor

.text.NVIC_Initialize%80
                0x00002f40       0x40
 .text.NVIC_Initialize
                0x00002f40       0x40 build/Trinket_USB_2/production/_ext/58287938/plib_nvic.o
                0x00002f40                NVIC_Initialize

.text._USB_DEVICE_FindEndpoint%81
                0x00002f80       0x40
 .text._USB_DEVICE_FindEndpoint
                0x00002f80       0x40 build/Trinket_USB_2/production/_ext/1390297478/usb_device.o
                0x00002f80                _USB_DEVICE_FindEndpoint

.text.TC3_TimerInitialize%82
                0x00002fc0       0x40
 .text.TC3_TimerInitialize
                0x00002fc0       0x40 build/Trinket_USB_2/production/_ext/1390003407/plib_tc3.o
                0x00002fc0                TC3_TimerInitialize

.text.SYS_TIME_GetTimerObject%83
                0x00003000       0x40
 .text.SYS_TIME_GetTimerObject
                0x00003000       0x40 build/Trinket_USB_2/production/_ext/1909065425/sys_time.o

.text.SYS_TIME_TimerDestroy%84
                0x00003040       0x40
 .text.SYS_TIME_TimerDestroy
                0x00003040       0x40 build/Trinket_USB_2/production/_ext/1909065425/sys_time.o
                0x00003040                SYS_TIME_TimerDestroy

.text.SYS_INT_SourceDisable%85
                0x00003080       0x3c
 .text.SYS_INT_SourceDisable
                0x00003080       0x3c build/Trinket_USB_2/production/_ext/1961919639/sys_int.o
                0x00003080                SYS_INT_SourceDisable

.text.USB_DEVICE_Open%86
                0x000030bc       0x3c
 .text.USB_DEVICE_Open
                0x000030bc       0x3c build/Trinket_USB_2/production/_ext/1390297478/usb_device.o
                0x000030bc                USB_DEVICE_Open

.text._DRV_USBFSV1_DEVICE_Initialize%87
                0x000030f8       0x38
 .text._DRV_USBFSV1_DEVICE_Initialize
                0x000030f8       0x38 build/Trinket_USB_2/production/_ext/2108104030/drv_usbfsv1_device.o
                0x000030f8                _DRV_USBFSV1_DEVICE_Initialize

.text.PORT_Initialize%88
                0x00003130       0x38
 .text.PORT_Initialize
                0x00003130       0x38 build/Trinket_USB_2/production/_ext/58341089/plib_port.o
                0x00003130                PORT_Initialize

.text._USB_DEVICE_CDC_Deinitialization%89
                0x00003168       0x38
 .text._USB_DEVICE_CDC_Deinitialization
                0x00003168       0x38 build/Trinket_USB_2/production/_ext/1390297478/usb_device_cdc.o
                0x00003168                _USB_DEVICE_CDC_Deinitialization

.rodata.sd001%90
                0x000031a0       0x34
 .rodata.sd001  0x000031a0       0x34 build/Trinket_USB_2/production/_ext/1189347772/usb_device_init_data.o
                0x000031a0                sd001

.text.SYS_TIME_ResourceLock%91
                0x000031d4       0x34
 .text.SYS_TIME_ResourceLock
                0x000031d4       0x34 build/Trinket_USB_2/production/_ext/1909065425/sys_time.o

.rodata.sd002%92
                0x00003208       0x30
 .rodata.sd002  0x00003208       0x30 build/Trinket_USB_2/production/_ext/1189347772/usb_device_init_data.o
                0x00003208                sd002

.text.TC3_CallBack_Function%93
                0x00003238       0x30
 .text.TC3_CallBack_Function
                0x00003238       0x30 build/Trinket_USB_2/production/_ext/1360937237/app_usb.o
                0x00003238                TC3_CallBack_Function

.text.SYS_TIME_ResourceUnlock%94
                0x00003268       0x30
 .text.SYS_TIME_ResourceUnlock
                0x00003268       0x30 build/Trinket_USB_2/production/_ext/1909065425/sys_time.o

.text.DRV_USBFSV1_DEVICE_EndpointIsEnabled%95
                0x00003298       0x2e
 .text.DRV_USBFSV1_DEVICE_EndpointIsEnabled
                0x00003298       0x2e build/Trinket_USB_2/production/_ext/2108104030/drv_usbfsv1_device.o
                0x00003298                DRV_USBFSV1_DEVICE_EndpointIsEnabled

.text._USB_DEVICE_RedirectControlXfrToClient%96
                0x000032c6       0x2c
 .text._USB_DEVICE_RedirectControlXfrToClient
                0x000032c6       0x2c build/Trinket_USB_2/production/_ext/1390297478/usb_device.o
                0x000032c6                _USB_DEVICE_RedirectControlXfrToClient

.rodata.usbMasterDescriptor%97
                0x000032f4       0x2c
 .rodata.usbMasterDescriptor
                0x000032f4       0x2c build/Trinket_USB_2/production/_ext/1189347772/usb_device_init_data.o
                0x000032f4                usbMasterDescriptor

.rodata.APP_USB_USBDeviceEventHandler%98
                0x00003320       0x2c
 .rodata.APP_USB_USBDeviceEventHandler
                0x00003320       0x2c build/Trinket_USB_2/production/_ext/1360937237/app_usb.o

.text._DRV_USBFSV1_DEVICE_IRPQueueFlush%99
                0x0000334c       0x2a
 .text._DRV_USBFSV1_DEVICE_IRPQueueFlush
                0x0000334c       0x2a build/Trinket_USB_2/production/_ext/2108104030/drv_usbfsv1_device.o
                0x0000334c                _DRV_USBFSV1_DEVICE_IRPQueueFlush

.text.USB_DEVICE_EndpointEnable%100
                0x00003376       0x2a
 .text.USB_DEVICE_EndpointEnable
                0x00003376       0x2a build/Trinket_USB_2/production/_ext/1390297478/usb_device.o
                0x00003376                USB_DEVICE_EndpointEnable

.text.DRV_USBFSV1_Open%101
                0x000033a0       0x28
 .text.DRV_USBFSV1_Open
                0x000033a0       0x28 build/Trinket_USB_2/production/_ext/2108104030/drv_usbfsv1.o
                0x000033a0                DRV_USBFSV1_Open

.rodata._USB_DEVICE_EventHandler%102
                0x000033c8       0x28
 .rodata._USB_DEVICE_EventHandler
                0x000033c8       0x28 build/Trinket_USB_2/production/_ext/1390297478/usb_device.o

.text.USB_DEVICE_EventHandlerSet%103
                0x000033f0       0x28
 .text.USB_DEVICE_EventHandlerSet
                0x000033f0       0x28 build/Trinket_USB_2/production/_ext/1390297478/usb_device.o
                0x000033f0                USB_DEVICE_EventHandlerSet

.rodata.usbDevInitData%104
                0x00003418       0x28
 .rodata.usbDevInitData
                0x00003418       0x28 build/Trinket_USB_2/production/_ext/1189347772/usb_device_init_data.o
                0x00003418                usbDevInitData

.text.APP_USB_StateReset%105
                0x00003440       0x28
 .text.APP_USB_StateReset
                0x00003440       0x28 build/Trinket_USB_2/production/_ext/1360937237/app_usb.o
                0x00003440                APP_USB_StateReset

.text.DRV_USBFSV1_DEVICE_EndpointIsStalled%106
                0x00003468       0x26
 .text.DRV_USBFSV1_DEVICE_EndpointIsStalled
                0x00003468       0x26 build/Trinket_USB_2/production/_ext/2108104030/drv_usbfsv1_device.o
                0x00003468                DRV_USBFSV1_DEVICE_EndpointIsStalled

.text.USB_DEVICE_Detach%107
                0x0000348e       0x26
 .text.USB_DEVICE_Detach
                0x0000348e       0x26 build/Trinket_USB_2/production/_ext/1390297478/usb_device.o
                0x0000348e                USB_DEVICE_Detach

.text.USB_DEVICE_IRPSubmit%108
                0x000034b4       0x26
 .text.USB_DEVICE_IRPSubmit
                0x000034b4       0x26 build/Trinket_USB_2/production/_ext/1390297478/usb_device.o
                0x000034b4                USB_DEVICE_IRPSubmit

.rodata.drvUSBInit%109
                0x000034dc       0x24
 .rodata.drvUSBInit
                0x000034dc       0x24 build/Trinket_USB_2/production/_ext/1189347772/initialization.o
                0x000034dc                drvUSBInit

.rodata.APP_USB_USBDeviceCDCEventHandler%110
                0x00003500       0x24
 .rodata.APP_USB_USBDeviceCDCEventHandler
                0x00003500       0x24 build/Trinket_USB_2/production/_ext/1360937237/app_usb.o

.text.TC3_TimerInterruptHandler%111
                0x00003524       0x24
 .text.TC3_TimerInterruptHandler
                0x00003524       0x24 build/Trinket_USB_2/production/_ext/1390003407/plib_tc3.o
                0x00003524                TC3_TimerInterruptHandler

.text.USB_DEVICE_Attach%112
                0x00003548       0x22
 .text.USB_DEVICE_Attach
                0x00003548       0x22 build/Trinket_USB_2/production/_ext/1390297478/usb_device.o
                0x00003548                USB_DEVICE_Attach

.text.USB_DEVICE_EndpointDisable%113
                0x0000356a       0x22
 .text.USB_DEVICE_EndpointDisable
                0x0000356a       0x22 build/Trinket_USB_2/production/_ext/1390297478/usb_device.o
                0x0000356a                USB_DEVICE_EndpointDisable

.text.USB_DEVICE_ControlReceive%114
                0x0000358c       0x22
 .text.USB_DEVICE_ControlReceive
                0x0000358c       0x22 build/Trinket_USB_2/production/_ext/1390297478/usb_device.o
                0x0000358c                USB_DEVICE_ControlReceive

.text.USB_DEVICE_IRPCancelAll%115
                0x000035ae       0x22
 .text.USB_DEVICE_IRPCancelAll
                0x000035ae       0x22 build/Trinket_USB_2/production/_ext/1390297478/usb_device.o
                0x000035ae                USB_DEVICE_IRPCancelAll

.text._USB_DEVICE_CDC_EndpointDisable%116
                0x000035d0       0x22
 .text._USB_DEVICE_CDC_EndpointDisable
                0x000035d0       0x22 build/Trinket_USB_2/production/_ext/1390297478/usb_device_cdc.o
                0x000035d0                _USB_DEVICE_CDC_EndpointDisable

.text.DRV_USBFSV1_DEVICE_Attach%117
                0x000035f4       0x20
 .text.DRV_USBFSV1_DEVICE_Attach
                0x000035f4       0x20 build/Trinket_USB_2/production/_ext/2108104030/drv_usbfsv1_device.o
                0x000035f4                DRV_USBFSV1_DEVICE_Attach

.rodata._USB_DEVICE_ProcessStandardDeviceGetRequests%118
                0x00003614       0x20
 .rodata._USB_DEVICE_ProcessStandardDeviceGetRequests
                0x00003614       0x20 build/Trinket_USB_2/production/_ext/1390297478/usb_device.o

.text.USB_DEVICE_CDC_EventHandlerSet%119
                0x00003634       0x20
 .text.USB_DEVICE_CDC_EventHandlerSet
                0x00003634       0x20 build/Trinket_USB_2/production/_ext/1390297478/usb_device_cdc.o
                0x00003634                USB_DEVICE_CDC_EventHandlerSet

.text.SYS_Tasks%120
                0x00003654       0x1c
 .text.SYS_Tasks
                0x00003654       0x1c build/Trinket_USB_2/production/_ext/1189347772/tasks.o
                0x00003654                SYS_Tasks

.text.DAC_Initialize%121
                0x00003670       0x1c
 .text.DAC_Initialize
                0x00003670       0x1c build/Trinket_USB_2/production/_ext/140417318/plib_dac.o
                0x00003670                DAC_Initialize

.text._USB_DEVICE_ClientHandleValidate%122
                0x0000368c       0x18
 .text._USB_DEVICE_ClientHandleValidate
                0x0000368c       0x18 build/Trinket_USB_2/production/_ext/1390297478/usb_device.o
                0x0000368c                _USB_DEVICE_ClientHandleValidate

.text._USB_DEVICE_CDC_GlobalInitialize%123
                0x000036a4       0x18
 .text._USB_DEVICE_CDC_GlobalInitialize
                0x000036a4       0x18 build/Trinket_USB_2/production/_ext/1390297478/usb_device_cdc.o
                0x000036a4                _USB_DEVICE_CDC_GlobalInitialize

.text.DAC_DataWrite%124
                0x000036bc       0x18
 .text.DAC_DataWrite
                0x000036bc       0x18 build/Trinket_USB_2/production/_ext/140417318/plib_dac.o
                0x000036bc                DAC_DataWrite

.text.TC3_TimerStart%125
                0x000036d4       0x18
 .text.TC3_TimerStart
                0x000036d4       0x18 build/Trinket_USB_2/production/_ext/1390003407/plib_tc3.o
                0x000036d4                TC3_TimerStart

.text.TC3_TimerStop%126
                0x000036ec       0x18
 .text.TC3_TimerStop
                0x000036ec       0x18 build/Trinket_USB_2/production/_ext/1390003407/plib_tc3.o
                0x000036ec                TC3_TimerStop

.text.NVIC_INT_Restore%127
                0x00003704       0x14
 .text.NVIC_INT_Restore
                0x00003704       0x14 build/Trinket_USB_2/production/_ext/58287938/plib_nvic.o
                0x00003704                NVIC_INT_Restore

.rodata.cdcFunctionDriver%128
                0x00003718       0x14
 .rodata.cdcFunctionDriver
                0x00003718       0x14 build/Trinket_USB_2/production/_ext/1390297478/usb_device_cdc.o
                0x00003718                cdcFunctionDriver

.rodata.sysTimePlibAPI%129
                0x0000372c       0x14
 .rodata.sysTimePlibAPI
                0x0000372c       0x14 build/Trinket_USB_2/production/_ext/1189347772/initialization.o
                0x0000372c                sysTimePlibAPI

.rodata.deviceDescriptor%130
                0x00003740       0x14
 .rodata.deviceDescriptor
                0x00003740       0x14 build/Trinket_USB_2/production/_ext/1189347772/usb_device_init_data.o
                0x00003740                deviceDescriptor

.rodata.APP_USB_Tasks%131
                0x00003754       0x14
 .rodata.APP_USB_Tasks
                0x00003754       0x14 build/Trinket_USB_2/production/_ext/1360937237/app_usb.o

.text.TC3_Timer16bitPeriodSet%132
                0x00003768       0x14
 .text.TC3_Timer16bitPeriodSet
                0x00003768       0x14 build/Trinket_USB_2/production/_ext/1390003407/plib_tc3.o
                0x00003768                TC3_Timer16bitPeriodSet

.text.DRV_USBFSV1_Close%133
                0x0000377c       0x12
 .text.DRV_USBFSV1_Close
                0x0000377c       0x12 build/Trinket_USB_2/production/_ext/2108104030/drv_usbfsv1.o
                0x0000377c                DRV_USBFSV1_Close

.text.DRV_USBFSV1_DEVICE_SOFNumberGet%134
                0x0000378e       0x12
 .text.DRV_USBFSV1_DEVICE_SOFNumberGet
                0x0000378e       0x12 build/Trinket_USB_2/production/_ext/2108104030/drv_usbfsv1_device.o
                0x0000378e                DRV_USBFSV1_DEVICE_SOFNumberGet

.text.NVIC_INT_Disable%135
                0x000037a0       0x12
 .text.NVIC_INT_Disable
                0x000037a0       0x12 build/Trinket_USB_2/production/_ext/58287938/plib_nvic.o
                0x000037a0                NVIC_INT_Disable

.text.memcpy%136
                0x000037b2       0x12
 .text.memcpy   0x000037b2       0x12 c:/program files/microchip/xc32/v4.00/bin/bin/../../lib/gcc/pic32c/8.3.1/../../../../pic32c/lib/thumb/v6-m/nofp\libc-musl.a(memcpy.o)
                0x000037b2                memcpy

.text.DRV_USBFSV1_USB_Handler%137
                0x000037c4       0x10
 .text.DRV_USBFSV1_USB_Handler
                0x000037c4       0x10 build/Trinket_USB_2/production/_ext/2108104030/drv_usbfsv1.o
                0x000037c4                DRV_USBFSV1_USB_Handler

.text.DRV_USBFSV1_ClientEventCallBackSet%138
                0x000037d4       0x10
 .text.DRV_USBFSV1_ClientEventCallBackSet
                0x000037d4       0x10 build/Trinket_USB_2/production/_ext/2108104030/drv_usbfsv1.o
                0x000037d4                DRV_USBFSV1_ClientEventCallBackSet

.text.DRV_USBFSV1_DEVICE_RemoteWakeupStart%139
                0x000037e4       0x10
 .text.DRV_USBFSV1_DEVICE_RemoteWakeupStart
                0x000037e4       0x10 build/Trinket_USB_2/production/_ext/2108104030/drv_usbfsv1_device.o
                0x000037e4                DRV_USBFSV1_DEVICE_RemoteWakeupStart

.rodata.funcRegistrationTable%140
                0x000037f4       0x10
 .rodata.funcRegistrationTable
                0x000037f4       0x10 build/Trinket_USB_2/production/_ext/1189347772/usb_device_init_data.o
                0x000037f4                funcRegistrationTable

.text.memset%141
                0x00003804       0x10
 .text.memset   0x00003804       0x10 c:/program files/microchip/xc32/v4.00/bin/bin/../../lib/gcc/pic32c/8.3.1/../../../../pic32c/lib/thumb/v6-m/nofp\libc-musl.a(memset.o)
                0x00003804                memset

.text.DRV_USBFSV1_DEVICE_AddressSet%142
                0x00003814        0xe
 .text.DRV_USBFSV1_DEVICE_AddressSet
                0x00003814        0xe build/Trinket_USB_2/production/_ext/2108104030/drv_usbfsv1_device.o
                0x00003814                DRV_USBFSV1_DEVICE_AddressSet

.text.DRV_USBFSV1_DEVICE_CurrentSpeedGet%143
                0x00003822        0xe
 .text.DRV_USBFSV1_DEVICE_CurrentSpeedGet
                0x00003822        0xe build/Trinket_USB_2/production/_ext/2108104030/drv_usbfsv1_device.o
                0x00003822                DRV_USBFSV1_DEVICE_CurrentSpeedGet

.text.main%144  0x00003830        0xe
 .text.main     0x00003830        0xe build/Trinket_USB_2/production/_ext/1360937237/main.o
                0x00003830                main

.text.NVMCTRL_Initialize%145
                0x00003840        0xc
 .text.NVMCTRL_Initialize
                0x00003840        0xc build/Trinket_USB_2/production/_ext/1292982576/plib_nvmctrl.o
                0x00003840                NVMCTRL_Initialize

.rodata.cdcInit0%146
                0x0000384c        0xc
 .rodata.cdcInit0
                0x0000384c        0xc build/Trinket_USB_2/production/_ext/1189347772/usb_device_init_data.o
                0x0000384c                cdcInit0

.rodata.stringDescriptors%147
                0x00003858        0xc
 .rodata.stringDescriptors
                0x00003858        0xc build/Trinket_USB_2/production/_ext/1189347772/usb_device_init_data.o
                0x00003858                stringDescriptors

.text.TC3_TimerCallbackRegister%148
                0x00003864        0xc
 .text.TC3_TimerCallbackRegister
                0x00003864        0xc build/Trinket_USB_2/production/_ext/1390003407/plib_tc3.o
                0x00003864                TC3_TimerCallbackRegister

.rodata.gDrvUSBFSV1DeviceEndpointTypeMap%149
                0x00003870        0x8
 .rodata.gDrvUSBFSV1DeviceEndpointTypeMap
                0x00003870        0x8 build/Trinket_USB_2/production/_ext/2108104030/drv_usbfsv1_device.o
                0x00003870                gDrvUSBFSV1DeviceEndpointTypeMap

.text.SYS_INT_Disable%150
                0x00003878        0x8
 .text.SYS_INT_Disable
                0x00003878        0x8 build/Trinket_USB_2/production/_ext/1961919639/sys_int.o
                0x00003878                SYS_INT_Disable

.text.SYS_INT_Restore%151
                0x00003880        0x8
 .text.SYS_INT_Restore
                0x00003880        0x8 build/Trinket_USB_2/production/_ext/1961919639/sys_int.o
                0x00003880                SYS_INT_Restore

.rodata.sysTimeInitData%152
                0x00003888        0x8
 .rodata.sysTimeInitData
                0x00003888        0x8 build/Trinket_USB_2/production/_ext/1189347772/initialization.o
                0x00003888                sysTimeInitData

.text.TC3_TimerFrequencyGet%153
                0x00003890        0x8
 .text.TC3_TimerFrequencyGet
                0x00003890        0x8 build/Trinket_USB_2/production/_ext/1390003407/plib_tc3.o
                0x00003890                TC3_TimerFrequencyGet

.rodata.gDrvUSBFSV1DeviceSpeedMap%154
                0x00003898        0x4
 .rodata.gDrvUSBFSV1DeviceSpeedMap
                0x00003898        0x4 build/Trinket_USB_2/production/_ext/2108104030/drv_usbfsv1_device.o
                0x00003898                gDrvUSBFSV1DeviceSpeedMap

.rodata.fullSpeedConfigDescSet%155
                0x0000389c        0x4
 .rodata.fullSpeedConfigDescSet
                0x0000389c        0x4 build/Trinket_USB_2/production/_ext/1189347772/usb_device_init_data.o
                0x0000389c                fullSpeedConfigDescSet

.rodata.sd000%156
                0x000038a0        0x4
 .rodata.sd000  0x000038a0        0x4 build/Trinket_USB_2/production/_ext/1189347772/usb_device_init_data.o
                0x000038a0                sd000

.text%157       0x000038a4        0x4
 .text          0x000038a4        0x4 c:/program files/microchip/xc32/v4.00/bin/bin/../../lib/gcc/pic32c/8.3.1/thumb/v6-m/nofp\libgcc.a(_dvmd_tls.o)
                0x000038a4                __aeabi_idiv0
                0x000038a4                __aeabi_ldiv0

.text.DRV_USBFSV1_DEVICE_RemoteWakeupStop%158
                0x00001276        0x2
 .text.DRV_USBFSV1_DEVICE_RemoteWakeupStop
                0x00001276        0x2 build/Trinket_USB_2/production/_ext/2108104030/drv_usbfsv1_device.o
                0x00001276                DRV_USBFSV1_DEVICE_RemoteWakeupStop

.text.EVSYS_Initialize%159
                0x0000266e        0x2
 .text.EVSYS_Initialize
                0x0000266e        0x2 build/Trinket_USB_2/production/_ext/1798624796/plib_evsys.o
                0x0000266e                EVSYS_Initialize

.text.Dummy_Handler%160
                0x0000277e        0x2
 .text.Dummy_Handler
                0x0000277e        0x2 build/Trinket_USB_2/production/_ext/1189347772/interrupts.o
                0x0000277e                SVCall_Handler
                0x0000277e                DMAC_Handler
                0x0000277e                AC_Handler
                0x0000277e                SysTick_Handler
                0x0000277e                PendSV_Handler
                0x0000277e                SERCOM1_Handler
                0x0000277e                ADC_Handler
                0x0000277e                TCC1_Handler
                0x0000277e                SERCOM2_Handler
                0x0000277e                TCC0_Handler
                0x0000277e                RTC_Handler
                0x0000277e                EIC_Handler
                0x0000277e                WDT_Handler
                0x0000277e                TC4_Handler
                0x0000277e                Dummy_Handler
                0x0000277e                PM_Handler
                0x0000277e                TCC2_Handler
                0x0000277e                EVSYS_Handler
                0x0000277e                SERCOM3_Handler
                0x0000277e                I2S_Handler
                0x0000277e                NVMCTRL_Handler
                0x0000277e                SERCOM0_Handler
                0x0000277e                DAC_Handler
                0x0000277e                PTC_Handler
                0x0000277e                TC5_Handler
                0x0000277e                SYSCTRL_Handler

.text.NonMaskableInt_Handler%161
                0x00002e22        0x2
 .text.NonMaskableInt_Handler
                0x00002e22        0x2 build/Trinket_USB_2/production/_ext/1189347772/exceptions.o
                0x00002e22                NonMaskableInt_Handler

.text.HardFault_Handler%162
                0x00002efa        0x2
 .text.HardFault_Handler
                0x00002efa        0x2 build/Trinket_USB_2/production/_ext/1189347772/exceptions.o
                0x00002efa                HardFault_Handler

.text.Dummy_App_Func%163
                0x000032f2        0x2
 .text.Dummy_App_Func
                0x000032f2        0x2 build/Trinket_USB_2/production/_ext/1189347772/startup_xc32.o
                0x000032f2                _on_reset
                0x000032f2                _on_bootstrap
                0x000032f2                __xc32_on_reset
                0x000032f2                Dummy_App_Func
                0x000032f2                __xc32_on_bootstrap

.text.__dummy%164
                0x000034da        0x2
 .text.__dummy  0x000034da        0x2 c:/program files/microchip/xc32/v4.00/bin/bin/../../lib/gcc/pic32c/8.3.1/../../../../pic32c/lib/thumb/v6-m/nofp\libc-musl.a(__libc_start_main.o)
                0x000034da                __init_stdio
                0x000034da                __init_host
