Archive member included to satisfy reference by file (symbol)

c:/program files/microchip/xc32/v4.00/bin/bin/../../lib/gcc/pic32c/8.3.1/../../../../pic32c/lib/thumb/v6-m/nofp\libpic32c.a(data_init.o)
                              build/Trinket_USB_2/production/_ext/1189347772/startup_xc32.o (__pic32c_data_initialization)
c:/program files/microchip/xc32/v4.00/bin/bin/../../lib/gcc/pic32c/8.3.1/../../../../pic32c/lib/thumb/v6-m/nofp\libc-musl.a(__libc_start_main.o)
                              build/Trinket_USB_2/production/_ext/1189347772/startup_xc32.o (__libc_init_array)
c:/program files/microchip/xc32/v4.00/bin/bin/../../lib/gcc/pic32c/8.3.1/../../../../pic32c/lib/thumb/v6-m/nofp\libc-musl.a(libc.o)
                              c:/program files/microchip/xc32/v4.00/bin/bin/../../lib/gcc/pic32c/8.3.1/../../../../pic32c/lib/thumb/v6-m/nofp\libc-musl.a(__libc_start_main.o) (__progname_full)
c:/program files/microchip/xc32/v4.00/bin/bin/../../lib/gcc/pic32c/8.3.1/../../../../pic32c/lib/thumb/v6-m/nofp\libc-musl.a(memcpy.o)
                              build/Trinket_USB_2/production/_ext/2108104030/drv_usbfsv1_device.o (memcpy)
c:/program files/microchip/xc32/v4.00/bin/bin/../../lib/gcc/pic32c/8.3.1/../../../../pic32c/lib/thumb/v6-m/nofp\libc-musl.a(memset.o)
                              build/Trinket_USB_2/production/_ext/2108104030/drv_usbfsv1_device.o (memset)
c:/program files/microchip/xc32/v4.00/bin/bin/../../lib/gcc/pic32c/8.3.1/../../../../pic32c/lib/thumb/v6-m/nofp\libc-musl.a(__environ.o)
                              c:/program files/microchip/xc32/v4.00/bin/bin/../../lib/gcc/pic32c/8.3.1/../../../../pic32c/lib/thumb/v6-m/nofp\libc-musl.a(__libc_start_main.o) (__environ)
c:/program files/microchip/xc32/v4.00/bin/bin/../../lib/gcc/pic32c/8.3.1/thumb/v6-m/nofp\libgcc.a(_udivsi3.o)
                              build/Trinket_USB_2/production/_ext/2108104030/drv_usbfsv1_device.o (__aeabi_uidivmod)
c:/program files/microchip/xc32/v4.00/bin/bin/../../lib/gcc/pic32c/8.3.1/thumb/v6-m/nofp\libgcc.a(_divsi3.o)
                              build/Trinket_USB_2/production/_ext/1390297478/usb_device.o (__aeabi_idiv)
c:/program files/microchip/xc32/v4.00/bin/bin/../../lib/gcc/pic32c/8.3.1/thumb/v6-m/nofp\libgcc.a(_dvmd_tls.o)
                              c:/program files/microchip/xc32/v4.00/bin/bin/../../lib/gcc/pic32c/8.3.1/thumb/v6-m/nofp\libgcc.a(_udivsi3.o) (__aeabi_idiv0)
c:/program files/microchip/xc32/v4.00/bin/bin/../../lib/gcc/pic32c/8.3.1/thumb/v6-m/nofp\libgcc.a(_aeabi_uldivmod.o)
                              build/Trinket_USB_2/production/_ext/1909065425/sys_time.o (__aeabi_uldivmod)
c:/program files/microchip/xc32/v4.00/bin/bin/../../lib/gcc/pic32c/8.3.1/thumb/v6-m/nofp\libgcc.a(_muldi3.o)
                              build/Trinket_USB_2/production/_ext/1909065425/sys_time.o (__aeabi_lmul)
c:/program files/microchip/xc32/v4.00/bin/bin/../../lib/gcc/pic32c/8.3.1/thumb/v6-m/nofp\libgcc.a(_udivmoddi4.o)
                              c:/program files/microchip/xc32/v4.00/bin/bin/../../lib/gcc/pic32c/8.3.1/thumb/v6-m/nofp\libgcc.a(_aeabi_uldivmod.o) (__udivmoddi4)
c:/program files/microchip/xc32/v4.00/bin/bin/../../lib/gcc/pic32c/8.3.1/thumb/v6-m/nofp\libgcc.a(_clzdi2.o)
                              c:/program files/microchip/xc32/v4.00/bin/bin/../../lib/gcc/pic32c/8.3.1/thumb/v6-m/nofp\libgcc.a(_udivmoddi4.o) (__clzdi2)
c:/program files/microchip/xc32/v4.00/bin/bin/../../lib/gcc/pic32c/8.3.1/thumb/v6-m/nofp\libgcc.a(_clzsi2.o)
                              c:/program files/microchip/xc32/v4.00/bin/bin/../../lib/gcc/pic32c/8.3.1/thumb/v6-m/nofp\libgcc.a(_clzdi2.o) (__clzsi2)

Microchip PIC32 Memory-Usage Report

ROM Program-Memory Usage
section                    address  length [bytes]      (dec)  Description
-------                 ----------  -------------------------  -----------
.vectors                         0           0xb0         176   
.text                         0xb0           0x20          32  App's exec code 
.text._DRV_USBFSV1_DEVI       0xd0          0x628        1576   
.text.DRV_USBFSV1_DEVIC      0x6f8          0x3d4         980   
.text                        0xacc          0x1d4         468  App's exec code 
.text.APP_USB_Tasks          0xca0          0x1bc         444   
.text.DRV_USBFSV1_DEVIC      0xe5c          0x194         404   
.dinit                       0xff0          0x190         400   
.text.DRV_USBFSV1_DEVIC     0x1180          0x180         384   
.text._USB_DEVICE_Proce     0x1300          0x142         322   
.text.DRV_USBFSV1_DEVIC     0x1442            0x2           2   
.text.USB_DEVICE_CDC_Wr     0x1444          0x130         304   
.text.DRV_USBFSV1_Initi     0x1574          0x124         292   
.text.DRV_USBFSV1_DEVIC     0x1698          0x120         288   
.text._USB_DEVICE_Contr     0x17b8          0x11c         284   
.text._USB_DEVICE_Event     0x18d4          0x114         276   
[...]
Memory Configuration

Name             Origin             Length             Attributes
rom              0x00000000         0x00040000         xrl
ram              0x20000000         0x00008000         xw !r
config_00804000  0x00804000         0x00000004
config_00804004  0x00804004         0x00000004
*default*        0x00000000         0xffffffff

Linker script and memory map

LOAD c:/program files/microchip/xc32/v4.00/bin/bin/../../lib/gcc/pic32c/8.3.1/thumb/v6-m/nofp/crti.o
LOAD c:/program files/microchip/xc32/v4.00/bin/bin/../../lib/gcc/pic32c/8.3.1/thumb/v6-m/nofp/crtbegin.o
LOAD build/Trinket_USB_2/production/_ext/2108104030/drv_usbfsv1.o
LOAD build/Trinket_USB_2/production/_ext/2108104030/drv_usbfsv1_device.o
LOAD build/Trinket_USB_2/production/_ext/1796475310/plib_clock.o
LOAD build/Trinket_USB_2/production/_ext/140417318/plib_dac.o
LOAD build/Trinket_USB_2/production/_ext/1798624796/plib_evsys.o
LOAD build/Trinket_USB_2/production/_ext/58287938/plib_nvic.o
LOAD build/Trinket_USB_2/production/_ext/1292982576/plib_nvmctrl.o
LOAD build/Trinket_USB_2/production/_ext/58341089/plib_port.o
LOAD build/Trinket_USB_2/production/_ext/1390003407/plib_tc3.o
LOAD build/Trinket_USB_2/production/_ext/1578018698/xc32_monitor.o
LOAD build/Trinket_USB_2/production/_ext/1961919639/sys_int.o
LOAD build/Trinket_USB_2/production/_ext/1909065425/sys_time.o
LOAD build/Trinket_USB_2/production/_ext/1390297478/usb_device.o
LOAD build/Trinket_USB_2/production/_ext/1390297478/usb_device_cdc.o
LOAD build/Trinket_USB_2/production/_ext/1390297478/usb_device_cdc_acm.o
LOAD build/Trinket_USB_2/production/_ext/1189347772/initialization.o
LOAD build/Trinket_USB_2/production/_ext/1189347772/interrupts.o
LOAD build/Trinket_USB_2/production/_ext/1189347772/exceptions.o
LOAD build/Trinket_USB_2/production/_ext/1189347772/startup_xc32.o
LOAD build/Trinket_USB_2/production/_ext/1189347772/libc_syscalls.o
LOAD build/Trinket_USB_2/production/_ext/1189347772/usb_device_init_data.o
LOAD build/Trinket_USB_2/production/_ext/1189347772/tasks.o
LOAD build/Trinket_USB_2/production/_ext/1360937237/main.o
LOAD build/Trinket_USB_2/production/_ext/1360937237/app_usb.o
                0x00000001                __MPLAB_BUILD = 0x1
                0x00040000                __rom_end = (ORIGIN (rom) + LENGTH (rom))
                0x20008000                __ram_end = (ORIGIN (ram) + LENGTH (ram))

.config_00804000
 *(.config_00804000)

.config_00804004
 *(.config_00804004)

.vectors        0x00000000       0xb0
                0x00000000                . = ALIGN (0x4)
                0x00000000                _sfixed = .
 *(.vectors .vectors.* .vectors_default .vectors_default.*)
 .vectors.exception_table
                0x00000000       0xb0 build/Trinket_USB_2/production/_ext/1189347772/interrupts.o
                0x00000000                exception_table
 *(.isr_vector)
 *(.reset*)
 *(.after_vectors)

.text           0x000000b0       0x20
                0x000000b0                . = ALIGN (0x4)
 *(.glue_7t)
 .glue_7t       0x000000b0        0x0 linker stubs
 *(.glue_7)
 .glue_7        0x000000b0        0x0 linker stubs
 *(.gnu.linkonce.r.*)
 *(.ARM.extab* .gnu.linkonce.armextab.*)
                0x000000b0                . = ALIGN (0x4)
 *(.init)
 .init          0x000000b0        0x4 c:/program files/microchip/xc32/v4.00/bin/bin/../../lib/gcc/pic32c/8.3.1/thumb/v6-m/nofp/crti.o
                0x000000b0                _init
 .init          0x000000b4        0x8 c:/program files/microchip/xc32/v4.00/bin/bin/../../lib/gcc/pic32c/8.3.1/thumb/v6-m/nofp/crtn.o
                0x000000bc                . = ALIGN (0x4)
                0x000000bc                __preinit_array_start = .
 *(.preinit_array)
                0x000000bc                __preinit_array_end = .
                0x000000bc                . = ALIGN (0x4)
                0x000000bc                __init_array_start = .
 *(SORT_BY_NAME(.init_array.*))
 *(.init_array)
 .init_array    0x000000bc        0x4 c:/program files/microchip/xc32/v4.00/bin/bin/../../lib/gcc/pic32c/8.3.1/thumb/v6-m/nofp/crtbegin.o
                0x000000c0                __init_array_end = .
                0x000000c0                . = ALIGN (0x4)
 *crtbegin.o(.ctors)
 *(EXCLUDE_FILE(*crtend.o) .ctors)
 *(SORT_BY_NAME(.ctors.*))
 *crtend.o(.ctors)
                0x000000c0                . = ALIGN (0x4)
 *(.fini)
 .fini          0x000000c0        0x4 c:/program files/microchip/xc32/v4.00/bin/bin/../../lib/gcc/pic32c/8.3.1/thumb/v6-m/nofp/crti.o
                0x000000c0                _fini
 .fini          0x000000c4        0x8 c:/program files/microchip/xc32/v4.00/bin/bin/../../lib/gcc/pic32c/8.3.1/thumb/v6-m/nofp/crtn.o
                0x000000cc                . = ALIGN (0x4)
                0x000000cc                __fini_array_start = .
 *(.fini_array)
 .fini_array    0x000000cc        0x4 c:/program files/microchip/xc32/v4.00/bin/bin/../../lib/gcc/pic32c/8.3.1/thumb/v6-m/nofp/crtbegin.o
 *(SORT_BY_NAME(.fini_array.*))
                0x000000d0                __fini_array_end = .
 *crtbegin.o(.dtors)
 *(EXCLUDE_FILE(*crtend.o) .dtors)
 *(SORT_BY_NAME(.dtors.*))
 *crtend.o(.dtors)
                0x000000d0                . = ALIGN (0x4)
                0x000000d0                _efixed = .
                [!provide]                PROVIDE (__exidx_start = .)

.ARM.exidx
 *(.ARM.exidx* .gnu.linkonce.armexidx.*)
                [!provide]                PROVIDE (__exidx_end = .)
                0x000000d0                . = ALIGN (0x4)
                0x000000d0                _etext = .

.bss            0x20000000        0x0
                0x20000000                . = ALIGN (0x4)
                0x20000000                __bss_start__ = .
                0x20000000                _sbss = .
                0x20000000                _szero = .
 *(COMMON)
                0x20000000                . = ALIGN (0x4)
                0x20000000                __bss_end__ = .
                0x20000000                _ebss = .
                0x20000000                _ezero = .
                0x20000000                . = ALIGN (0x4)
                0x20000000                _end = .
                0x20007fff                _ram_end_ = ((ORIGIN (ram) + LENGTH (ram)) - 0x1)
                0x00000200                _min_heap_size = 0x200
START GROUP
LOAD c:/program files/microchip/xc32/v4.00/bin/bin/../../lib/gcc/pic32c/8.3.1/../../../../pic32c/lib/thumb/v6-m/nofp\libpic32c.a
LOAD c:/program files/microchip/xc32/v4.00/bin/bin/../../lib/gcc/pic32c/8.3.1/../../../../pic32c/lib/thumb/v6-m/nofp\libm-emfloat.a
LOAD c:/program files/microchip/xc32/v4.00/bin/bin/../../lib/gcc/pic32c/8.3.1/../../../../pic32c/lib/thumb/v6-m/nofp\libc-musl.a
LOAD c:/program files/microchip/xc32/v4.00/bin/bin/../../lib/gcc/pic32c/8.3.1/../../../../pic32c/lib/thumb/v6-m/nofp\libm-emfloat.a
LOAD c:/program files/microchip/xc32/v4.00/bin/bin/../../lib/gcc/pic32c/8.3.1/thumb/v6-m/nofp\libgcc.a
END GROUP
LOAD c:/program files/microchip/xc32/v4.00/bin/bin/../../lib/gcc/pic32c/8.3.1/thumb/v6-m/nofp/crtend.o
LOAD c:/program files/microchip/xc32/v4.00/bin/bin/../../lib/gcc/pic32c/8.3.1/thumb/v6-m/nofp/crtn.o
OUTPUT(dist/Trinket_USB_2/production/USB_Alarm_Module.X.production.elf elf32-littlearm)
LOAD stack
LOAD data_init

.ARM.attributes
                0x00000000       0x2c
 .ARM.attributes
                0x00000000       0x1e c:/program files/microchip/xc32/v4.00/bin/bin/../../lib/gcc/pic32c/8.3.1/thumb/v6-m/nofp/crti.o
 .ARM.attributes
                0x0000001e       0x2c c:/program files/microchip/xc32/v4.00/bin/bin/../../lib/gcc/pic32c/8.3.1/thumb/v6-m/nofp/crtbegin.o
 .ARM.attributes
                0x0000004a       0x2c build/Trinket_USB_2/production/_ext/2108104030/drv_usbfsv1.o
 .ARM.attributes
                0x00000076       0x2c build/Trinket_USB_2/production/_ext/2108104030/drv_usbfsv1_device.o
 .ARM.attributes
                0x000000a2       0x2c build/Trinket_USB_2/production/_ext/1796475310/plib_clock.o
 .ARM.attributes
                0x000000ce       0x2c build/Trinket_USB_2/production/_ext/140417318/plib_dac.o
 .ARM.attributes
                0x000000fa       0x2c build/Trinket_USB_2/production/_ext/1798624796/plib_evsys.o
 .ARM.attributes
                0x00000126       0x2c build/Trinket_USB_2/production/_ext/58287938/plib_nvic.o
 .ARM.attributes
                0x00000152       0x2c build/Trinket_USB_2/production/_ext/1292982576/plib_nvmctrl.o
 .ARM.attributes
                0x0000017e       0x2c build/Trinket_USB_2/production/_ext/58341089/plib_port.o
 .ARM.attributes
                0x000001aa       0x2c build/Trinket_USB_2/production/_ext/1390003407/plib_tc3.o
 .ARM.attributes
                0x000001d6       0x2c build/Trinket_USB_2/production/_ext/1961919639/sys_int.o
 .ARM.attributes
                0x00000202       0x2c build/Trinket_USB_2/production/_ext/1909065425/sys_time.o
 .ARM.attributes
                0x0000022e       0x2c build/Trinket_USB_2/production/_ext/1390297478/usb_device.o
 .ARM.attributes
                0x0000025a       0x2c build/Trinket_USB_2/production/_ext/1390297478/usb_device_cdc.o
 .ARM.attributes
                0x00000286       0x2c build/Trinket_USB_2/production/_ext/1390297478/usb_device_cdc_acm.o
 .ARM.attributes
                0x000002b2       0x2c build/Trinket_USB_2/production/_ext/1189347772/initialization.o
 .ARM.attributes
                0x000002de       0x2c build/Trinket_USB_2/production/_ext/1189347772/interrupts.o
 .ARM.attributes
                0x0000030a       0x2c build/Trinket_USB_2/production/_ext/1189347772/exceptions.o
 .ARM.attributes
                0x00000336       0x2c build/Trinket_USB_2/production/_ext/1189347772/startup_xc32.o
 .ARM.attributes
                0x00000362       0x32 build/Trinket_USB_2/production/_ext/1189347772/usb_device_init_data.o
 .ARM.attributes
                0x00000394       0x2c build/Trinket_USB_2/production/_ext/1189347772/tasks.o
 .ARM.attributes
                0x000003c0       0x2c build/Trinket_USB_2/production/_ext/1360937237/main.o
 .ARM.attributes
                0x000003ec       0x2c build/Trinket_USB_2/production/_ext/1360937237/app_usb.o
 .ARM.attributes
                0x00000418       0x2c c:/program files/microchip/xc32/v4.00/bin/bin/../../lib/gcc/pic32c/8.3.1/../../../../pic32c/lib/thumb/v6-m/nofp\libpic32c.a(data_init.o)
 .ARM.attributes
                0x00000444       0x2e c:/program files/microchip/xc32/v4.00/bin/bin/../../lib/gcc/pic32c/8.3.1/../../../../pic32c/lib/thumb/v6-m/nofp\libc-musl.a(__libc_start_main.o)
 .ARM.attributes
                0x00000472       0x2e c:/program files/microchip/xc32/v4.00/bin/bin/../../lib/gcc/pic32c/8.3.1/../../../../pic32c/lib/thumb/v6-m/nofp\libc-musl.a(libc.o)
 .ARM.attributes
                0x000004a0       0x2e c:/program files/microchip/xc32/v4.00/bin/bin/../../lib/gcc/pic32c/8.3.1/../../../../pic32c/lib/thumb/v6-m/nofp\libc-musl.a(memcpy.o)
 .ARM.attributes
                0x000004ce       0x2e c:/program files/microchip/xc32/v4.00/bin/bin/../../lib/gcc/pic32c/8.3.1/../../../../pic32c/lib/thumb/v6-m/nofp\libc-musl.a(memset.o)
 .ARM.attributes
                0x000004fc       0x2e c:/program files/microchip/xc32/v4.00/bin/bin/../../lib/gcc/pic32c/8.3.1/../../../../pic32c/lib/thumb/v6-m/nofp\libc-musl.a(__environ.o)
 .ARM.attributes
                0x0000052a       0x1e c:/program files/microchip/xc32/v4.00/bin/bin/../../lib/gcc/pic32c/8.3.1/thumb/v6-m/nofp\libgcc.a(_udivsi3.o)
 .ARM.attributes
                0x00000548       0x1e c:/program files/microchip/xc32/v4.00/bin/bin/../../lib/gcc/pic32c/8.3.1/thumb/v6-m/nofp\libgcc.a(_divsi3.o)
 .ARM.attributes
                0x00000566       0x1e c:/program files/microchip/xc32/v4.00/bin/bin/../../lib/gcc/pic32c/8.3.1/thumb/v6-m/nofp\libgcc.a(_dvmd_tls.o)
 .ARM.attributes
                0x00000584       0x1e c:/program files/microchip/xc32/v4.00/bin/bin/../../lib/gcc/pic32c/8.3.1/thumb/v6-m/nofp/crtn.o

.comment        0x00000000       0x53
 .comment       0x00000000       0x53 c:/program files/microchip/xc32/v4.00/bin/bin/../../lib/gcc/pic32c/8.3.1/thumb/v6-m/nofp/crtbegin.o
                                 0x54 (size before relaxing)
 .comment       0x00000053       0x54 build/Trinket_USB_2/production/_ext/2108104030/drv_usbfsv1.o
 .comment       0x00000053       0x54 build/Trinket_USB_2/production/_ext/2108104030/drv_usbfsv1_device.o
 .comment       0x00000053       0x54 build/Trinket_USB_2/production/_ext/1796475310/plib_clock.o
 .comment       0x00000053       0x54 build/Trinket_USB_2/production/_ext/140417318/plib_dac.o
 .comment       0x00000053       0x54 build/Trinket_USB_2/production/_ext/1798624796/plib_evsys.o
 .comment       0x00000053       0x54 build/Trinket_USB_2/production/_ext/58287938/plib_nvic.o
 .comment       0x00000053       0x54 build/Trinket_USB_2/production/_ext/1292982576/plib_nvmctrl.o
 .comment       0x00000053       0x54 build/Trinket_USB_2/production/_ext/58341089/plib_port.o
 .comment       0x00000053       0x54 build/Trinket_USB_2/production/_ext/1390003407/plib_tc3.o
 .comment       0x00000053       0x54 build/Trinket_USB_2/production/_ext/1961919639/sys_int.o
 .comment       0x00000053       0x54 build/Trinket_USB_2/production/_ext/1909065425/sys_time.o
 .comment       0x00000053       0x54 build/Trinket_USB_2/production/_ext/1390297478/usb_device.o
 .comment       0x00000053       0x54 build/Trinket_USB_2/production/_ext/1390297478/usb_device_cdc.o
 .comment       0x00000053       0x54 build/Trinket_USB_2/production/_ext/1390297478/usb_device_cdc_acm.o
 .comment       0x00000053       0x54 build/Trinket_USB_2/production/_ext/1189347772/initialization.o
 .comment       0x00000053       0x54 build/Trinket_USB_2/production/_ext/1189347772/interrupts.o
 .comment       0x00000053       0x54 build/Trinket_USB_2/production/_ext/1189347772/exceptions.o
 .comment       0x00000053       0x54 build/Trinket_USB_2/production/_ext/1189347772/startup_xc32.o
 .comment       0x00000053       0x54 build/Trinket_USB_2/production/_ext/1189347772/usb_device_init_data.o
 .comment       0x00000053       0x54 build/Trinket_USB_2/production/_ext/1189347772/tasks.o
 .comment       0x00000053       0x54 build/Trinket_USB_2/production/_ext/1360937237/main.o
 .comment       0x00000053       0x54 build/Trinket_USB_2/production/_ext/1360937237/app_usb.o
 .comment       0x00000053       0x54 c:/program files/microchip/xc32/v4.00/bin/bin/../../lib/gcc/pic32c/8.3.1/../../../../pic32c/lib/thumb/v6-m/nofp\libpic32c.a(data_init.o)
 .comment       0x00000053       0x54 c:/program files/microchip/xc32/v4.00/bin/bin/../../lib/gcc/pic32c/8.3.1/../../../../pic32c/lib/thumb/v6-m/nofp\libc-musl.a(__libc_start_main.o)
 .comment       0x00000053       0x54 c:/program files/microchip/xc32/v4.00/bin/bin/../../lib/gcc/pic32c/8.3.1/../../../../pic32c/lib/thumb/v6-m/nofp\libc-musl.a(libc.o)
 .comment       0x00000053       0x54 c:/program files/microchip/xc32/v4.00/bin/bin/../../lib/gcc/pic32c/8.3.1/../../../../pic32c/lib/thumb/v6-m/nofp\libc-musl.a(memcpy.o)
 .comment       0x00000053       0x54 c:/program files/microchip/xc32/v4.00/bin/bin/../../lib/gcc/pic32c/8.3.1/../../../../pic32c/lib/thumb/v6-m/nofp\libc-musl.a(memset.o)
 .comment       0x00000053       0x54 c:/program files/microchip/xc32/v4.00/bin/bin/../../lib/gcc/pic32c/8.3.1/../../../../pic32c/lib/thumb/v6-m/nofp\libc-musl.a(__environ.o)

.debug_info     0x00000000    0x37dbe
 .debug_info    0x00000000     0x56ab build/Trinket_USB_2/production/_ext/2108104030/drv_usbfsv1.o
 .debug_info    0x000056ab     0x6706 build/Trinket_USB_2/production/_ext/2108104030/drv_usbfsv1_device.o
 .debug_info    0x0000bdb1      0xa68 build/Trinket_USB_2/production/_ext/1796475310/plib_clock.o
 .debug_info    0x0000c819      0x50c build/Trinket_USB_2/production/_ext/140417318/plib_dac.o
 .debug_info    0x0000cd25      0x34e build/Trinket_USB_2/production/_ext/1798624796/plib_evsys.o
 .debug_info    0x0000d073      0xa64 build/Trinket_USB_2/production/_ext/58287938/plib_nvic.o
 .debug_info    0x0000dad7      0x8df build/Trinket_USB_2/production/_ext/1292982576/plib_nvmctrl.o
 .debug_info    0x0000e3b6      0xbf0 build/Trinket_USB_2/production/_ext/58341089/plib_port.o
 .debug_info    0x0000efa6      0xc7c build/Trinket_USB_2/production/_ext/1390003407/plib_tc3.o
 .debug_info    0x0000fc22      0x9a8 build/Trinket_USB_2/production/_ext/1961919639/sys_int.o
 .debug_info    0x000105ca     0x25a5 build/Trinket_USB_2/production/_ext/1909065425/sys_time.o
 .debug_info    0x00012b6f     0x5df4 build/Trinket_USB_2/production/_ext/1390297478/usb_device.o
 .debug_info    0x00018963     0x3e88 build/Trinket_USB_2/production/_ext/1390297478/usb_device_cdc.o
 .debug_info    0x0001c7eb     0x1953 build/Trinket_USB_2/production/_ext/1390297478/usb_device_cdc_acm.o
 .debug_info    0x0001e13e     0x408d build/Trinket_USB_2/production/_ext/1189347772/initialization.o
 .debug_info    0x000221cb     0x3467 build/Trinket_USB_2/production/_ext/1189347772/interrupts.o
 .debug_info    0x00025632     0x2ef0 build/Trinket_USB_2/production/_ext/1189347772/exceptions.o
 .debug_info    0x00028522      0x4e2 build/Trinket_USB_2/production/_ext/1189347772/startup_xc32.o
 .debug_info    0x00028a04     0x396a build/Trinket_USB_2/production/_ext/1189347772/usb_device_init_data.o
 .debug_info    0x0002c36e     0x2f05 build/Trinket_USB_2/production/_ext/1189347772/tasks.o
 .debug_info    0x0002f273     0x2edf build/Trinket_USB_2/production/_ext/1360937237/main.o
 .debug_info    0x00032152     0x413f build/Trinket_USB_2/production/_ext/1360937237/app_usb.o
 .debug_info    0x00036291      0x2d1 c:/program files/microchip/xc32/v4.00/bin/bin/../../lib/gcc/pic32c/8.3.1/../../../../pic32c/lib/thumb/v6-m/nofp\libpic32c.a(data_init.o)
 .debug_info    0x00036562      0x6a9 c:/program files/microchip/xc32/v4.00/bin/bin/../../lib/gcc/pic32c/8.3.1/../../../../pic32c/lib/thumb/v6-m/nofp\libc-musl.a(__libc_start_main.o)
 .debug_info    0x00036c0b      0x5d5 c:/program files/microchip/xc32/v4.00/bin/bin/../../lib/gcc/pic32c/8.3.1/../../../../pic32c/lib/thumb/v6-m/nofp\libc-musl.a(libc.o)
 .debug_info    0x000371e0      0x30e c:/program files/microchip/xc32/v4.00/bin/bin/../../lib/gcc/pic32c/8.3.1/../../../../pic32c/lib/thumb/v6-m/nofp\libc-musl.a(memcpy.o)
 .debug_info    0x000374ee      0x2d2 c:/program files/microchip/xc32/v4.00/bin/bin/../../lib/gcc/pic32c/8.3.1/../../../../pic32c/lib/thumb/v6-m/nofp\libc-musl.a(memset.o)
 .debug_info    0x000377c0      0x58c c:/program files/microchip/xc32/v4.00/bin/bin/../../lib/gcc/pic32c/8.3.1/../../../../pic32c/lib/thumb/v6-m/nofp\libc-musl.a(__environ.o)
 .debug_info    0x00037d4c       0x26 c:/program files/microchip/xc32/v4.00/bin/bin/../../lib/gcc/pic32c/8.3.1/thumb/v6-m/nofp\libgcc.a(_udivsi3.o)
 .debug_info    0x00037d72       0x26 c:/program files/microchip/xc32/v4.00/bin/bin/../../lib/gcc/pic32c/8.3.1/thumb/v6-m/nofp\libgcc.a(_divsi3.o)
 .debug_info    0x00037d98       0x26 c:/program files/microchip/xc32/v4.00/bin/bin/../../lib/gcc/pic32c/8.3.1/thumb/v6-m/nofp\libgcc.a(_dvmd_tls.o)

.debug_abbrev   0x00000000     0x3ef3
 .debug_abbrev  0x00000000      0x4e5 build/Trinket_USB_2/production/_ext/2108104030/drv_usbfsv1.o
 .debug_abbrev  0x000004e5      0x5ed build/Trinket_USB_2/production/_ext/2108104030/drv_usbfsv1_device.o
 .debug_abbrev  0x00000ad2      0x13e build/Trinket_USB_2/production/_ext/1796475310/plib_clock.o
 .debug_abbrev  0x00000c10       0xc9 build/Trinket_USB_2/production/_ext/140417318/plib_dac.o
 .debug_abbrev  0x00000cd9       0x3b build/Trinket_USB_2/production/_ext/1798624796/plib_evsys.o
 .debug_abbrev  0x00000d14      0x1e1 build/Trinket_USB_2/production/_ext/58287938/plib_nvic.o
 .debug_abbrev  0x00000ef5      0x1b1 build/Trinket_USB_2/production/_ext/1292982576/plib_nvmctrl.o
 .debug_abbrev  0x000010a6      0x1d6 build/Trinket_USB_2/production/_ext/58341089/plib_port.o
 .debug_abbrev  0x0000127c      0x1e8 build/Trinket_USB_2/production/_ext/1390003407/plib_tc3.o
 .debug_abbrev  0x00001464      0x246 build/Trinket_USB_2/production/_ext/1961919639/sys_int.o
 .debug_abbrev  0x000016aa      0x5a6 build/Trinket_USB_2/production/_ext/1909065425/sys_time.o
 .debug_abbrev  0x00001c50      0x4e6 build/Trinket_USB_2/production/_ext/1390297478/usb_device.o
 .debug_abbrev  0x00002136      0x505 build/Trinket_USB_2/production/_ext/1390297478/usb_device_cdc.o
 .debug_abbrev  0x0000263b      0x205 build/Trinket_USB_2/production/_ext/1390297478/usb_device_cdc_acm.o
 .debug_abbrev  0x00002840      0x2df build/Trinket_USB_2/production/_ext/1189347772/initialization.o
 .debug_abbrev  0x00002b1f      0x21d build/Trinket_USB_2/production/_ext/1189347772/interrupts.o
 .debug_abbrev  0x00002d3c      0x1ff build/Trinket_USB_2/production/_ext/1189347772/exceptions.o
 .debug_abbrev  0x00002f3b      0x110 build/Trinket_USB_2/production/_ext/1189347772/startup_xc32.o
 .debug_abbrev  0x0000304b      0x248 build/Trinket_USB_2/production/_ext/1189347772/usb_device_init_data.o
 .debug_abbrev  0x00003293      0x231 build/Trinket_USB_2/production/_ext/1189347772/tasks.o
 .debug_abbrev  0x000034c4      0x238 build/Trinket_USB_2/production/_ext/1360937237/main.o
 .debug_abbrev  0x000036fc      0x3a6 build/Trinket_USB_2/production/_ext/1360937237/app_usb.o
 .debug_abbrev  0x00003aa2       0x2e c:/program files/microchip/xc32/v4.00/bin/bin/../../lib/gcc/pic32c/8.3.1/../../../../pic32c/lib/thumb/v6-m/nofp\libpic32c.a(data_init.o)
 .debug_abbrev  0x00003ad0      0x126 c:/program files/microchip/xc32/v4.00/bin/bin/../../lib/gcc/pic32c/8.3.1/../../../../pic32c/lib/thumb/v6-m/nofp\libc-musl.a(__libc_start_main.o)
 .debug_abbrev  0x00003bf6       0xc7 c:/program files/microchip/xc32/v4.00/bin/bin/../../lib/gcc/pic32c/8.3.1/../../../../pic32c/lib/thumb/v6-m/nofp\libc-musl.a(libc.o)
 .debug_abbrev  0x00003cbd       0x9c c:/program files/microchip/xc32/v4.00/bin/bin/../../lib/gcc/pic32c/8.3.1/../../../../pic32c/lib/thumb/v6-m/nofp\libc-musl.a(memcpy.o)
 .debug_abbrev  0x00003d59       0x97 c:/program files/microchip/xc32/v4.00/bin/bin/../../lib/gcc/pic32c/8.3.1/../../../../pic32c/lib/thumb/v6-m/nofp\libc-musl.a(memset.o)
 .debug_abbrev  0x00003df0       0xc7 c:/program files/microchip/xc32/v4.00/bin/bin/../../lib/gcc/pic32c/8.3.1/../../../../pic32c/lib/thumb/v6-m/nofp\libc-musl.a(__environ.o)
 .debug_abbrev  0x00003eb7       0x14 c:/program files/microchip/xc32/v4.00/bin/bin/../../lib/gcc/pic32c/8.3.1/thumb/v6-m/nofp\libgcc.a(_udivsi3.o)
 .debug_abbrev  0x00003ecb       0x14 c:/program files/microchip/xc32/v4.00/bin/bin/../../lib/gcc/pic32c/8.3.1/thumb/v6-m/nofp\libgcc.a(_divsi3.o)
 .debug_abbrev  0x00003edf       0x14 c:/program files/microchip/xc32/v4.00/bin/bin/../../lib/gcc/pic32c/8.3.1/thumb/v6-m/nofp\libgcc.a(_dvmd_tls.o)

.debug_loc      0x00000000     0xaf8a
 .debug_loc     0x00000000      0x7f5 build/Trinket_USB_2/production/_ext/2108104030/drv_usbfsv1.o
 .debug_loc     0x000007f5     0x2c1d build/Trinket_USB_2/production/_ext/2108104030/drv_usbfsv1_device.o
 .debug_loc     0x00003412       0x8e build/Trinket_USB_2/production/_ext/1796475310/plib_clock.o
 .debug_loc     0x000034a0       0x25 build/Trinket_USB_2/production/_ext/140417318/plib_dac.o
 .debug_loc     0x000034c5       0xb2 build/Trinket_USB_2/production/_ext/58287938/plib_nvic.o
 .debug_loc     0x00003577      0x2f9 build/Trinket_USB_2/production/_ext/1292982576/plib_nvmctrl.o
 .debug_loc     0x00003870      0x246 build/Trinket_USB_2/production/_ext/58341089/plib_port.o
 .debug_loc     0x00003ab6       0x5f build/Trinket_USB_2/production/_ext/1390003407/plib_tc3.o
 .debug_loc     0x00003b15      0x17d build/Trinket_USB_2/production/_ext/1961919639/sys_int.o
 .debug_loc     0x00003c92     0x20d3 build/Trinket_USB_2/production/_ext/1909065425/sys_time.o
 .debug_loc     0x00005d65     0x2fc0 build/Trinket_USB_2/production/_ext/1390297478/usb_device.o
 .debug_loc     0x00008d25     0x17ca build/Trinket_USB_2/production/_ext/1390297478/usb_device_cdc.o
 .debug_loc     0x0000a4ef      0x260 build/Trinket_USB_2/production/_ext/1390297478/usb_device_cdc_acm.o
 .debug_loc     0x0000a74f       0x45 build/Trinket_USB_2/production/_ext/1189347772/initialization.o
 .debug_loc     0x0000a794       0x20 build/Trinket_USB_2/production/_ext/1189347772/startup_xc32.o
 .debug_loc     0x0000a7b4       0x20 build/Trinket_USB_2/production/_ext/1189347772/tasks.o
 .debug_loc     0x0000a7d4       0x20 build/Trinket_USB_2/production/_ext/1360937237/main.o
 .debug_loc     0x0000a7f4      0x59b build/Trinket_USB_2/production/_ext/1360937237/app_usb.o
 .debug_loc     0x0000ad8f       0x14 c:/program files/microchip/xc32/v4.00/bin/bin/../../lib/gcc/pic32c/8.3.1/../../../../pic32c/lib/thumb/v6-m/nofp\libpic32c.a(data_init.o)
 .debug_loc     0x0000ada3       0x5e c:/program files/microchip/xc32/v4.00/bin/bin/../../lib/gcc/pic32c/8.3.1/../../../../pic32c/lib/thumb/v6-m/nofp\libc-musl.a(__libc_start_main.o)
 .debug_loc     0x0000ae01      0x109 c:/program files/microchip/xc32/v4.00/bin/bin/../../lib/gcc/pic32c/8.3.1/../../../../pic32c/lib/thumb/v6-m/nofp\libc-musl.a(memcpy.o)
 .debug_loc     0x0000af0a       0x80 c:/program files/microchip/xc32/v4.00/bin/bin/../../lib/gcc/pic32c/8.3.1/../../../../pic32c/lib/thumb/v6-m/nofp\libc-musl.a(memset.o)

.debug_aranges  0x00000000      0x908
 .debug_aranges
                0x00000000       0x80 build/Trinket_USB_2/production/_ext/2108104030/drv_usbfsv1.o
 .debug_aranges
                0x00000080       0xb8 build/Trinket_USB_2/production/_ext/2108104030/drv_usbfsv1_device.o
 .debug_aranges
                0x00000138       0x20 build/Trinket_USB_2/production/_ext/1796475310/plib_clock.o
 .debug_aranges
                0x00000158       0x28 build/Trinket_USB_2/production/_ext/140417318/plib_dac.o
 .debug_aranges
                0x00000180       0x20 build/Trinket_USB_2/production/_ext/1798624796/plib_evsys.o
 .debug_aranges
                0x000001a0       0x38 build/Trinket_USB_2/production/_ext/58287938/plib_nvic.o
 .debug_aranges
                0x000001d8       0x70 build/Trinket_USB_2/production/_ext/1292982576/plib_nvmctrl.o
 .debug_aranges
                0x00000248       0x70 build/Trinket_USB_2/production/_ext/58341089/plib_port.o
 .debug_aranges
                0x000002b8       0x78 build/Trinket_USB_2/production/_ext/1390003407/plib_tc3.o
 .debug_aranges
                0x00000330       0x40 build/Trinket_USB_2/production/_ext/1961919639/sys_int.o
 .debug_aranges
                0x00000370      0x108 build/Trinket_USB_2/production/_ext/1909065425/sys_time.o
 .debug_aranges
                0x00000478      0x1a0 build/Trinket_USB_2/production/_ext/1390297478/usb_device.o
 .debug_aranges
                0x00000618       0x88 build/Trinket_USB_2/production/_ext/1390297478/usb_device_cdc.o
 .debug_aranges
                0x000006a0       0x20 build/Trinket_USB_2/production/_ext/1390297478/usb_device_cdc_acm.o
 .debug_aranges
                0x000006c0       0x20 build/Trinket_USB_2/production/_ext/1189347772/initialization.o
 .debug_aranges
                0x000006e0       0x20 build/Trinket_USB_2/production/_ext/1189347772/interrupts.o
 .debug_aranges
                0x00000700       0x28 build/Trinket_USB_2/production/_ext/1189347772/exceptions.o
 .debug_aranges
                0x00000728       0x28 build/Trinket_USB_2/production/_ext/1189347772/startup_xc32.o
 .debug_aranges
                0x00000750       0x18 build/Trinket_USB_2/production/_ext/1189347772/usb_device_init_data.o
 .debug_aranges
                0x00000768       0x20 build/Trinket_USB_2/production/_ext/1189347772/tasks.o
 .debug_aranges
                0x00000788       0x20 build/Trinket_USB_2/production/_ext/1360937237/main.o
 .debug_aranges
                0x000007a8       0x48 build/Trinket_USB_2/production/_ext/1360937237/app_usb.o
 .debug_aranges
                0x000007f0       0x20 c:/program files/microchip/xc32/v4.00/bin/bin/../../lib/gcc/pic32c/8.3.1/../../../../pic32c/lib/thumb/v6-m/nofp\libpic32c.a(data_init.o)
 .debug_aranges
                0x00000810       0x28 c:/program files/microchip/xc32/v4.00/bin/bin/../../lib/gcc/pic32c/8.3.1/../../../../pic32c/lib/thumb/v6-m/nofp\libc-musl.a(__libc_start_main.o)
 .debug_aranges
                0x00000838       0x18 c:/program files/microchip/xc32/v4.00/bin/bin/../../lib/gcc/pic32c/8.3.1/../../../../pic32c/lib/thumb/v6-m/nofp\libc-musl.a(libc.o)
 .debug_aranges
                0x00000850       0x20 c:/program files/microchip/xc32/v4.00/bin/bin/../../lib/gcc/pic32c/8.3.1/../../../../pic32c/lib/thumb/v6-m/nofp\libc-musl.a(memcpy.o)
 .debug_aranges
                0x00000870       0x20 c:/program files/microchip/xc32/v4.00/bin/bin/../../lib/gcc/pic32c/8.3.1/../../../../pic32c/lib/thumb/v6-m/nofp\libc-musl.a(memset.o)
 .debug_aranges
                0x00000890       0x18 c:/program files/microchip/xc32/v4.00/bin/bin/../../lib/gcc/pic32c/8.3.1/../../../../pic32c/lib/thumb/v6-m/nofp\libc-musl.a(__environ.o)
 .debug_aranges
                0x000008a8       0x20 c:/program files/microchip/xc32/v4.00/bin/bin/../../lib/gcc/pic32c/8.3.1/thumb/v6-m/nofp\libgcc.a(_udivsi3.o)
 .debug_aranges
                0x000008c8       0x20 c:/program files/microchip/xc32/v4.00/bin/bin/../../lib/gcc/pic32c/8.3.1/thumb/v6-m/nofp\libgcc.a(_divsi3.o)
 .debug_aranges
                0x000008e8       0x20 c:/program files/microchip/xc32/v4.00/bin/bin/../../lib/gcc/pic32c/8.3.1/thumb/v6-m/nofp\libgcc.a(_dvmd_tls.o)

.debug_ranges   0x00000000      0x8c0
 .debug_ranges  0x00000000       0x70 build/Trinket_USB_2/production/_ext/2108104030/drv_usbfsv1.o
 .debug_ranges  0x00000070      0x168 build/Trinket_USB_2/production/_ext/2108104030/drv_usbfsv1_device.o
 .debug_ranges  0x000001d8       0x28 build/Trinket_USB_2/production/_ext/1796475310/plib_clock.o
 .debug_ranges  0x00000200       0x18 build/Trinket_USB_2/production/_ext/140417318/plib_dac.o
 .debug_ranges  0x00000218       0x10 build/Trinket_USB_2/production/_ext/1798624796/plib_evsys.o
 .debug_ranges  0x00000228       0x28 build/Trinket_USB_2/production/_ext/58287938/plib_nvic.o
 .debug_ranges  0x00000250       0x60 build/Trinket_USB_2/production/_ext/1292982576/plib_nvmctrl.o
 .debug_ranges  0x000002b0       0x60 build/Trinket_USB_2/production/_ext/58341089/plib_port.o
 .debug_ranges  0x00000310       0x68 build/Trinket_USB_2/production/_ext/1390003407/plib_tc3.o
 .debug_ranges  0x00000378       0x48 build/Trinket_USB_2/production/_ext/1961919639/sys_int.o
 .debug_ranges  0x000003c0      0x198 build/Trinket_USB_2/production/_ext/1909065425/sys_time.o
 .debug_ranges  0x00000558      0x190 build/Trinket_USB_2/production/_ext/1390297478/usb_device.o
 .debug_ranges  0x000006e8       0xc0 build/Trinket_USB_2/production/_ext/1390297478/usb_device_cdc.o
 .debug_ranges  0x000007a8       0x10 build/Trinket_USB_2/production/_ext/1390297478/usb_device_cdc_acm.o
 .debug_ranges  0x000007b8       0x10 build/Trinket_USB_2/production/_ext/1189347772/initialization.o
 .debug_ranges  0x000007c8       0x10 build/Trinket_USB_2/production/_ext/1189347772/interrupts.o
 .debug_ranges  0x000007d8       0x18 build/Trinket_USB_2/production/_ext/1189347772/exceptions.o
 .debug_ranges  0x000007f0       0x18 build/Trinket_USB_2/production/_ext/1189347772/startup_xc32.o
 .debug_ranges  0x00000808       0x10 build/Trinket_USB_2/production/_ext/1189347772/tasks.o
 .debug_ranges  0x00000818       0x10 build/Trinket_USB_2/production/_ext/1360937237/main.o
 .debug_ranges  0x00000828       0x38 build/Trinket_USB_2/production/_ext/1360937237/app_usb.o
 .debug_ranges  0x00000860       0x10 c:/program files/microchip/xc32/v4.00/bin/bin/../../lib/gcc/pic32c/8.3.1/../../../../pic32c/lib/thumb/v6-m/nofp\libpic32c.a(data_init.o)
 .debug_ranges  0x00000870       0x30 c:/program files/microchip/xc32/v4.00/bin/bin/../../lib/gcc/pic32c/8.3.1/../../../../pic32c/lib/thumb/v6-m/nofp\libc-musl.a(__libc_start_main.o)
 .debug_ranges  0x000008a0       0x10 c:/program files/microchip/xc32/v4.00/bin/bin/../../lib/gcc/pic32c/8.3.1/../../../../pic32c/lib/thumb/v6-m/nofp\libc-musl.a(memcpy.o)
 .debug_ranges  0x000008b0       0x10 c:/program files/microchip/xc32/v4.00/bin/bin/../../lib/gcc/pic32c/8.3.1/../../../../pic32c/lib/thumb/v6-m/nofp\libc-musl.a(memset.o)

.debug_line     0x00000000     0x9ca1
 .debug_line    0x00000000      0x9b8 build/Trinket_USB_2/production/_ext/2108104030/drv_usbfsv1.o
 .debug_line    0x000009b8     0x1eeb build/Trinket_USB_2/production/_ext/2108104030/drv_usbfsv1_device.o
 .debug_line    0x000028a3      0x1f2 build/Trinket_USB_2/production/_ext/1796475310/plib_clock.o
 .debug_line    0x00002a95      0x145 build/Trinket_USB_2/production/_ext/140417318/plib_dac.o
 .debug_line    0x00002bda       0x6c build/Trinket_USB_2/production/_ext/1798624796/plib_evsys.o
 .debug_line    0x00002c46      0x2e8 build/Trinket_USB_2/production/_ext/58287938/plib_nvic.o
 .debug_line    0x00002f2e      0x2f0 build/Trinket_USB_2/production/_ext/1292982576/plib_nvmctrl.o
 .debug_line    0x0000321e      0x2c0 build/Trinket_USB_2/production/_ext/58341089/plib_port.o
 .debug_line    0x000034de      0x340 build/Trinket_USB_2/production/_ext/1390003407/plib_tc3.o
 .debug_line    0x0000381e      0x2d7 build/Trinket_USB_2/production/_ext/1961919639/sys_int.o
 .debug_line    0x00003af5      0xf3d build/Trinket_USB_2/production/_ext/1909065425/sys_time.o
 .debug_line    0x00004a32     0x18f2 build/Trinket_USB_2/production/_ext/1390297478/usb_device.o
 .debug_line    0x00006324      0xcd8 build/Trinket_USB_2/production/_ext/1390297478/usb_device_cdc.o
 .debug_line    0x00006ffc      0x252 build/Trinket_USB_2/production/_ext/1390297478/usb_device_cdc_acm.o
 .debug_line    0x0000724e      0x5dc build/Trinket_USB_2/production/_ext/1189347772/initialization.o
 .debug_line    0x0000782a      0x365 build/Trinket_USB_2/production/_ext/1189347772/interrupts.o
 .debug_line    0x00007b8f      0x366 build/Trinket_USB_2/production/_ext/1189347772/exceptions.o
 .debug_line    0x00007ef5      0x15f build/Trinket_USB_2/production/_ext/1189347772/startup_xc32.o
 .debug_line    0x00008054      0x352 build/Trinket_USB_2/production/_ext/1189347772/usb_device_init_data.o
 .debug_line    0x000083a6      0x367 build/Trinket_USB_2/production/_ext/1189347772/tasks.o
 .debug_line    0x0000870d      0x354 build/Trinket_USB_2/production/_ext/1360937237/main.o
 .debug_line    0x00008a61      0x82b build/Trinket_USB_2/production/_ext/1360937237/app_usb.o
 .debug_line    0x0000928c      0x132 c:/program files/microchip/xc32/v4.00/bin/bin/../../lib/gcc/pic32c/8.3.1/../../../../pic32c/lib/thumb/v6-m/nofp\libpic32c.a(data_init.o)
 .debug_line    0x000093be      0x241 c:/program files/microchip/xc32/v4.00/bin/bin/../../lib/gcc/pic32c/8.3.1/../../../../pic32c/lib/thumb/v6-m/nofp\libc-musl.a(__libc_start_main.o)
 .debug_line    0x000095ff      0x132 c:/program files/microchip/xc32/v4.00/bin/bin/../../lib/gcc/pic32c/8.3.1/../../../../pic32c/lib/thumb/v6-m/nofp\libc-musl.a(libc.o)
 .debug_line    0x00009731       0xf5 c:/program files/microchip/xc32/v4.00/bin/bin/../../lib/gcc/pic32c/8.3.1/../../../../pic32c/lib/thumb/v6-m/nofp\libc-musl.a(memcpy.o)
 .debug_line    0x00009826       0xe9 c:/program files/microchip/xc32/v4.00/bin/bin/../../lib/gcc/pic32c/8.3.1/../../../../pic32c/lib/thumb/v6-m/nofp\libc-musl.a(memset.o)
 .debug_line    0x0000990f      0x19f c:/program files/microchip/xc32/v4.00/bin/bin/../../lib/gcc/pic32c/8.3.1/../../../../pic32c/lib/thumb/v6-m/nofp\libc-musl.a(__environ.o)
 .debug_line    0x00009aae       0xa8 c:/program files/microchip/xc32/v4.00/bin/bin/../../lib/gcc/pic32c/8.3.1/thumb/v6-m/nofp\libgcc.a(_udivsi3.o)
 .debug_line    0x00009b56       0xaf c:/program files/microchip/xc32/v4.00/bin/bin/../../lib/gcc/pic32c/8.3.1/thumb/v6-m/nofp\libgcc.a(_divsi3.o)
 .debug_line    0x00009c05       0x9c c:/program files/microchip/xc32/v4.00/bin/bin/../../lib/gcc/pic32c/8.3.1/thumb/v6-m/nofp\libgcc.a(_dvmd_tls.o)

.debug_str      0x00000000     0x17fc
 .debug_str     0x00000000      0x325 build/Trinket_USB_2/production/_ext/2108104030/drv_usbfsv1.o
 .debug_str     0x00000325      0x2f4 build/Trinket_USB_2/production/_ext/2108104030/drv_usbfsv1_device.o
 .debug_str     0x00000619       0x28 build/Trinket_USB_2/production/_ext/1796475310/plib_clock.o
 .debug_str     0x00000641        0x0 build/Trinket_USB_2/production/_ext/140417318/plib_dac.o
 .debug_str     0x00000641        0x0 build/Trinket_USB_2/production/_ext/1798624796/plib_evsys.o
 .debug_str     0x00000641        0xa build/Trinket_USB_2/production/_ext/58287938/plib_nvic.o
 .debug_str     0x0000064b       0x11 build/Trinket_USB_2/production/_ext/1292982576/plib_nvmctrl.o
 .debug_str     0x0000065c        0xb build/Trinket_USB_2/production/_ext/58341089/plib_port.o
 .debug_str     0x00000667       0xa7 build/Trinket_USB_2/production/_ext/1390003407/plib_tc3.o
 .debug_str     0x0000070e       0x32 build/Trinket_USB_2/production/_ext/1961919639/sys_int.o
 .debug_str     0x00000740       0xd4 build/Trinket_USB_2/production/_ext/1909065425/sys_time.o
 .debug_str     0x00000814      0x2cc build/Trinket_USB_2/production/_ext/1390297478/usb_device.o
 .debug_str     0x00000ae0      0x1f5 build/Trinket_USB_2/production/_ext/1390297478/usb_device_cdc.o
 .debug_str     0x00000cd5       0x27 build/Trinket_USB_2/production/_ext/1390297478/usb_device_cdc_acm.o
 .debug_str     0x00000cfc      0x283 build/Trinket_USB_2/production/_ext/1189347772/initialization.o
 .debug_str     0x00000f7f       0x9c build/Trinket_USB_2/production/_ext/1189347772/interrupts.o
 .debug_str     0x0000101b       0x9c build/Trinket_USB_2/production/_ext/1189347772/exceptions.o
 .debug_str     0x000010b7       0x2f build/Trinket_USB_2/production/_ext/1189347772/startup_xc32.o
 .debug_str     0x000010e6       0xd9 build/Trinket_USB_2/production/_ext/1189347772/usb_device_init_data.o
 .debug_str     0x000011bf       0xcd build/Trinket_USB_2/production/_ext/1189347772/tasks.o
 .debug_str     0x0000128c       0xb5 build/Trinket_USB_2/production/_ext/1360937237/main.o
 .debug_str     0x00001341      0x1f1 build/Trinket_USB_2/production/_ext/1360937237/app_usb.o
 .debug_str     0x00001532        0x0 c:/program files/microchip/xc32/v4.00/bin/bin/../../lib/gcc/pic32c/8.3.1/../../../../pic32c/lib/thumb/v6-m/nofp\libpic32c.a(data_init.o)
 .debug_str     0x00001532        0x0 c:/program files/microchip/xc32/v4.00/bin/bin/../../lib/gcc/pic32c/8.3.1/../../../../pic32c/lib/thumb/v6-m/nofp\libc-musl.a(__libc_start_main.o)
 .debug_str     0x00001532        0x0 c:/program files/microchip/xc32/v4.00/bin/bin/../../lib/gcc/pic32c/8.3.1/../../../../pic32c/lib/thumb/v6-m/nofp\libc-musl.a(libc.o)
 .debug_str     0x00001532        0x0 c:/program files/microchip/xc32/v4.00/bin/bin/../../lib/gcc/pic32c/8.3.1/../../../../pic32c/lib/thumb/v6-m/nofp\libc-musl.a(memcpy.o)
 .debug_str     0x00001532        0x0 c:/program files/microchip/xc32/v4.00/bin/bin/../../lib/gcc/pic32c/8.3.1/../../../../pic32c/lib/thumb/v6-m/nofp\libc-musl.a(memset.o)
 .debug_str     0x00001532        0x0 c:/program files/microchip/xc32/v4.00/bin/bin/../../lib/gcc/pic32c/8.3.1/../../../../pic32c/lib/thumb/v6-m/nofp\libc-musl.a(__environ.o)
 .debug_str     0x00001532       0xee c:/program files/microchip/xc32/v4.00/bin/bin/../../lib/gcc/pic32c/8.3.1/thumb/v6-m/nofp\libgcc.a(_udivsi3.o)
 .debug_str     0x00001620       0xee c:/program files/microchip/xc32/v4.00/bin/bin/../../lib/gcc/pic32c/8.3.1/thumb/v6-m/nofp\libgcc.a(_divsi3.o)
 .debug_str     0x0000170e       0xee c:/program files/microchip/xc32/v4.00/bin/bin/../../lib/gcc/pic32c/8.3.1/thumb/v6-m/nofp\libgcc.a(_dvmd_tls.o)

.debug_frame    0x00000000     0x1394
 .debug_frame   0x00000000      0x128 build/Trinket_USB_2/production/_ext/2108104030/drv_usbfsv1.o
 .debug_frame   0x00000128      0x21c build/Trinket_USB_2/production/_ext/2108104030/drv_usbfsv1_device.o
 .debug_frame   0x00000344       0x20 build/Trinket_USB_2/production/_ext/1796475310/plib_clock.o
 .debug_frame   0x00000364       0x30 build/Trinket_USB_2/production/_ext/140417318/plib_dac.o
 .debug_frame   0x00000394       0x20 build/Trinket_USB_2/production/_ext/1798624796/plib_evsys.o
 .debug_frame   0x000003b4       0x50 build/Trinket_USB_2/production/_ext/58287938/plib_nvic.o
 .debug_frame   0x00000404       0xd4 build/Trinket_USB_2/production/_ext/1292982576/plib_nvmctrl.o
 .debug_frame   0x000004d8       0xd4 build/Trinket_USB_2/production/_ext/58341089/plib_port.o
 .debug_frame   0x000005ac       0xd8 build/Trinket_USB_2/production/_ext/1390003407/plib_tc3.o
 .debug_frame   0x00000684       0x84 build/Trinket_USB_2/production/_ext/1961919639/sys_int.o
 .debug_frame   0x00000708      0x32c build/Trinket_USB_2/production/_ext/1909065425/sys_time.o
 .debug_frame   0x00000a34      0x524 build/Trinket_USB_2/production/_ext/1390297478/usb_device.o
 .debug_frame   0x00000f58      0x174 build/Trinket_USB_2/production/_ext/1390297478/usb_device_cdc.o
 .debug_frame   0x000010cc       0x28 build/Trinket_USB_2/production/_ext/1390297478/usb_device_cdc_acm.o
 .debug_frame   0x000010f4       0x28 build/Trinket_USB_2/production/_ext/1189347772/initialization.o
 .debug_frame   0x0000111c       0x20 build/Trinket_USB_2/production/_ext/1189347772/interrupts.o
 .debug_frame   0x0000113c       0x30 build/Trinket_USB_2/production/_ext/1189347772/exceptions.o
 .debug_frame   0x0000116c       0x38 build/Trinket_USB_2/production/_ext/1189347772/startup_xc32.o
 .debug_frame   0x000011a4       0x28 build/Trinket_USB_2/production/_ext/1189347772/tasks.o
 .debug_frame   0x000011cc       0x28 build/Trinket_USB_2/production/_ext/1360937237/main.o
 .debug_frame   0x000011f4       0xac build/Trinket_USB_2/production/_ext/1360937237/app_usb.o
 .debug_frame   0x000012a0       0x34 c:/program files/microchip/xc32/v4.00/bin/bin/../../lib/gcc/pic32c/8.3.1/../../../../pic32c/lib/thumb/v6-m/nofp\libpic32c.a(data_init.o)
 .debug_frame   0x000012d4       0x38 c:/program files/microchip/xc32/v4.00/bin/bin/../../lib/gcc/pic32c/8.3.1/../../../../pic32c/lib/thumb/v6-m/nofp\libc-musl.a(__libc_start_main.o)
 .debug_frame   0x0000130c       0x28 c:/program files/microchip/xc32/v4.00/bin/bin/../../lib/gcc/pic32c/8.3.1/../../../../pic32c/lib/thumb/v6-m/nofp\libc-musl.a(memcpy.o)
 .debug_frame   0x00001334       0x20 c:/program files/microchip/xc32/v4.00/bin/bin/../../lib/gcc/pic32c/8.3.1/../../../../pic32c/lib/thumb/v6-m/nofp\libc-musl.a(memset.o)
 .debug_frame   0x00001354       0x20 c:/program files/microchip/xc32/v4.00/bin/bin/../../lib/gcc/pic32c/8.3.1/thumb/v6-m/nofp\libgcc.a(_udivsi3.o)
 .debug_frame   0x00001374       0x20 c:/program files/microchip/xc32/v4.00/bin/bin/../../lib/gcc/pic32c/8.3.1/thumb/v6-m/nofp\libgcc.a(_divsi3.o)

.note.GNU-stack
                0x00000000        0x0
 .note.GNU-stack
                0x00000000        0x0 c:/program files/microchip/xc32/v4.00/bin/bin/../../lib/gcc/pic32c/8.3.1/../../../../pic32c/lib/thumb/v6-m/nofp\libc-musl.a(__libc_start_main.o)
 .note.GNU-stack
                0x00000000        0x0 c:/program files/microchip/xc32/v4.00/bin/bin/../../lib/gcc/pic32c/8.3.1/../../../../pic32c/lib/thumb/v6-m/nofp\libc-musl.a(libc.o)
 .note.GNU-stack
                0x00000000        0x0 c:/program files/microchip/xc32/v4.00/bin/bin/../../lib/gcc/pic32c/8.3.1/../../../../pic32c/lib/thumb/v6-m/nofp\libc-musl.a(memcpy.o)
 .note.GNU-stack
                0x00000000        0x0 c:/program files/microchip/xc32/v4.00/bin/bin/../../lib/gcc/pic32c/8.3.1/../../../../pic32c/lib/thumb/v6-m/nofp\libc-musl.a(memset.o)
 .note.GNU-stack
                0x00000000        0x0 c:/program files/microchip/xc32/v4.00/bin/bin/../../lib/gcc/pic32c/8.3.1/../../../../pic32c/lib/thumb/v6-m/nofp\libc-musl.a(__environ.o)

.stack          0x20000b90      0x100
 .stack         0x20000b90      0x100 stack

.bss.cdcReadBuffer%1
                0x20000000      0x200
 .bss.cdcReadBuffer
                0x20000000      0x200 build/Trinket_USB_2/production/_ext/1360937237/app_usb.o
                0x20000000                cdcReadBuffer

.bss.cdcWriteBuffer%2
                0x20000200      0x200
 .bss.cdcWriteBuffer
                0x20000200      0x200 build/Trinket_USB_2/production/_ext/1360937237/app_usb.o
                0x20000200                cdcWriteBuffer

.bss.gDrvUSBObj%3
                0x20000400      0x134
 .bss.gDrvUSBObj
                0x20000400      0x134 build/Trinket_USB_2/production/_ext/2108104030/drv_usbfsv1.o
                0x20000400                gDrvUSBObj

.bss.usbDeviceInstance%4
                0x20000534       0xec
 .bss.usbDeviceInstance
                0x20000534       0xec build/Trinket_USB_2/production/_ext/1390297478/usb_device.o

.bss.timers%5   0x20000620       0xa0
 .bss.timers    0x20000620       0xa0 build/Trinket_USB_2/production/_ext/1909065425/sys_time.o

.bss.gUSBDeviceCDCIRP%6
                0x200006c0       0x6c
 .bss.gUSBDeviceCDCIRP
                0x200006c0       0x6c build/Trinket_USB_2/production/_ext/1390297478/usb_device_cdc.o
                0x200006c0                gUSBDeviceCDCIRP

.data.gDrvUSBFSV1DeviceInterface%7
                0x2000072c       0x50
 .data.gDrvUSBFSV1DeviceInterface
                0x2000072c       0x50 build/Trinket_USB_2/production/_ext/2108104030/drv_usbfsv1_device.o
                0x2000072c                gDrvUSBFSV1DeviceInterface

.bss%8          0x2000077c       0x50
 .bss           0x2000077c       0x50 c:/program files/microchip/xc32/v4.00/bin/bin/../../lib/gcc/pic32c/8.3.1/../../../../pic32c/lib/thumb/v6-m/nofp\libc-musl.a(libc.o)
                0x2000077c                __progname_full
                0x2000077c                program_invocation_name
                0x20000780                program_invocation_short_name
                0x20000780                __progname
                0x20000784                __sysinfo
                0x20000788                __hwcap
                0x2000078c                __libc

.bss.gUSBDeviceCDCInstance%9
                0x200007cc       0x44
 .bss.gUSBDeviceCDCInstance
                0x200007cc       0x44 build/Trinket_USB_2/production/_ext/1390297478/usb_device_cdc.o
                0x200007cc                gUSBDeviceCDCInstance

.bss.gDrvEP0BufferBank0%10
                0x20000810       0x40
 .bss.gDrvEP0BufferBank0
                0x20000810       0x40 build/Trinket_USB_2/production/_ext/2108104030/drv_usbfsv1_device.o
                0x20000810                gDrvEP0BufferBank0

.bss.gDrvEP0BufferBank1%11
                0x20000850       0x40
 .bss.gDrvEP0BufferBank1
                0x20000850       0x40 build/Trinket_USB_2/production/_ext/2108104030/drv_usbfsv1_device.o
                0x20000850                gDrvEP0BufferBank1

.bss.app_usbData%12
                0x20000890       0x3c
 .bss.app_usbData
                0x20000890       0x3c build/Trinket_USB_2/production/_ext/1360937237/app_usb.o
                0x20000890                app_usbData

.bss.gDrvUSBEndpointObjects%13
                0x200008cc       0x30
 .bss.gDrvUSBEndpointObjects
                0x200008cc       0x30 build/Trinket_USB_2/production/_ext/2108104030/drv_usbfsv1_device.o
                0x200008cc                gDrvUSBEndpointObjects

.bss.gSystemCounterObj%14
                0x200008fc       0x28
 .bss.gSystemCounterObj
                0x200008fc       0x28 build/Trinket_USB_2/production/_ext/1909065425/sys_time.o

.bss%15         0x20000924       0x1c
 .bss           0x20000924       0x1c c:/program files/microchip/xc32/v4.00/bin/bin/../../lib/gcc/pic32c/8.3.1/thumb/v6-m/nofp/crtbegin.o

.bss.sysObj%16  0x20000940        0xc
 .bss.sysObj    0x20000940        0xc build/Trinket_USB_2/production/_ext/1189347772/initialization.o
                0x20000940                sysObj

.bss.gUSBDeviceCDCSerialStateResponse%17
                0x2000094c        0xa
 .bss.gUSBDeviceCDCSerialStateResponse
                0x2000094c        0xa build/Trinket_USB_2/production/_ext/1390297478/usb_device_cdc.o
                0x2000094c                gUSBDeviceCDCSerialStateResponse

.bss.TC3_CallbackObject%18
                0x20000958        0x8
 .bss.TC3_CallbackObject
                0x20000958        0x8 build/Trinket_USB_2/production/_ext/1390003407/plib_tc3.o
                0x20000958                TC3_CallbackObject

.bss.i%19       0x20000960        0x4
 .bss.i         0x20000960        0x4 build/Trinket_USB_2/production/_ext/1360937237/app_usb.o
                0x20000960                i

.bss.j%20       0x20000964        0x4
 .bss.j         0x20000964        0x4 build/Trinket_USB_2/production/_ext/1360937237/app_usb.o
                0x20000964                j

.bss%21         0x20000968        0x8
 .bss           0x20000968        0x4 c:/program files/microchip/xc32/v4.00/bin/bin/../../lib/gcc/pic32c/8.3.1/../../../../pic32c/lib/thumb/v6-m/nofp\libpic32c.a(data_init.o)
 .bss           0x2000096c        0x4 c:/program files/microchip/xc32/v4.00/bin/bin/../../lib/gcc/pic32c/8.3.1/../../../../pic32c/lib/thumb/v6-m/nofp\libc-musl.a(__environ.o)
                0x2000096c                __environ
                0x2000096c                environ
                0x2000096c                ___environ
                0x2000096c                _environ

.bss.gUSBDeviceCdcCommonDataObj%23
                0x20000970        0x2
 .bss.gUSBDeviceCdcCommonDataObj
                0x20000970        0x2 build/Trinket_USB_2/production/_ext/1390297478/usb_device_cdc.o
                0x20000970                gUSBDeviceCdcCommonDataObj

.bss.sample_number%24
                0x20000956        0x1
 .bss.sample_number
                0x20000956        0x1 build/Trinket_USB_2/production/_ext/1360937237/app_usb.o
                0x20000956                sample_number

.bss.tone_on%25
                0x20000957        0x1
 .bss.tone_on   0x20000957        0x1 build/Trinket_USB_2/production/_ext/1360937237/app_usb.o
                0x20000957                tone_on

.eh_frame%z1    0x00000000        0x0
 .eh_frame      0x00000000        0x0 c:/program files/microchip/xc32/v4.00/bin/bin/../../lib/gcc/pic32c/8.3.1/thumb/v6-m/nofp/crtbegin.o

.config_00804000.__config_00804000%26
                0x00804000        0x4
 .config_00804000.__config_00804000
                0x00804000        0x4 build/Trinket_USB_2/production/_ext/1189347772/initialization.o
                0x00804000                __config_00804000

.config_00804004.__config_00804004%27
                0x00804004        0x4
 .config_00804004.__config_00804004
                0x00804004        0x4 build/Trinket_USB_2/production/_ext/1189347772/initialization.o
                0x00804004                __config_00804004

.text._DRV_USBFSV1_DEVICE_Tasks_ISR%28
                0x000000d0      0x628
 .text._DRV_USBFSV1_DEVICE_Tasks_ISR
                0x000000d0      0x628 build/Trinket_USB_2/production/_ext/2108104030/drv_usbfsv1_device.o
                0x000000d0                _DRV_USBFSV1_DEVICE_Tasks_ISR

.text.DRV_USBFSV1_DEVICE_IRPSubmit%29
                0x000006f8      0x3d4
 .text.DRV_USBFSV1_DEVICE_IRPSubmit
                0x000006f8      0x3d4 build/Trinket_USB_2/production/_ext/2108104030/drv_usbfsv1_device.o
                0x000006f8                DRV_USBFSV1_DEVICE_IRPSubmit

.text%30        0x00000acc      0x1d4
 .text          0x00000acc      0x1d4 c:/program files/microchip/xc32/v4.00/bin/bin/../../lib/gcc/pic32c/8.3.1/thumb/v6-m/nofp\libgcc.a(_divsi3.o)
                0x00000acc                __divsi3
                0x00000acc                __aeabi_idiv
                0x00000c98                __aeabi_idivmod

.text.APP_USB_Tasks%31
                0x00000ca0      0x1bc
 .text.APP_USB_Tasks
                0x00000ca0      0x1bc build/Trinket_USB_2/production/_ext/1360937237/app_usb.o
                0x00000ca0                APP_USB_Tasks

.text.DRV_USBFSV1_DEVICE_EndpointEnable%32
                0x00000e5c      0x194
 .text.DRV_USBFSV1_DEVICE_EndpointEnable
                0x00000e5c      0x194 build/Trinket_USB_2/production/_ext/2108104030/drv_usbfsv1_device.o
                0x00000e5c                DRV_USBFSV1_DEVICE_EndpointEnable

.dinit%33       0x00000ff0      0x190
 .dinit         0x00000ff0      0x190 data_init

.text.DRV_USBFSV1_DEVICE_EndpointDisable%34
                0x00001180      0x180
 .text.DRV_USBFSV1_DEVICE_EndpointDisable
                0x00001180      0x180 build/Trinket_USB_2/production/_ext/2108104030/drv_usbfsv1_device.o
                0x00001180                DRV_USBFSV1_DEVICE_EndpointDisable

.text._USB_DEVICE_ProcessStandardDeviceSetRequests%35
                0x00001300      0x142
 .text._USB_DEVICE_ProcessStandardDeviceSetRequests
                0x00001300      0x142 build/Trinket_USB_2/production/_ext/1390297478/usb_device.o
                0x00001300                _USB_DEVICE_ProcessStandardDeviceSetRequests

.text.USB_DEVICE_CDC_Write%36
                0x00001444      0x130
 .text.USB_DEVICE_CDC_Write
                0x00001444      0x130 build/Trinket_USB_2/production/_ext/1390297478/usb_device_cdc.o
                0x00001444                USB_DEVICE_CDC_Write

.text.DRV_USBFSV1_Initialize%37
                0x00001574      0x124
 .text.DRV_USBFSV1_Initialize
                0x00001574      0x124 build/Trinket_USB_2/production/_ext/2108104030/drv_usbfsv1.o
                0x00001574                DRV_USBFSV1_Initialize

.text.DRV_USBFSV1_DEVICE_EndpointStallClear%38
                0x00001698      0x120
 .text.DRV_USBFSV1_DEVICE_EndpointStallClear
                0x00001698      0x120 build/Trinket_USB_2/production/_ext/2108104030/drv_usbfsv1_device.o
                0x00001698                DRV_USBFSV1_DEVICE_EndpointStallClear

.text._USB_DEVICE_ControlTransferHandler%39
                0x000017b8      0x11c
 .text._USB_DEVICE_ControlTransferHandler
                0x000017b8      0x11c build/Trinket_USB_2/production/_ext/1390297478/usb_device.o
                0x000017b8                _USB_DEVICE_ControlTransferHandler

.text._USB_DEVICE_EventHandler%40
                0x000018d4      0x114
 .text._USB_DEVICE_EventHandler
                0x000018d4      0x114 build/Trinket_USB_2/production/_ext/1390297478/usb_device.o
                0x000018d4                _USB_DEVICE_EventHandler

.text%41        0x000019e8      0x114
 .text          0x000019e8      0x114 c:/program files/microchip/xc32/v4.00/bin/bin/../../lib/gcc/pic32c/8.3.1/thumb/v6-m/nofp\libgcc.a(_udivsi3.o)
                0x000019e8                __aeabi_uidiv
                0x000019e8                __udivsi3
                0x00001af4                __aeabi_uidivmod

.text.DRV_USBFSV1_DEVICE_EndpointStall%42
                0x00001afc      0x104
 .text.DRV_USBFSV1_DEVICE_EndpointStall
                0x00001afc      0x104 build/Trinket_USB_2/production/_ext/2108104030/drv_usbfsv1_device.o
                0x00001afc                DRV_USBFSV1_DEVICE_EndpointStall

.text.USB_DEVICE_CDC_Read%43
                0x00001c00      0x100
 .text.USB_DEVICE_CDC_Read
                0x00001c00      0x100 build/Trinket_USB_2/production/_ext/1390297478/usb_device_cdc.o
                0x00001c00                USB_DEVICE_CDC_Read

.text.USB_DEVICE_Initialize%44
                0x00001d00       0xfc
 .text.USB_DEVICE_Initialize
                0x00001d00       0xfc build/Trinket_USB_2/production/_ext/1390297478/usb_device.o
                0x00001d00                USB_DEVICE_Initialize

.text._USB_DEVICE_ProcessStandardDeviceGetRequests%45
                0x00001dfc       0xfc
 .text._USB_DEVICE_ProcessStandardDeviceGetRequests
                0x00001dfc       0xfc build/Trinket_USB_2/production/_ext/1390297478/usb_device.o
                0x00001dfc                _USB_DEVICE_ProcessStandardDeviceGetRequests

.text._USB_DEVICE_Ep0ReceiveCompleteCallback%46
                0x00001ef8       0xf8
 .text._USB_DEVICE_Ep0ReceiveCompleteCallback
                0x00001ef8       0xf8 build/Trinket_USB_2/production/_ext/1390297478/usb_device.o
                0x00001ef8                _USB_DEVICE_Ep0ReceiveCompleteCallback

.text.USB_DEVICE_Tasks%47
                0x00001ff0       0xe8
 .text.USB_DEVICE_Tasks
                0x00001ff0       0xe8 build/Trinket_USB_2/production/_ext/1390297478/usb_device.o
                0x00001ff0                USB_DEVICE_Tasks

.text.SYS_TIME_AddToList%48
                0x000020d8       0xd4
 .text.SYS_TIME_AddToList
                0x000020d8       0xd4 build/Trinket_USB_2/production/_ext/1909065425/sys_time.o

.text.SYS_TIME_PLIBCallback%49
                0x000021ac       0xd0
 .text.SYS_TIME_PLIBCallback
                0x000021ac       0xd0 build/Trinket_USB_2/production/_ext/1909065425/sys_time.o

.text.DRV_USBFSV1_Tasks%50
                0x0000227c       0xc8
 .text.DRV_USBFSV1_Tasks
                0x0000227c       0xc8 build/Trinket_USB_2/production/_ext/2108104030/drv_usbfsv1.o
                0x0000227c                DRV_USBFSV1_Tasks

.rodata.triangle_wave%51
                0x00002344       0xc8
 .rodata.triangle_wave
                0x00002344       0xc8 build/Trinket_USB_2/production/_ext/1360937237/app_usb.o
                0x00002344                triangle_wave

.text._USB_DEVICE_CDC_Initialization%52
                0x0000240c       0xb8
 .text._USB_DEVICE_CDC_Initialization
                0x0000240c       0xb8 build/Trinket_USB_2/production/_ext/1390297478/usb_device_cdc.o
                0x0000240c                _USB_DEVICE_CDC_Initialization

.text.DRV_USBFSV1_DEVICE_IRPCancel%53
                0x000024c4       0xa4
 .text.DRV_USBFSV1_DEVICE_IRPCancel
                0x000024c4       0xa4 build/Trinket_USB_2/production/_ext/2108104030/drv_usbfsv1_device.o
                0x000024c4                DRV_USBFSV1_DEVICE_IRPCancel

.text.CLOCK_Initialize%54
                0x00002568       0xa0
 .text.CLOCK_Initialize
                0x00002568       0xa0 build/Trinket_USB_2/production/_ext/1796475310/plib_clock.o
                0x00002568                CLOCK_Initialize

.text.DRV_USBFSV1_DEVICE_IRPCancelAll%55
                0x00002608       0x9c
 .text.DRV_USBFSV1_DEVICE_IRPCancelAll
                0x00002608       0x9c build/Trinket_USB_2/production/_ext/2108104030/drv_usbfsv1_device.o
                0x00002608                DRV_USBFSV1_DEVICE_IRPCancelAll

.rodata._USB_DEVICE_CDC_ACMSetUpPacketHandler%56
                0x000026a4       0x90
 .rodata._USB_DEVICE_CDC_ACMSetUpPacketHandler
                0x000026a4       0x90 build/Trinket_USB_2/production/_ext/1390297478/usb_device_cdc_acm.o

.text.__pic32c_data_initialization%57
                0x00002734       0x90
 .text.__pic32c_data_initialization
                0x00002734       0x90 c:/program files/microchip/xc32/v4.00/bin/bin/../../lib/gcc/pic32c/8.3.1/../../../../pic32c/lib/thumb/v6-m/nofp\libpic32c.a(data_init.o)
                0x00002734                __pic32c_data_initialization

.text._USB_DEVICE_GetStringDescriptorRequestProcess%58
                0x000027c4       0x8a
 .text._USB_DEVICE_GetStringDescriptorRequestProcess
                0x000027c4       0x8a build/Trinket_USB_2/production/_ext/1390297478/usb_device.o
                0x000027c4                _USB_DEVICE_GetStringDescriptorRequestProcess

.text.DRV_USBFSV1_DEVICE_Detach%59
                0x00002850       0x88
 .text.DRV_USBFSV1_DEVICE_Detach
                0x00002850       0x88 build/Trinket_USB_2/production/_ext/2108104030/drv_usbfsv1_device.o
                0x00002850                DRV_USBFSV1_DEVICE_Detach

.text._USB_DEVICE_ProcessStandardEndpointRequest%60
                0x000028d8       0x86
 .text._USB_DEVICE_ProcessStandardEndpointRequest
                0x000028d8       0x86 build/Trinket_USB_2/production/_ext/1390297478/usb_device.o
                0x000028d8                _USB_DEVICE_ProcessStandardEndpointRequest

.text.APP_USB_USBDeviceCDCEventHandler%61
                0x00002960       0x84
 .text.APP_USB_USBDeviceCDCEventHandler
                0x00002960       0x84 build/Trinket_USB_2/production/_ext/1360937237/app_usb.o
                0x00002960                APP_USB_USBDeviceCDCEventHandler

.text.DRV_USBFSV1_Tasks_ISR%62
                0x000029e4       0x7c
 .text.DRV_USBFSV1_Tasks_ISR
                0x000029e4       0x7c build/Trinket_USB_2/production/_ext/2108104030/drv_usbfsv1.o
                0x000029e4                DRV_USBFSV1_Tasks_ISR

.text._USB_DEVICE_ConfigureDevice%63
                0x00002a60       0x7c
 .text._USB_DEVICE_ConfigureDevice
                0x00002a60       0x7c build/Trinket_USB_2/production/_ext/1390297478/usb_device.o
                0x00002a60                _USB_DEVICE_ConfigureDevice

.text.APP_USB_USBDeviceEventHandler%64
                0x00002adc       0x7c
 .text.APP_USB_USBDeviceEventHandler
                0x00002adc       0x7c build/Trinket_USB_2/production/_ext/1360937237/app_usb.o
                0x00002adc                APP_USB_USBDeviceEventHandler

.text._USB_DEVICE_CDC_ReadIRPCallback%65
                0x00002b58       0x70
 .text._USB_DEVICE_CDC_ReadIRPCallback
                0x00002b58       0x70 build/Trinket_USB_2/production/_ext/1390297478/usb_device_cdc.o
                0x00002b58                _USB_DEVICE_CDC_ReadIRPCallback

.text._USB_DEVICE_CDC_WriteIRPCallback%66
                0x00002bc8       0x70
 .text._USB_DEVICE_CDC_WriteIRPCallback
                0x00002bc8       0x70 build/Trinket_USB_2/production/_ext/1390297478/usb_device_cdc.o
                0x00002bc8                _USB_DEVICE_CDC_WriteIRPCallback

.text._USB_DEVICE_CDC_ControlTransferHandler%67
                0x00002c38       0x70
 .text._USB_DEVICE_CDC_ControlTransferHandler
                0x00002c38       0x70 build/Trinket_USB_2/production/_ext/1390297478/usb_device_cdc.o
                0x00002c38                _USB_DEVICE_CDC_ControlTransferHandler

.text.SYS_TIME_Initialize%68
                0x00002ca8       0x68
 .text.SYS_TIME_Initialize
                0x00002ca8       0x68 build/Trinket_USB_2/production/_ext/1909065425/sys_time.o
                0x00002ca8                SYS_TIME_Initialize

.text._USB_DEVICE_Ep0TransmitCompleteCallback%69
                0x00002d10       0x68
 .text._USB_DEVICE_Ep0TransmitCompleteCallback
                0x00002d10       0x68 build/Trinket_USB_2/production/_ext/1390297478/usb_device.o
                0x00002d10                _USB_DEVICE_Ep0TransmitCompleteCallback

.text._USB_DEVICE_CDC_ACMSetUpPacketHandler%70
                0x00002d78       0x68
 .text._USB_DEVICE_CDC_ACMSetUpPacketHandler
                0x00002d78       0x68 build/Trinket_USB_2/production/_ext/1390297478/usb_device_cdc_acm.o
                0x00002d78                _USB_DEVICE_CDC_ACMSetUpPacketHandler

.text.SYS_Initialize%71
                0x00002de0       0x60
 .text.SYS_Initialize
                0x00002de0       0x60 build/Trinket_USB_2/production/_ext/1189347772/initialization.o
                0x00002de0                SYS_Initialize

.text.__libc_start_init%72
                0x00002e40       0x5c
 .text.__libc_start_init
                0x00002e40       0x5c c:/program files/microchip/xc32/v4.00/bin/bin/../../lib/gcc/pic32c/8.3.1/../../../../pic32c/lib/thumb/v6-m/nofp\libc-musl.a(__libc_start_main.o)
                0x00002e40                __libc_init_array

.text.SYS_TIME_RemoveFromList%73
                0x00002e9c       0x54
 .text.SYS_TIME_RemoveFromList
                0x00002e9c       0x54 build/Trinket_USB_2/production/_ext/1909065425/sys_time.o

.text._USB_DEVICE_ForwardControlXfrToFunction%74
                0x00002ef0       0x50
 .text._USB_DEVICE_ForwardControlXfrToFunction
                0x00002ef0       0x50 build/Trinket_USB_2/production/_ext/1390297478/usb_device.o
                0x00002ef0                _USB_DEVICE_ForwardControlXfrToFunction

.text.APP_USB_Initialize%75
                0x00002f40       0x50
 .text.APP_USB_Initialize
                0x00002f40       0x50 build/Trinket_USB_2/production/_ext/1360937237/app_usb.o
                0x00002f40                APP_USB_Initialize

.text._USB_DEVICE_DeInitializeAllFunctionDrivers%76
                0x00002f90       0x4e
 .text._USB_DEVICE_DeInitializeAllFunctionDrivers
                0x00002f90       0x4e build/Trinket_USB_2/production/_ext/1390297478/usb_device.o
                0x00002f90                _USB_DEVICE_DeInitializeAllFunctionDrivers

.text._USB_DEVICE_GetFunctionDriverEntryByInterface%77
                0x00002fde       0x4a
 .text._USB_DEVICE_GetFunctionDriverEntryByInterface
                0x00002fde       0x4a build/Trinket_USB_2/production/_ext/1390297478/usb_device.o
                0x00002fde                _USB_DEVICE_GetFunctionDriverEntryByInterface

.text.USB_DEVICE_ControlStatus%78
                0x00003028       0x4a
 .text.USB_DEVICE_ControlStatus
                0x00003028       0x4a build/Trinket_USB_2/production/_ext/1390297478/usb_device.o
                0x00003028                USB_DEVICE_ControlStatus

.text%79        0x00003074       0x48
 .text          0x00003074       0x48 c:/program files/microchip/xc32/v4.00/bin/bin/../../lib/gcc/pic32c/8.3.1/thumb/v6-m/nofp/crtbegin.o

.text.Reset_Handler%80
                0x000030bc       0x48
 .text.Reset_Handler
                0x000030bc       0x48 build/Trinket_USB_2/production/_ext/1189347772/startup_xc32.o
                0x000030bc                Reset_Handler

.text.TC3_CallBack_Function%81
                0x00003104       0x48
 .text.TC3_CallBack_Function
                0x00003104       0x48 build/Trinket_USB_2/production/_ext/1360937237/app_usb.o
                0x00003104                TC3_CallBack_Function

.text.USB_DEVICE_ControlSend%82
                0x0000314c       0x46
 .text.USB_DEVICE_ControlSend
                0x0000314c       0x46 build/Trinket_USB_2/production/_ext/1390297478/usb_device.o
                0x0000314c                USB_DEVICE_ControlSend

.rodata.fullSpeedConfigurationDescriptor%83
                0x00003194       0x44
 .rodata.fullSpeedConfigurationDescriptor
                0x00003194       0x44 build/Trinket_USB_2/production/_ext/1189347772/usb_device_init_data.o
                0x00003194                fullSpeedConfigurationDescriptor

.text.NVIC_Initialize%84
                0x000031d8       0x40
 .text.NVIC_Initialize
                0x000031d8       0x40 build/Trinket_USB_2/production/_ext/58287938/plib_nvic.o
                0x000031d8                NVIC_Initialize

.text.TC3_TimerInitialize%85
                0x00003218       0x40
 .text.TC3_TimerInitialize
                0x00003218       0x40 build/Trinket_USB_2/production/_ext/1390003407/plib_tc3.o
                0x00003218                TC3_TimerInitialize

.text.SYS_TIME_GetTimerObject%86
                0x00003258       0x40
 .text.SYS_TIME_GetTimerObject
                0x00003258       0x40 build/Trinket_USB_2/production/_ext/1909065425/sys_time.o

.text.SYS_TIME_TimerDestroy%87
                0x00003298       0x40
 .text.SYS_TIME_TimerDestroy
                0x00003298       0x40 build/Trinket_USB_2/production/_ext/1909065425/sys_time.o
                0x00003298                SYS_TIME_TimerDestroy

.text._USB_DEVICE_FindEndpoint%88
                0x000032d8       0x40
 .text._USB_DEVICE_FindEndpoint
                0x000032d8       0x40 build/Trinket_USB_2/production/_ext/1390297478/usb_device.o
                0x000032d8                _USB_DEVICE_FindEndpoint

.text.SYS_INT_SourceDisable%89
                0x00003318       0x3c
 .text.SYS_INT_SourceDisable
                0x00003318       0x3c build/Trinket_USB_2/production/_ext/1961919639/sys_int.o
                0x00003318                SYS_INT_SourceDisable

.text.USB_DEVICE_Open%90
                0x00003354       0x3c
 .text.USB_DEVICE_Open
                0x00003354       0x3c build/Trinket_USB_2/production/_ext/1390297478/usb_device.o
                0x00003354                USB_DEVICE_Open

.text._DRV_USBFSV1_DEVICE_Initialize%91
                0x00003390       0x38
 .text._DRV_USBFSV1_DEVICE_Initialize
                0x00003390       0x38 build/Trinket_USB_2/production/_ext/2108104030/drv_usbfsv1_device.o
                0x00003390                _DRV_USBFSV1_DEVICE_Initialize

.text.PORT_Initialize%92
                0x000033c8       0x38
 .text.PORT_Initialize
                0x000033c8       0x38 build/Trinket_USB_2/production/_ext/58341089/plib_port.o
                0x000033c8                PORT_Initialize

.text._USB_DEVICE_CDC_Deinitialization%93
                0x00003400       0x38
 .text._USB_DEVICE_CDC_Deinitialization
                0x00003400       0x38 build/Trinket_USB_2/production/_ext/1390297478/usb_device_cdc.o
                0x00003400                _USB_DEVICE_CDC_Deinitialization

.text.SYS_TIME_ResourceLock%94
                0x00003438       0x34
 .text.SYS_TIME_ResourceLock
                0x00003438       0x34 build/Trinket_USB_2/production/_ext/1909065425/sys_time.o

.rodata.sd001%95
                0x0000346c       0x34
 .rodata.sd001  0x0000346c       0x34 build/Trinket_USB_2/production/_ext/1189347772/usb_device_init_data.o
                0x0000346c                sd001

.text.SYS_TIME_ResourceUnlock%96
                0x000034a0       0x30
 .text.SYS_TIME_ResourceUnlock
                0x000034a0       0x30 build/Trinket_USB_2/production/_ext/1909065425/sys_time.o

.rodata.sd002%97
                0x000034d0       0x30
 .rodata.sd002  0x000034d0       0x30 build/Trinket_USB_2/production/_ext/1189347772/usb_device_init_data.o
                0x000034d0                sd002

.text.DRV_USBFSV1_DEVICE_EndpointIsEnabled%98
                0x00003500       0x2e
 .text.DRV_USBFSV1_DEVICE_EndpointIsEnabled
                0x00003500       0x2e build/Trinket_USB_2/production/_ext/2108104030/drv_usbfsv1_device.o
                0x00003500                DRV_USBFSV1_DEVICE_EndpointIsEnabled

.text._USB_DEVICE_RedirectControlXfrToClient%99
                0x0000352e       0x2c
 .text._USB_DEVICE_RedirectControlXfrToClient
                0x0000352e       0x2c build/Trinket_USB_2/production/_ext/1390297478/usb_device.o
                0x0000352e                _USB_DEVICE_RedirectControlXfrToClient

.rodata.usbMasterDescriptor%100
                0x0000355c       0x2c
 .rodata.usbMasterDescriptor
                0x0000355c       0x2c build/Trinket_USB_2/production/_ext/1189347772/usb_device_init_data.o
                0x0000355c                usbMasterDescriptor

.rodata.APP_USB_USBDeviceEventHandler%101
                0x00003588       0x2c
 .rodata.APP_USB_USBDeviceEventHandler
                0x00003588       0x2c build/Trinket_USB_2/production/_ext/1360937237/app_usb.o

.text._DRV_USBFSV1_DEVICE_IRPQueueFlush%102
                0x000035b4       0x2a
 .text._DRV_USBFSV1_DEVICE_IRPQueueFlush
                0x000035b4       0x2a build/Trinket_USB_2/production/_ext/2108104030/drv_usbfsv1_device.o
                0x000035b4                _DRV_USBFSV1_DEVICE_IRPQueueFlush

.text.USB_DEVICE_EndpointEnable%103
                0x000035de       0x2a
 .text.USB_DEVICE_EndpointEnable
                0x000035de       0x2a build/Trinket_USB_2/production/_ext/1390297478/usb_device.o
                0x000035de                USB_DEVICE_EndpointEnable

.text.DRV_USBFSV1_Open%104
                0x00003608       0x28
 .text.DRV_USBFSV1_Open
                0x00003608       0x28 build/Trinket_USB_2/production/_ext/2108104030/drv_usbfsv1.o
                0x00003608                DRV_USBFSV1_Open

.rodata._USB_DEVICE_EventHandler%105
                0x00003630       0x28
 .rodata._USB_DEVICE_EventHandler
                0x00003630       0x28 build/Trinket_USB_2/production/_ext/1390297478/usb_device.o

.text.USB_DEVICE_EventHandlerSet%106
                0x00003658       0x28
 .text.USB_DEVICE_EventHandlerSet
                0x00003658       0x28 build/Trinket_USB_2/production/_ext/1390297478/usb_device.o
                0x00003658                USB_DEVICE_EventHandlerSet

.rodata.usbDevInitData%107
                0x00003680       0x28
 .rodata.usbDevInitData
                0x00003680       0x28 build/Trinket_USB_2/production/_ext/1189347772/usb_device_init_data.o
                0x00003680                usbDevInitData

.text.APP_USB_StateReset%108
                0x000036a8       0x28
 .text.APP_USB_StateReset
                0x000036a8       0x28 build/Trinket_USB_2/production/_ext/1360937237/app_usb.o
                0x000036a8                APP_USB_StateReset

.text.DRV_USBFSV1_DEVICE_EndpointIsStalled%109
                0x000036d0       0x26
 .text.DRV_USBFSV1_DEVICE_EndpointIsStalled
                0x000036d0       0x26 build/Trinket_USB_2/production/_ext/2108104030/drv_usbfsv1_device.o
                0x000036d0                DRV_USBFSV1_DEVICE_EndpointIsStalled

.text.USB_DEVICE_Detach%110
                0x000036f6       0x26
 .text.USB_DEVICE_Detach
                0x000036f6       0x26 build/Trinket_USB_2/production/_ext/1390297478/usb_device.o
                0x000036f6                USB_DEVICE_Detach

.text.USB_DEVICE_IRPSubmit%111
                0x0000371c       0x26
 .text.USB_DEVICE_IRPSubmit
                0x0000371c       0x26 build/Trinket_USB_2/production/_ext/1390297478/usb_device.o
                0x0000371c                USB_DEVICE_IRPSubmit

.text.TC3_TimerInterruptHandler%112
                0x00003744       0x24
 .text.TC3_TimerInterruptHandler
                0x00003744       0x24 build/Trinket_USB_2/production/_ext/1390003407/plib_tc3.o
                0x00003744                TC3_TimerInterruptHandler

.rodata.drvUSBInit%113
                0x00003768       0x24
 .rodata.drvUSBInit
                0x00003768       0x24 build/Trinket_USB_2/production/_ext/1189347772/initialization.o
                0x00003768                drvUSBInit

.rodata.APP_USB_USBDeviceCDCEventHandler%114
                0x0000378c       0x24
 .rodata.APP_USB_USBDeviceCDCEventHandler
                0x0000378c       0x24 build/Trinket_USB_2/production/_ext/1360937237/app_usb.o

.text.USB_DEVICE_Attach%115
                0x000037b0       0x22
 .text.USB_DEVICE_Attach
                0x000037b0       0x22 build/Trinket_USB_2/production/_ext/1390297478/usb_device.o
                0x000037b0                USB_DEVICE_Attach

.text.USB_DEVICE_EndpointDisable%116
                0x000037d2       0x22
 .text.USB_DEVICE_EndpointDisable
                0x000037d2       0x22 build/Trinket_USB_2/production/_ext/1390297478/usb_device.o
                0x000037d2                USB_DEVICE_EndpointDisable

.text.USB_DEVICE_ControlReceive%117
                0x000037f4       0x22
 .text.USB_DEVICE_ControlReceive
                0x000037f4       0x22 build/Trinket_USB_2/production/_ext/1390297478/usb_device.o
                0x000037f4                USB_DEVICE_ControlReceive

.text.USB_DEVICE_IRPCancelAll%118
                0x00003816       0x22
 .text.USB_DEVICE_IRPCancelAll
                0x00003816       0x22 build/Trinket_USB_2/production/_ext/1390297478/usb_device.o
                0x00003816                USB_DEVICE_IRPCancelAll

.text._USB_DEVICE_CDC_EndpointDisable%119
                0x00003838       0x22
 .text._USB_DEVICE_CDC_EndpointDisable
                0x00003838       0x22 build/Trinket_USB_2/production/_ext/1390297478/usb_device_cdc.o
                0x00003838                _USB_DEVICE_CDC_EndpointDisable

.text.DRV_USBFSV1_DEVICE_Attach%120
                0x0000385c       0x20
 .text.DRV_USBFSV1_DEVICE_Attach
                0x0000385c       0x20 build/Trinket_USB_2/production/_ext/2108104030/drv_usbfsv1_device.o
                0x0000385c                DRV_USBFSV1_DEVICE_Attach

.rodata._USB_DEVICE_ProcessStandardDeviceGetRequests%121
                0x0000387c       0x20
 .rodata._USB_DEVICE_ProcessStandardDeviceGetRequests
                0x0000387c       0x20 build/Trinket_USB_2/production/_ext/1390297478/usb_device.o

.text.USB_DEVICE_CDC_EventHandlerSet%122
                0x0000389c       0x20
 .text.USB_DEVICE_CDC_EventHandlerSet
                0x0000389c       0x20 build/Trinket_USB_2/production/_ext/1390297478/usb_device_cdc.o
                0x0000389c                USB_DEVICE_CDC_EventHandlerSet

.text.DAC_Initialize%123
                0x000038bc       0x1c
 .text.DAC_Initialize
                0x000038bc       0x1c build/Trinket_USB_2/production/_ext/140417318/plib_dac.o
                0x000038bc                DAC_Initialize

.text.SYS_Tasks%124
                0x000038d8       0x1c
 .text.SYS_Tasks
                0x000038d8       0x1c build/Trinket_USB_2/production/_ext/1189347772/tasks.o
                0x000038d8                SYS_Tasks

.rodata.APP_USB_Tasks%125
                0x000038f4       0x1c
 .rodata.APP_USB_Tasks
                0x000038f4       0x1c build/Trinket_USB_2/production/_ext/1360937237/app_usb.o

.text.DAC_DataWrite%126
                0x00003910       0x18
 .text.DAC_DataWrite
                0x00003910       0x18 build/Trinket_USB_2/production/_ext/140417318/plib_dac.o
                0x00003910                DAC_DataWrite

.text.TC3_TimerStart%127
                0x00003928       0x18
 .text.TC3_TimerStart
                0x00003928       0x18 build/Trinket_USB_2/production/_ext/1390003407/plib_tc3.o
                0x00003928                TC3_TimerStart

.text.TC3_TimerStop%128
                0x00003940       0x18
 .text.TC3_TimerStop
                0x00003940       0x18 build/Trinket_USB_2/production/_ext/1390003407/plib_tc3.o
                0x00003940                TC3_TimerStop

.text._USB_DEVICE_ClientHandleValidate%129
                0x00003958       0x18
 .text._USB_DEVICE_ClientHandleValidate
                0x00003958       0x18 build/Trinket_USB_2/production/_ext/1390297478/usb_device.o
                0x00003958                _USB_DEVICE_ClientHandleValidate

.text._USB_DEVICE_CDC_GlobalInitialize%130
                0x00003970       0x18
 .text._USB_DEVICE_CDC_GlobalInitialize
                0x00003970       0x18 build/Trinket_USB_2/production/_ext/1390297478/usb_device_cdc.o
                0x00003970                _USB_DEVICE_CDC_GlobalInitialize

.text.NVIC_INT_Restore%131
                0x00003988       0x14
 .text.NVIC_INT_Restore
                0x00003988       0x14 build/Trinket_USB_2/production/_ext/58287938/plib_nvic.o
                0x00003988                NVIC_INT_Restore

.text.TC3_Timer16bitPeriodSet%132
                0x0000399c       0x14
 .text.TC3_Timer16bitPeriodSet
                0x0000399c       0x14 build/Trinket_USB_2/production/_ext/1390003407/plib_tc3.o
                0x0000399c                TC3_Timer16bitPeriodSet

.rodata.cdcFunctionDriver%133
                0x000039b0       0x14
 .rodata.cdcFunctionDriver
                0x000039b0       0x14 build/Trinket_USB_2/production/_ext/1390297478/usb_device_cdc.o
                0x000039b0                cdcFunctionDriver

.rodata.sysTimePlibAPI%134
                0x000039c4       0x14
 .rodata.sysTimePlibAPI
                0x000039c4       0x14 build/Trinket_USB_2/production/_ext/1189347772/initialization.o
                0x000039c4                sysTimePlibAPI

.rodata.deviceDescriptor%135
                0x000039d8       0x14
 .rodata.deviceDescriptor
                0x000039d8       0x14 build/Trinket_USB_2/production/_ext/1189347772/usb_device_init_data.o
                0x000039d8                deviceDescriptor

.text.DRV_USBFSV1_Close%136
                0x000039ec       0x12
 .text.DRV_USBFSV1_Close
                0x000039ec       0x12 build/Trinket_USB_2/production/_ext/2108104030/drv_usbfsv1.o
                0x000039ec                DRV_USBFSV1_Close

.text.DRV_USBFSV1_DEVICE_SOFNumberGet%137
                0x000039fe       0x12
 .text.DRV_USBFSV1_DEVICE_SOFNumberGet
                0x000039fe       0x12 build/Trinket_USB_2/production/_ext/2108104030/drv_usbfsv1_device.o
                0x000039fe                DRV_USBFSV1_DEVICE_SOFNumberGet

.text.NVIC_INT_Disable%138
                0x00003a10       0x12
 .text.NVIC_INT_Disable
                0x00003a10       0x12 build/Trinket_USB_2/production/_ext/58287938/plib_nvic.o
                0x00003a10                NVIC_INT_Disable

.text.memcpy%139
                0x00003a22       0x12
 .text.memcpy   0x00003a22       0x12 c:/program files/microchip/xc32/v4.00/bin/bin/../../lib/gcc/pic32c/8.3.1/../../../../pic32c/lib/thumb/v6-m/nofp\libc-musl.a(memcpy.o)
                0x00003a22                memcpy

.text.DRV_USBFSV1_USB_Handler%140
                0x00003a34       0x10
 .text.DRV_USBFSV1_USB_Handler
                0x00003a34       0x10 build/Trinket_USB_2/production/_ext/2108104030/drv_usbfsv1.o
                0x00003a34                DRV_USBFSV1_USB_Handler

.text.DRV_USBFSV1_ClientEventCallBackSet%141
                0x00003a44       0x10
 .text.DRV_USBFSV1_ClientEventCallBackSet
                0x00003a44       0x10 build/Trinket_USB_2/production/_ext/2108104030/drv_usbfsv1.o
                0x00003a44                DRV_USBFSV1_ClientEventCallBackSet

.text.DRV_USBFSV1_DEVICE_RemoteWakeupStart%142
                0x00003a54       0x10
 .text.DRV_USBFSV1_DEVICE_RemoteWakeupStart
                0x00003a54       0x10 build/Trinket_USB_2/production/_ext/2108104030/drv_usbfsv1_device.o
                0x00003a54                DRV_USBFSV1_DEVICE_RemoteWakeupStart

.rodata.funcRegistrationTable%143
                0x00003a64       0x10
 .rodata.funcRegistrationTable
                0x00003a64       0x10 build/Trinket_USB_2/production/_ext/1189347772/usb_device_init_data.o
                0x00003a64                funcRegistrationTable

.text.memset%144
                0x00003a74       0x10
 .text.memset   0x00003a74       0x10 c:/program files/microchip/xc32/v4.00/bin/bin/../../lib/gcc/pic32c/8.3.1/../../../../pic32c/lib/thumb/v6-m/nofp\libc-musl.a(memset.o)
                0x00003a74                memset

.text.DRV_USBFSV1_DEVICE_AddressSet%145
                0x00003a84        0xe
 .text.DRV_USBFSV1_DEVICE_AddressSet
                0x00003a84        0xe build/Trinket_USB_2/production/_ext/2108104030/drv_usbfsv1_device.o
                0x00003a84                DRV_USBFSV1_DEVICE_AddressSet

.text.DRV_USBFSV1_DEVICE_CurrentSpeedGet%146
                0x00003a92        0xe
 .text.DRV_USBFSV1_DEVICE_CurrentSpeedGet
                0x00003a92        0xe build/Trinket_USB_2/production/_ext/2108104030/drv_usbfsv1_device.o
                0x00003a92                DRV_USBFSV1_DEVICE_CurrentSpeedGet

.text.main%147  0x00003aa0        0xe
 .text.main     0x00003aa0        0xe build/Trinket_USB_2/production/_ext/1360937237/main.o
                0x00003aa0                main

.text.NVMCTRL_Initialize%148
                0x00003ab0        0xc
 .text.NVMCTRL_Initialize
                0x00003ab0        0xc build/Trinket_USB_2/production/_ext/1292982576/plib_nvmctrl.o
                0x00003ab0                NVMCTRL_Initialize

.text.TC3_TimerCallbackRegister%149
                0x00003abc        0xc
 .text.TC3_TimerCallbackRegister
                0x00003abc        0xc build/Trinket_USB_2/production/_ext/1390003407/plib_tc3.o
                0x00003abc                TC3_TimerCallbackRegister

.rodata.cdcInit0%150
                0x00003ac8        0xc
 .rodata.cdcInit0
                0x00003ac8        0xc build/Trinket_USB_2/production/_ext/1189347772/usb_device_init_data.o
                0x00003ac8                cdcInit0

.rodata.stringDescriptors%151
                0x00003ad4        0xc
 .rodata.stringDescriptors
                0x00003ad4        0xc build/Trinket_USB_2/production/_ext/1189347772/usb_device_init_data.o
                0x00003ad4                stringDescriptors

.rodata.gDrvUSBFSV1DeviceEndpointTypeMap%152
                0x00003ae0        0x8
 .rodata.gDrvUSBFSV1DeviceEndpointTypeMap
                0x00003ae0        0x8 build/Trinket_USB_2/production/_ext/2108104030/drv_usbfsv1_device.o
                0x00003ae0                gDrvUSBFSV1DeviceEndpointTypeMap

.text.TC3_TimerFrequencyGet%153
                0x00003ae8        0x8
 .text.TC3_TimerFrequencyGet
                0x00003ae8        0x8 build/Trinket_USB_2/production/_ext/1390003407/plib_tc3.o
                0x00003ae8                TC3_TimerFrequencyGet

.text.SYS_INT_Disable%154
                0x00003af0        0x8
 .text.SYS_INT_Disable
                0x00003af0        0x8 build/Trinket_USB_2/production/_ext/1961919639/sys_int.o
                0x00003af0                SYS_INT_Disable

.text.SYS_INT_Restore%155
                0x00003af8        0x8
 .text.SYS_INT_Restore
                0x00003af8        0x8 build/Trinket_USB_2/production/_ext/1961919639/sys_int.o
                0x00003af8                SYS_INT_Restore

.rodata.sysTimeInitData%156
                0x00003b00        0x8
 .rodata.sysTimeInitData
                0x00003b00        0x8 build/Trinket_USB_2/production/_ext/1189347772/initialization.o
                0x00003b00                sysTimeInitData

.rodata%157     0x00003b08        0x8
 .rodata        0x00003b08        0x8 build/Trinket_USB_2/production/_ext/1360937237/app_usb.o

.rodata.gDrvUSBFSV1DeviceSpeedMap%158
                0x00003b10        0x4
 .rodata.gDrvUSBFSV1DeviceSpeedMap
                0x00003b10        0x4 build/Trinket_USB_2/production/_ext/2108104030/drv_usbfsv1_device.o
                0x00003b10                gDrvUSBFSV1DeviceSpeedMap

.rodata.fullSpeedConfigDescSet%159
                0x00003b14        0x4
 .rodata.fullSpeedConfigDescSet
                0x00003b14        0x4 build/Trinket_USB_2/production/_ext/1189347772/usb_device_init_data.o
                0x00003b14                fullSpeedConfigDescSet

.rodata.sd000%160
                0x00003b18        0x4
 .rodata.sd000  0x00003b18        0x4 build/Trinket_USB_2/production/_ext/1189347772/usb_device_init_data.o
                0x00003b18                sd000

.text%161       0x00003b1c        0x4
 .text          0x00003b1c        0x4 c:/program files/microchip/xc32/v4.00/bin/bin/../../lib/gcc/pic32c/8.3.1/thumb/v6-m/nofp\libgcc.a(_dvmd_tls.o)
                0x00003b1c                __aeabi_idiv0
                0x00003b1c                __aeabi_ldiv0

.text.DRV_USBFSV1_DEVICE_RemoteWakeupStop%162
                0x00001442        0x2
 .text.DRV_USBFSV1_DEVICE_RemoteWakeupStop
                0x00001442        0x2 build/Trinket_USB_2/production/_ext/2108104030/drv_usbfsv1_device.o
                0x00001442                DRV_USBFSV1_DEVICE_RemoteWakeupStop

.text.EVSYS_Initialize%163
                0x0000284e        0x2
 .text.EVSYS_Initialize
                0x0000284e        0x2 build/Trinket_USB_2/production/_ext/1798624796/plib_evsys.o
                0x0000284e                EVSYS_Initialize

.text.Dummy_Handler%164
                0x0000295e        0x2
 .text.Dummy_Handler
                0x0000295e        0x2 build/Trinket_USB_2/production/_ext/1189347772/interrupts.o
                0x0000295e                SVCall_Handler
                0x0000295e                DMAC_Handler
                0x0000295e                AC_Handler
                0x0000295e                SysTick_Handler
                0x0000295e                PendSV_Handler
                0x0000295e                SERCOM1_Handler
                0x0000295e                ADC_Handler
                0x0000295e                TCC1_Handler
                0x0000295e                SERCOM2_Handler
                0x0000295e                TCC0_Handler
                0x0000295e                RTC_Handler
                0x0000295e                EIC_Handler
                0x0000295e                WDT_Handler
                0x0000295e                TC4_Handler
                0x0000295e                Dummy_Handler
                0x0000295e                PM_Handler
                0x0000295e                TCC2_Handler
                0x0000295e                EVSYS_Handler
                0x0000295e                SERCOM3_Handler
                0x0000295e                I2S_Handler
                0x0000295e                NVMCTRL_Handler
                0x0000295e                SERCOM0_Handler
                0x0000295e                DAC_Handler
                0x0000295e                PTC_Handler
                0x0000295e                TC5_Handler
                0x0000295e                SYSCTRL_Handler

.text.NonMaskableInt_Handler%165
                0x00003072        0x2
 .text.NonMaskableInt_Handler
                0x00003072        0x2 build/Trinket_USB_2/production/_ext/1189347772/exceptions.o
                0x00003072                NonMaskableInt_Handler

.text.HardFault_Handler%166
                0x00003192        0x2
 .text.HardFault_Handler
                0x00003192        0x2 build/Trinket_USB_2/production/_ext/1189347772/exceptions.o
                0x00003192                HardFault_Handler

.text.Dummy_App_Func%167
                0x0000355a        0x2
 .text.Dummy_App_Func
                0x0000355a        0x2 build/Trinket_USB_2/production/_ext/1189347772/startup_xc32.o
                0x0000355a                _on_reset
                0x0000355a                _on_bootstrap
                0x0000355a                __xc32_on_reset
                0x0000355a                Dummy_App_Func
                0x0000355a                __xc32_on_bootstrap

.text.__dummy%168
                0x00003742        0x2
 .text.__dummy  0x00003742        0x2 c:/program files/microchip/xc32/v4.00/bin/bin/../../lib/gcc/pic32c/8.3.1/../../../../pic32c/lib/thumb/v6-m/nofp\libc-musl.a(__libc_start_main.o)
                0x00003742                __init_stdio
                0x00003742                __init_host
