Archive member included to satisfy reference by file (symbol)

c:/program files/microchip/xc32/v4.00/bin/bin/../../lib/gcc/pic32c/8.3.1/../../../../pic32c/lib/thumb/v6-m/nofp\libpic32c.a(data_init.o)
                              build/Trinket_USB_2/production/_ext/1189347772/startup_xc32.o (__pic32c_data_initialization)
c:/program files/microchip/xc32/v4.00/bin/bin/../../lib/gcc/pic32c/8.3.1/../../../../pic32c/lib/thumb/v6-m/nofp\libc-musl.a(__libc_start_main.o)
                              build/Trinket_USB_2/production/_ext/1189347772/startup_xc32.o (__libc_init_array)
c:/program files/microchip/xc32/v4.00/bin/bin/../../lib/gcc/pic32c/8.3.1/../../../../pic32c/lib/thumb/v6-m/nofp\libc-musl.a(libc.o)
                              c:/program files/microchip/xc32/v4.00/bin/bin/../../lib/gcc/pic32c/8.3.1/../../../../pic32c/lib/thumb/v6-m/nofp\libc-musl.a(__libc_start_main.o) (__progname_full)
c:/program files/microchip/xc32/v4.00/bin/bin/../../lib/gcc/pic32c/8.3.1/../../../../pic32c/lib/thumb/v6-m/nofp\libc-musl.a(memcpy.o)
                              build/Trinket_USB_2/production/_ext/2108104030/drv_usbfsv1_device.o (memcpy)
c:/program files/microchip/xc32/v4.00/bin/bin/../../lib/gcc/pic32c/8.3.1/../../../../pic32c/lib/thumb/v6-m/nofp\libc-musl.a(memset.o)
                              build/Trinket_USB_2/production/_ext/2108104030/drv_usbfsv1_device.o (memset)
c:/program files/microchip/xc32/v4.00/bin/bin/../../lib/gcc/pic32c/8.3.1/../../../../pic32c/lib/thumb/v6-m/nofp\libc-musl.a(__environ.o)
                              c:/program files/microchip/xc32/v4.00/bin/bin/../../lib/gcc/pic32c/8.3.1/../../../../pic32c/lib/thumb/v6-m/nofp\libc-musl.a(__libc_start_main.o) (__environ)
c:/program files/microchip/xc32/v4.00/bin/bin/../../lib/gcc/pic32c/8.3.1/thumb/v6-m/nofp\libgcc.a(_udivsi3.o)
                              build/Trinket_USB_2/production/_ext/2108104030/drv_usbfsv1_device.o (__aeabi_uidivmod)
c:/program files/microchip/xc32/v4.00/bin/bin/../../lib/gcc/pic32c/8.3.1/thumb/v6-m/nofp\libgcc.a(_divsi3.o)
                              build/Trinket_USB_2/production/_ext/1390297478/usb_device.o (__aeabi_idiv)
c:/program files/microchip/xc32/v4.00/bin/bin/../../lib/gcc/pic32c/8.3.1/thumb/v6-m/nofp\libgcc.a(_dvmd_tls.o)
                              c:/program files/microchip/xc32/v4.00/bin/bin/../../lib/gcc/pic32c/8.3.1/thumb/v6-m/nofp\libgcc.a(_udivsi3.o) (__aeabi_idiv0)
c:/program files/microchip/xc32/v4.00/bin/bin/../../lib/gcc/pic32c/8.3.1/thumb/v6-m/nofp\libgcc.a(_aeabi_uldivmod.o)
                              build/Trinket_USB_2/production/_ext/1909065425/sys_time.o (__aeabi_uldivmod)
c:/program files/microchip/xc32/v4.00/bin/bin/../../lib/gcc/pic32c/8.3.1/thumb/v6-m/nofp\libgcc.a(_muldi3.o)
                              build/Trinket_USB_2/production/_ext/1909065425/sys_time.o (__aeabi_lmul)
c:/program files/microchip/xc32/v4.00/bin/bin/../../lib/gcc/pic32c/8.3.1/thumb/v6-m/nofp\libgcc.a(_udivmoddi4.o)
                              c:/program files/microchip/xc32/v4.00/bin/bin/../../lib/gcc/pic32c/8.3.1/thumb/v6-m/nofp\libgcc.a(_aeabi_uldivmod.o) (__udivmoddi4)
c:/program files/microchip/xc32/v4.00/bin/bin/../../lib/gcc/pic32c/8.3.1/thumb/v6-m/nofp\libgcc.a(_clzdi2.o)
                              c:/program files/microchip/xc32/v4.00/bin/bin/../../lib/gcc/pic32c/8.3.1/thumb/v6-m/nofp\libgcc.a(_udivmoddi4.o) (__clzdi2)
c:/program files/microchip/xc32/v4.00/bin/bin/../../lib/gcc/pic32c/8.3.1/thumb/v6-m/nofp\libgcc.a(_clzsi2.o)
                              c:/program files/microchip/xc32/v4.00/bin/bin/../../lib/gcc/pic32c/8.3.1/thumb/v6-m/nofp\libgcc.a(_clzdi2.o) (__clzsi2)

Microchip PIC32 Memory-Usage Report

ROM Program-Memory Usage
section                    address  length [bytes]      (dec)  Description
-------                 ----------  -------------------------  -----------
.vectors                         0           0xb0         176   
.text                         0xb0           0x20          32  App's exec code 
.text._DRV_USBFSV1_DEVI       0xd0          0x628        1576   
.text.DRV_USBFSV1_DEVIC      0x6f8          0x3d4         980   
.text                        0xacc          0x1d4         468  App's exec code 
.text.DRV_USBFSV1_DEVIC      0xca0          0x194         404   
.text.APP_USB_Tasks          0xe34          0x194         404   
.text.DRV_USBFSV1_DEVIC      0xfc8          0x180         384   
.dinit                      0x1148          0x180         384   
.text._USB_DEVICE_Proce     0x12c8          0x142         322   
.text.DRV_USBFSV1_DEVIC     0x140a            0x2           2   
.text.USB_DEVICE_CDC_Wr     0x140c          0x130         304   
.text.DRV_USBFSV1_Initi     0x153c          0x124         292   
.text.DRV_USBFSV1_DEVIC     0x1660          0x120         288   
.text._USB_DEVICE_Contr     0x1780          0x11c         284   
.text._USB_DEVICE_Event     0x189c          0x114         276   
[...]
Memory Configuration

Name             Origin             Length             Attributes
rom              0x00000000         0x00040000         xrl
ram              0x20000000         0x00008000         xw !r
config_00804000  0x00804000         0x00000004
config_00804004  0x00804004         0x00000004
*default*        0x00000000         0xffffffff

Linker script and memory map

LOAD c:/program files/microchip/xc32/v4.00/bin/bin/../../lib/gcc/pic32c/8.3.1/thumb/v6-m/nofp/crti.o
LOAD c:/program files/microchip/xc32/v4.00/bin/bin/../../lib/gcc/pic32c/8.3.1/thumb/v6-m/nofp/crtbegin.o
LOAD build/Trinket_USB_2/production/_ext/2108104030/drv_usbfsv1.o
LOAD build/Trinket_USB_2/production/_ext/2108104030/drv_usbfsv1_device.o
LOAD build/Trinket_USB_2/production/_ext/1796475310/plib_clock.o
LOAD build/Trinket_USB_2/production/_ext/140417318/plib_dac.o
LOAD build/Trinket_USB_2/production/_ext/1798624796/plib_evsys.o
LOAD build/Trinket_USB_2/production/_ext/58287938/plib_nvic.o
LOAD build/Trinket_USB_2/production/_ext/1292982576/plib_nvmctrl.o
LOAD build/Trinket_USB_2/production/_ext/58341089/plib_port.o
LOAD build/Trinket_USB_2/production/_ext/1390003407/plib_tc3.o
LOAD build/Trinket_USB_2/production/_ext/1578018698/xc32_monitor.o
LOAD build/Trinket_USB_2/production/_ext/1961919639/sys_int.o
LOAD build/Trinket_USB_2/production/_ext/1909065425/sys_time.o
LOAD build/Trinket_USB_2/production/_ext/1390297478/usb_device.o
LOAD build/Trinket_USB_2/production/_ext/1390297478/usb_device_cdc.o
LOAD build/Trinket_USB_2/production/_ext/1390297478/usb_device_cdc_acm.o
LOAD build/Trinket_USB_2/production/_ext/1189347772/initialization.o
LOAD build/Trinket_USB_2/production/_ext/1189347772/interrupts.o
LOAD build/Trinket_USB_2/production/_ext/1189347772/exceptions.o
LOAD build/Trinket_USB_2/production/_ext/1189347772/startup_xc32.o
LOAD build/Trinket_USB_2/production/_ext/1189347772/libc_syscalls.o
LOAD build/Trinket_USB_2/production/_ext/1189347772/usb_device_init_data.o
LOAD build/Trinket_USB_2/production/_ext/1189347772/tasks.o
LOAD build/Trinket_USB_2/production/_ext/1360937237/main.o
LOAD build/Trinket_USB_2/production/_ext/1360937237/app_usb.o
                0x00000001                __MPLAB_BUILD = 0x1
                0x00040000                __rom_end = (ORIGIN (rom) + LENGTH (rom))
                0x20008000                __ram_end = (ORIGIN (ram) + LENGTH (ram))

.config_00804000
 *(.config_00804000)

.config_00804004
 *(.config_00804004)

.vectors        0x00000000       0xb0
                0x00000000                . = ALIGN (0x4)
                0x00000000                _sfixed = .
 *(.vectors .vectors.* .vectors_default .vectors_default.*)
 .vectors.exception_table
                0x00000000       0xb0 build/Trinket_USB_2/production/_ext/1189347772/interrupts.o
                0x00000000                exception_table
 *(.isr_vector)
 *(.reset*)
 *(.after_vectors)

.text           0x000000b0       0x20
                0x000000b0                . = ALIGN (0x4)
 *(.glue_7t)
 .glue_7t       0x000000b0        0x0 linker stubs
 *(.glue_7)
 .glue_7        0x000000b0        0x0 linker stubs
 *(.gnu.linkonce.r.*)
 *(.ARM.extab* .gnu.linkonce.armextab.*)
                0x000000b0                . = ALIGN (0x4)
 *(.init)
 .init          0x000000b0        0x4 c:/program files/microchip/xc32/v4.00/bin/bin/../../lib/gcc/pic32c/8.3.1/thumb/v6-m/nofp/crti.o
                0x000000b0                _init
 .init          0x000000b4        0x8 c:/program files/microchip/xc32/v4.00/bin/bin/../../lib/gcc/pic32c/8.3.1/thumb/v6-m/nofp/crtn.o
                0x000000bc                . = ALIGN (0x4)
                0x000000bc                __preinit_array_start = .
 *(.preinit_array)
                0x000000bc                __preinit_array_end = .
                0x000000bc                . = ALIGN (0x4)
                0x000000bc                __init_array_start = .
 *(SORT_BY_NAME(.init_array.*))
 *(.init_array)
 .init_array    0x000000bc        0x4 c:/program files/microchip/xc32/v4.00/bin/bin/../../lib/gcc/pic32c/8.3.1/thumb/v6-m/nofp/crtbegin.o
                0x000000c0                __init_array_end = .
                0x000000c0                . = ALIGN (0x4)
 *crtbegin.o(.ctors)
 *(EXCLUDE_FILE(*crtend.o) .ctors)
 *(SORT_BY_NAME(.ctors.*))
 *crtend.o(.ctors)
                0x000000c0                . = ALIGN (0x4)
 *(.fini)
 .fini          0x000000c0        0x4 c:/program files/microchip/xc32/v4.00/bin/bin/../../lib/gcc/pic32c/8.3.1/thumb/v6-m/nofp/crti.o
                0x000000c0                _fini
 .fini          0x000000c4        0x8 c:/program files/microchip/xc32/v4.00/bin/bin/../../lib/gcc/pic32c/8.3.1/thumb/v6-m/nofp/crtn.o
                0x000000cc                . = ALIGN (0x4)
                0x000000cc                __fini_array_start = .
 *(.fini_array)
 .fini_array    0x000000cc        0x4 c:/program files/microchip/xc32/v4.00/bin/bin/../../lib/gcc/pic32c/8.3.1/thumb/v6-m/nofp/crtbegin.o
 *(SORT_BY_NAME(.fini_array.*))
                0x000000d0                __fini_array_end = .
 *crtbegin.o(.dtors)
 *(EXCLUDE_FILE(*crtend.o) .dtors)
 *(SORT_BY_NAME(.dtors.*))
 *crtend.o(.dtors)
                0x000000d0                . = ALIGN (0x4)
                0x000000d0                _efixed = .
                [!provide]                PROVIDE (__exidx_start = .)

.ARM.exidx
 *(.ARM.exidx* .gnu.linkonce.armexidx.*)
                [!provide]                PROVIDE (__exidx_end = .)
                0x000000d0                . = ALIGN (0x4)
                0x000000d0                _etext = .

.bss            0x20000000        0x0
                0x20000000                . = ALIGN (0x4)
                0x20000000                __bss_start__ = .
                0x20000000                _sbss = .
                0x20000000                _szero = .
 *(COMMON)
                0x20000000                . = ALIGN (0x4)
                0x20000000                __bss_end__ = .
                0x20000000                _ebss = .
                0x20000000                _ezero = .
                0x20000000                . = ALIGN (0x4)
                0x20000000                _end = .
                0x20007fff                _ram_end_ = ((ORIGIN (ram) + LENGTH (ram)) - 0x1)
                0x00000200                _min_heap_size = 0x200
START GROUP
LOAD c:/program files/microchip/xc32/v4.00/bin/bin/../../lib/gcc/pic32c/8.3.1/../../../../pic32c/lib/thumb/v6-m/nofp\libpic32c.a
LOAD c:/program files/microchip/xc32/v4.00/bin/bin/../../lib/gcc/pic32c/8.3.1/../../../../pic32c/lib/thumb/v6-m/nofp\libm-emfloat.a
LOAD c:/program files/microchip/xc32/v4.00/bin/bin/../../lib/gcc/pic32c/8.3.1/../../../../pic32c/lib/thumb/v6-m/nofp\libc-musl.a
LOAD c:/program files/microchip/xc32/v4.00/bin/bin/../../lib/gcc/pic32c/8.3.1/../../../../pic32c/lib/thumb/v6-m/nofp\libm-emfloat.a
LOAD c:/program files/microchip/xc32/v4.00/bin/bin/../../lib/gcc/pic32c/8.3.1/thumb/v6-m/nofp\libgcc.a
END GROUP
LOAD c:/program files/microchip/xc32/v4.00/bin/bin/../../lib/gcc/pic32c/8.3.1/thumb/v6-m/nofp/crtend.o
LOAD c:/program files/microchip/xc32/v4.00/bin/bin/../../lib/gcc/pic32c/8.3.1/thumb/v6-m/nofp/crtn.o
OUTPUT(dist/Trinket_USB_2/production/USB_Audio_2.X.production.elf elf32-littlearm)
LOAD stack
LOAD data_init

.ARM.attributes
                0x00000000       0x2c
 .ARM.attributes
                0x00000000       0x1e c:/program files/microchip/xc32/v4.00/bin/bin/../../lib/gcc/pic32c/8.3.1/thumb/v6-m/nofp/crti.o
 .ARM.attributes
                0x0000001e       0x2c c:/program files/microchip/xc32/v4.00/bin/bin/../../lib/gcc/pic32c/8.3.1/thumb/v6-m/nofp/crtbegin.o
 .ARM.attributes
                0x0000004a       0x2c build/Trinket_USB_2/production/_ext/2108104030/drv_usbfsv1.o
 .ARM.attributes
                0x00000076       0x2c build/Trinket_USB_2/production/_ext/2108104030/drv_usbfsv1_device.o
 .ARM.attributes
                0x000000a2       0x2c build/Trinket_USB_2/production/_ext/1796475310/plib_clock.o
 .ARM.attributes
                0x000000ce       0x2c build/Trinket_USB_2/production/_ext/140417318/plib_dac.o
 .ARM.attributes
                0x000000fa       0x2c build/Trinket_USB_2/production/_ext/1798624796/plib_evsys.o
 .ARM.attributes
                0x00000126       0x2c build/Trinket_USB_2/production/_ext/58287938/plib_nvic.o
 .ARM.attributes
                0x00000152       0x2c build/Trinket_USB_2/production/_ext/1292982576/plib_nvmctrl.o
 .ARM.attributes
                0x0000017e       0x2c build/Trinket_USB_2/production/_ext/58341089/plib_port.o
 .ARM.attributes
                0x000001aa       0x2c build/Trinket_USB_2/production/_ext/1390003407/plib_tc3.o
 .ARM.attributes
                0x000001d6       0x2c build/Trinket_USB_2/production/_ext/1961919639/sys_int.o
 .ARM.attributes
                0x00000202       0x2c build/Trinket_USB_2/production/_ext/1909065425/sys_time.o
 .ARM.attributes
                0x0000022e       0x2c build/Trinket_USB_2/production/_ext/1390297478/usb_device.o
 .ARM.attributes
                0x0000025a       0x2c build/Trinket_USB_2/production/_ext/1390297478/usb_device_cdc.o
 .ARM.attributes
                0x00000286       0x2c build/Trinket_USB_2/production/_ext/1390297478/usb_device_cdc_acm.o
 .ARM.attributes
                0x000002b2       0x2c build/Trinket_USB_2/production/_ext/1189347772/initialization.o
 .ARM.attributes
                0x000002de       0x2c build/Trinket_USB_2/production/_ext/1189347772/interrupts.o
 .ARM.attributes
                0x0000030a       0x2c build/Trinket_USB_2/production/_ext/1189347772/exceptions.o
 .ARM.attributes
                0x00000336       0x2c build/Trinket_USB_2/production/_ext/1189347772/startup_xc32.o
 .ARM.attributes
                0x00000362       0x32 build/Trinket_USB_2/production/_ext/1189347772/usb_device_init_data.o
 .ARM.attributes
                0x00000394       0x2c build/Trinket_USB_2/production/_ext/1189347772/tasks.o
 .ARM.attributes
                0x000003c0       0x2c build/Trinket_USB_2/production/_ext/1360937237/main.o
 .ARM.attributes
                0x000003ec       0x2c build/Trinket_USB_2/production/_ext/1360937237/app_usb.o
 .ARM.attributes
                0x00000418       0x2c c:/program files/microchip/xc32/v4.00/bin/bin/../../lib/gcc/pic32c/8.3.1/../../../../pic32c/lib/thumb/v6-m/nofp\libpic32c.a(data_init.o)
 .ARM.attributes
                0x00000444       0x2e c:/program files/microchip/xc32/v4.00/bin/bin/../../lib/gcc/pic32c/8.3.1/../../../../pic32c/lib/thumb/v6-m/nofp\libc-musl.a(__libc_start_main.o)
 .ARM.attributes
                0x00000472       0x2e c:/program files/microchip/xc32/v4.00/bin/bin/../../lib/gcc/pic32c/8.3.1/../../../../pic32c/lib/thumb/v6-m/nofp\libc-musl.a(libc.o)
 .ARM.attributes
                0x000004a0       0x2e c:/program files/microchip/xc32/v4.00/bin/bin/../../lib/gcc/pic32c/8.3.1/../../../../pic32c/lib/thumb/v6-m/nofp\libc-musl.a(memcpy.o)
 .ARM.attributes
                0x000004ce       0x2e c:/program files/microchip/xc32/v4.00/bin/bin/../../lib/gcc/pic32c/8.3.1/../../../../pic32c/lib/thumb/v6-m/nofp\libc-musl.a(memset.o)
 .ARM.attributes
                0x000004fc       0x2e c:/program files/microchip/xc32/v4.00/bin/bin/../../lib/gcc/pic32c/8.3.1/../../../../pic32c/lib/thumb/v6-m/nofp\libc-musl.a(__environ.o)
 .ARM.attributes
                0x0000052a       0x1e c:/program files/microchip/xc32/v4.00/bin/bin/../../lib/gcc/pic32c/8.3.1/thumb/v6-m/nofp\libgcc.a(_udivsi3.o)
 .ARM.attributes
                0x00000548       0x1e c:/program files/microchip/xc32/v4.00/bin/bin/../../lib/gcc/pic32c/8.3.1/thumb/v6-m/nofp\libgcc.a(_divsi3.o)
 .ARM.attributes
                0x00000566       0x1e c:/program files/microchip/xc32/v4.00/bin/bin/../../lib/gcc/pic32c/8.3.1/thumb/v6-m/nofp\libgcc.a(_dvmd_tls.o)
 .ARM.attributes
                0x00000584       0x1e c:/program files/microchip/xc32/v4.00/bin/bin/../../lib/gcc/pic32c/8.3.1/thumb/v6-m/nofp/crtn.o

.comment        0x00000000       0x53
 .comment       0x00000000       0x53 c:/program files/microchip/xc32/v4.00/bin/bin/../../lib/gcc/pic32c/8.3.1/thumb/v6-m/nofp/crtbegin.o
                                 0x54 (size before relaxing)
 .comment       0x00000053       0x54 build/Trinket_USB_2/production/_ext/2108104030/drv_usbfsv1.o
 .comment       0x00000053       0x54 build/Trinket_USB_2/production/_ext/2108104030/drv_usbfsv1_device.o
 .comment       0x00000053       0x54 build/Trinket_USB_2/production/_ext/1796475310/plib_clock.o
 .comment       0x00000053       0x54 build/Trinket_USB_2/production/_ext/140417318/plib_dac.o
 .comment       0x00000053       0x54 build/Trinket_USB_2/production/_ext/1798624796/plib_evsys.o
 .comment       0x00000053       0x54 build/Trinket_USB_2/production/_ext/58287938/plib_nvic.o
 .comment       0x00000053       0x54 build/Trinket_USB_2/production/_ext/1292982576/plib_nvmctrl.o
 .comment       0x00000053       0x54 build/Trinket_USB_2/production/_ext/58341089/plib_port.o
 .comment       0x00000053       0x54 build/Trinket_USB_2/production/_ext/1390003407/plib_tc3.o
 .comment       0x00000053       0x54 build/Trinket_USB_2/production/_ext/1961919639/sys_int.o
 .comment       0x00000053       0x54 build/Trinket_USB_2/production/_ext/1909065425/sys_time.o
 .comment       0x00000053       0x54 build/Trinket_USB_2/production/_ext/1390297478/usb_device.o
 .comment       0x00000053       0x54 build/Trinket_USB_2/production/_ext/1390297478/usb_device_cdc.o
 .comment       0x00000053       0x54 build/Trinket_USB_2/production/_ext/1390297478/usb_device_cdc_acm.o
 .comment       0x00000053       0x54 build/Trinket_USB_2/production/_ext/1189347772/initialization.o
 .comment       0x00000053       0x54 build/Trinket_USB_2/production/_ext/1189347772/interrupts.o
 .comment       0x00000053       0x54 build/Trinket_USB_2/production/_ext/1189347772/exceptions.o
 .comment       0x00000053       0x54 build/Trinket_USB_2/production/_ext/1189347772/startup_xc32.o
 .comment       0x00000053       0x54 build/Trinket_USB_2/production/_ext/1189347772/usb_device_init_data.o
 .comment       0x00000053       0x54 build/Trinket_USB_2/production/_ext/1189347772/tasks.o
 .comment       0x00000053       0x54 build/Trinket_USB_2/production/_ext/1360937237/main.o
 .comment       0x00000053       0x54 build/Trinket_USB_2/production/_ext/1360937237/app_usb.o
 .comment       0x00000053       0x54 c:/program files/microchip/xc32/v4.00/bin/bin/../../lib/gcc/pic32c/8.3.1/../../../../pic32c/lib/thumb/v6-m/nofp\libpic32c.a(data_init.o)
 .comment       0x00000053       0x54 c:/program files/microchip/xc32/v4.00/bin/bin/../../lib/gcc/pic32c/8.3.1/../../../../pic32c/lib/thumb/v6-m/nofp\libc-musl.a(__libc_start_main.o)
 .comment       0x00000053       0x54 c:/program files/microchip/xc32/v4.00/bin/bin/../../lib/gcc/pic32c/8.3.1/../../../../pic32c/lib/thumb/v6-m/nofp\libc-musl.a(libc.o)
 .comment       0x00000053       0x54 c:/program files/microchip/xc32/v4.00/bin/bin/../../lib/gcc/pic32c/8.3.1/../../../../pic32c/lib/thumb/v6-m/nofp\libc-musl.a(memcpy.o)
 .comment       0x00000053       0x54 c:/program files/microchip/xc32/v4.00/bin/bin/../../lib/gcc/pic32c/8.3.1/../../../../pic32c/lib/thumb/v6-m/nofp\libc-musl.a(memset.o)
 .comment       0x00000053       0x54 c:/program files/microchip/xc32/v4.00/bin/bin/../../lib/gcc/pic32c/8.3.1/../../../../pic32c/lib/thumb/v6-m/nofp\libc-musl.a(__environ.o)

.debug_info     0x00000000    0x37dd2
 .debug_info    0x00000000     0x56af build/Trinket_USB_2/production/_ext/2108104030/drv_usbfsv1.o
 .debug_info    0x000056af     0x670a build/Trinket_USB_2/production/_ext/2108104030/drv_usbfsv1_device.o
 .debug_info    0x0000bdb9      0xa66 build/Trinket_USB_2/production/_ext/1796475310/plib_clock.o
 .debug_info    0x0000c81f      0x50a build/Trinket_USB_2/production/_ext/140417318/plib_dac.o
 .debug_info    0x0000cd29      0x34c build/Trinket_USB_2/production/_ext/1798624796/plib_evsys.o
 .debug_info    0x0000d075      0xa62 build/Trinket_USB_2/production/_ext/58287938/plib_nvic.o
 .debug_info    0x0000dad7      0x8dd build/Trinket_USB_2/production/_ext/1292982576/plib_nvmctrl.o
 .debug_info    0x0000e3b4      0xbee build/Trinket_USB_2/production/_ext/58341089/plib_port.o
 .debug_info    0x0000efa2      0xc7a build/Trinket_USB_2/production/_ext/1390003407/plib_tc3.o
 .debug_info    0x0000fc1c      0x9a6 build/Trinket_USB_2/production/_ext/1961919639/sys_int.o
 .debug_info    0x000105c2     0x25a3 build/Trinket_USB_2/production/_ext/1909065425/sys_time.o
 .debug_info    0x00012b65     0x5df2 build/Trinket_USB_2/production/_ext/1390297478/usb_device.o
 .debug_info    0x00018957     0x3e86 build/Trinket_USB_2/production/_ext/1390297478/usb_device_cdc.o
 .debug_info    0x0001c7dd     0x1951 build/Trinket_USB_2/production/_ext/1390297478/usb_device_cdc_acm.o
 .debug_info    0x0001e12e     0x4091 build/Trinket_USB_2/production/_ext/1189347772/initialization.o
 .debug_info    0x000221bf     0x346b build/Trinket_USB_2/production/_ext/1189347772/interrupts.o
 .debug_info    0x0002562a     0x2ef4 build/Trinket_USB_2/production/_ext/1189347772/exceptions.o
 .debug_info    0x0002851e      0x4e0 build/Trinket_USB_2/production/_ext/1189347772/startup_xc32.o
 .debug_info    0x000289fe     0x396e build/Trinket_USB_2/production/_ext/1189347772/usb_device_init_data.o
 .debug_info    0x0002c36c     0x2f09 build/Trinket_USB_2/production/_ext/1189347772/tasks.o
 .debug_info    0x0002f275     0x2ee3 build/Trinket_USB_2/production/_ext/1360937237/main.o
 .debug_info    0x00032158     0x414d build/Trinket_USB_2/production/_ext/1360937237/app_usb.o
 .debug_info    0x000362a5      0x2d1 c:/program files/microchip/xc32/v4.00/bin/bin/../../lib/gcc/pic32c/8.3.1/../../../../pic32c/lib/thumb/v6-m/nofp\libpic32c.a(data_init.o)
 .debug_info    0x00036576      0x6a9 c:/program files/microchip/xc32/v4.00/bin/bin/../../lib/gcc/pic32c/8.3.1/../../../../pic32c/lib/thumb/v6-m/nofp\libc-musl.a(__libc_start_main.o)
 .debug_info    0x00036c1f      0x5d5 c:/program files/microchip/xc32/v4.00/bin/bin/../../lib/gcc/pic32c/8.3.1/../../../../pic32c/lib/thumb/v6-m/nofp\libc-musl.a(libc.o)
 .debug_info    0x000371f4      0x30e c:/program files/microchip/xc32/v4.00/bin/bin/../../lib/gcc/pic32c/8.3.1/../../../../pic32c/lib/thumb/v6-m/nofp\libc-musl.a(memcpy.o)
 .debug_info    0x00037502      0x2d2 c:/program files/microchip/xc32/v4.00/bin/bin/../../lib/gcc/pic32c/8.3.1/../../../../pic32c/lib/thumb/v6-m/nofp\libc-musl.a(memset.o)
 .debug_info    0x000377d4      0x58c c:/program files/microchip/xc32/v4.00/bin/bin/../../lib/gcc/pic32c/8.3.1/../../../../pic32c/lib/thumb/v6-m/nofp\libc-musl.a(__environ.o)
 .debug_info    0x00037d60       0x26 c:/program files/microchip/xc32/v4.00/bin/bin/../../lib/gcc/pic32c/8.3.1/thumb/v6-m/nofp\libgcc.a(_udivsi3.o)
 .debug_info    0x00037d86       0x26 c:/program files/microchip/xc32/v4.00/bin/bin/../../lib/gcc/pic32c/8.3.1/thumb/v6-m/nofp\libgcc.a(_divsi3.o)
 .debug_info    0x00037dac       0x26 c:/program files/microchip/xc32/v4.00/bin/bin/../../lib/gcc/pic32c/8.3.1/thumb/v6-m/nofp\libgcc.a(_dvmd_tls.o)

.debug_abbrev   0x00000000     0x3ef3
 .debug_abbrev  0x00000000      0x4e5 build/Trinket_USB_2/production/_ext/2108104030/drv_usbfsv1.o
 .debug_abbrev  0x000004e5      0x5ed build/Trinket_USB_2/production/_ext/2108104030/drv_usbfsv1_device.o
 .debug_abbrev  0x00000ad2      0x13e build/Trinket_USB_2/production/_ext/1796475310/plib_clock.o
 .debug_abbrev  0x00000c10       0xc9 build/Trinket_USB_2/production/_ext/140417318/plib_dac.o
 .debug_abbrev  0x00000cd9       0x3b build/Trinket_USB_2/production/_ext/1798624796/plib_evsys.o
 .debug_abbrev  0x00000d14      0x1e1 build/Trinket_USB_2/production/_ext/58287938/plib_nvic.o
 .debug_abbrev  0x00000ef5      0x1b1 build/Trinket_USB_2/production/_ext/1292982576/plib_nvmctrl.o
 .debug_abbrev  0x000010a6      0x1d6 build/Trinket_USB_2/production/_ext/58341089/plib_port.o
 .debug_abbrev  0x0000127c      0x1e8 build/Trinket_USB_2/production/_ext/1390003407/plib_tc3.o
 .debug_abbrev  0x00001464      0x246 build/Trinket_USB_2/production/_ext/1961919639/sys_int.o
 .debug_abbrev  0x000016aa      0x5a6 build/Trinket_USB_2/production/_ext/1909065425/sys_time.o
 .debug_abbrev  0x00001c50      0x4e6 build/Trinket_USB_2/production/_ext/1390297478/usb_device.o
 .debug_abbrev  0x00002136      0x505 build/Trinket_USB_2/production/_ext/1390297478/usb_device_cdc.o
 .debug_abbrev  0x0000263b      0x205 build/Trinket_USB_2/production/_ext/1390297478/usb_device_cdc_acm.o
 .debug_abbrev  0x00002840      0x2df build/Trinket_USB_2/production/_ext/1189347772/initialization.o
 .debug_abbrev  0x00002b1f      0x21d build/Trinket_USB_2/production/_ext/1189347772/interrupts.o
 .debug_abbrev  0x00002d3c      0x1ff build/Trinket_USB_2/production/_ext/1189347772/exceptions.o
 .debug_abbrev  0x00002f3b      0x110 build/Trinket_USB_2/production/_ext/1189347772/startup_xc32.o
 .debug_abbrev  0x0000304b      0x248 build/Trinket_USB_2/production/_ext/1189347772/usb_device_init_data.o
 .debug_abbrev  0x00003293      0x231 build/Trinket_USB_2/production/_ext/1189347772/tasks.o
 .debug_abbrev  0x000034c4      0x238 build/Trinket_USB_2/production/_ext/1360937237/main.o
 .debug_abbrev  0x000036fc      0x3a6 build/Trinket_USB_2/production/_ext/1360937237/app_usb.o
 .debug_abbrev  0x00003aa2       0x2e c:/program files/microchip/xc32/v4.00/bin/bin/../../lib/gcc/pic32c/8.3.1/../../../../pic32c/lib/thumb/v6-m/nofp\libpic32c.a(data_init.o)
 .debug_abbrev  0x00003ad0      0x126 c:/program files/microchip/xc32/v4.00/bin/bin/../../lib/gcc/pic32c/8.3.1/../../../../pic32c/lib/thumb/v6-m/nofp\libc-musl.a(__libc_start_main.o)
 .debug_abbrev  0x00003bf6       0xc7 c:/program files/microchip/xc32/v4.00/bin/bin/../../lib/gcc/pic32c/8.3.1/../../../../pic32c/lib/thumb/v6-m/nofp\libc-musl.a(libc.o)
 .debug_abbrev  0x00003cbd       0x9c c:/program files/microchip/xc32/v4.00/bin/bin/../../lib/gcc/pic32c/8.3.1/../../../../pic32c/lib/thumb/v6-m/nofp\libc-musl.a(memcpy.o)
 .debug_abbrev  0x00003d59       0x97 c:/program files/microchip/xc32/v4.00/bin/bin/../../lib/gcc/pic32c/8.3.1/../../../../pic32c/lib/thumb/v6-m/nofp\libc-musl.a(memset.o)
 .debug_abbrev  0x00003df0       0xc7 c:/program files/microchip/xc32/v4.00/bin/bin/../../lib/gcc/pic32c/8.3.1/../../../../pic32c/lib/thumb/v6-m/nofp\libc-musl.a(__environ.o)
 .debug_abbrev  0x00003eb7       0x14 c:/program files/microchip/xc32/v4.00/bin/bin/../../lib/gcc/pic32c/8.3.1/thumb/v6-m/nofp\libgcc.a(_udivsi3.o)
 .debug_abbrev  0x00003ecb       0x14 c:/program files/microchip/xc32/v4.00/bin/bin/../../lib/gcc/pic32c/8.3.1/thumb/v6-m/nofp\libgcc.a(_divsi3.o)
 .debug_abbrev  0x00003edf       0x14 c:/program files/microchip/xc32/v4.00/bin/bin/../../lib/gcc/pic32c/8.3.1/thumb/v6-m/nofp\libgcc.a(_dvmd_tls.o)

.debug_loc      0x00000000     0xaf44
 .debug_loc     0x00000000      0x7f5 build/Trinket_USB_2/production/_ext/2108104030/drv_usbfsv1.o
 .debug_loc     0x000007f5     0x2c1d build/Trinket_USB_2/production/_ext/2108104030/drv_usbfsv1_device.o
 .debug_loc     0x00003412       0x8e build/Trinket_USB_2/production/_ext/1796475310/plib_clock.o
 .debug_loc     0x000034a0       0x25 build/Trinket_USB_2/production/_ext/140417318/plib_dac.o
 .debug_loc     0x000034c5       0xb2 build/Trinket_USB_2/production/_ext/58287938/plib_nvic.o
 .debug_loc     0x00003577      0x2f9 build/Trinket_USB_2/production/_ext/1292982576/plib_nvmctrl.o
 .debug_loc     0x00003870      0x246 build/Trinket_USB_2/production/_ext/58341089/plib_port.o
 .debug_loc     0x00003ab6       0x5f build/Trinket_USB_2/production/_ext/1390003407/plib_tc3.o
 .debug_loc     0x00003b15      0x17d build/Trinket_USB_2/production/_ext/1961919639/sys_int.o
 .debug_loc     0x00003c92     0x20d3 build/Trinket_USB_2/production/_ext/1909065425/sys_time.o
 .debug_loc     0x00005d65     0x2fc0 build/Trinket_USB_2/production/_ext/1390297478/usb_device.o
 .debug_loc     0x00008d25     0x17ca build/Trinket_USB_2/production/_ext/1390297478/usb_device_cdc.o
 .debug_loc     0x0000a4ef      0x260 build/Trinket_USB_2/production/_ext/1390297478/usb_device_cdc_acm.o
 .debug_loc     0x0000a74f       0x45 build/Trinket_USB_2/production/_ext/1189347772/initialization.o
 .debug_loc     0x0000a794       0x20 build/Trinket_USB_2/production/_ext/1189347772/startup_xc32.o
 .debug_loc     0x0000a7b4       0x20 build/Trinket_USB_2/production/_ext/1189347772/tasks.o
 .debug_loc     0x0000a7d4       0x20 build/Trinket_USB_2/production/_ext/1360937237/main.o
 .debug_loc     0x0000a7f4      0x555 build/Trinket_USB_2/production/_ext/1360937237/app_usb.o
 .debug_loc     0x0000ad49       0x14 c:/program files/microchip/xc32/v4.00/bin/bin/../../lib/gcc/pic32c/8.3.1/../../../../pic32c/lib/thumb/v6-m/nofp\libpic32c.a(data_init.o)
 .debug_loc     0x0000ad5d       0x5e c:/program files/microchip/xc32/v4.00/bin/bin/../../lib/gcc/pic32c/8.3.1/../../../../pic32c/lib/thumb/v6-m/nofp\libc-musl.a(__libc_start_main.o)
 .debug_loc     0x0000adbb      0x109 c:/program files/microchip/xc32/v4.00/bin/bin/../../lib/gcc/pic32c/8.3.1/../../../../pic32c/lib/thumb/v6-m/nofp\libc-musl.a(memcpy.o)
 .debug_loc     0x0000aec4       0x80 c:/program files/microchip/xc32/v4.00/bin/bin/../../lib/gcc/pic32c/8.3.1/../../../../pic32c/lib/thumb/v6-m/nofp\libc-musl.a(memset.o)

.debug_aranges  0x00000000      0x908
 .debug_aranges
                0x00000000       0x80 build/Trinket_USB_2/production/_ext/2108104030/drv_usbfsv1.o
 .debug_aranges
                0x00000080       0xb8 build/Trinket_USB_2/production/_ext/2108104030/drv_usbfsv1_device.o
 .debug_aranges
                0x00000138       0x20 build/Trinket_USB_2/production/_ext/1796475310/plib_clock.o
 .debug_aranges
                0x00000158       0x28 build/Trinket_USB_2/production/_ext/140417318/plib_dac.o
 .debug_aranges
                0x00000180       0x20 build/Trinket_USB_2/production/_ext/1798624796/plib_evsys.o
 .debug_aranges
                0x000001a0       0x38 build/Trinket_USB_2/production/_ext/58287938/plib_nvic.o
 .debug_aranges
                0x000001d8       0x70 build/Trinket_USB_2/production/_ext/1292982576/plib_nvmctrl.o
 .debug_aranges
                0x00000248       0x70 build/Trinket_USB_2/production/_ext/58341089/plib_port.o
 .debug_aranges
                0x000002b8       0x78 build/Trinket_USB_2/production/_ext/1390003407/plib_tc3.o
 .debug_aranges
                0x00000330       0x40 build/Trinket_USB_2/production/_ext/1961919639/sys_int.o
 .debug_aranges
                0x00000370      0x108 build/Trinket_USB_2/production/_ext/1909065425/sys_time.o
 .debug_aranges
                0x00000478      0x1a0 build/Trinket_USB_2/production/_ext/1390297478/usb_device.o
 .debug_aranges
                0x00000618       0x88 build/Trinket_USB_2/production/_ext/1390297478/usb_device_cdc.o
 .debug_aranges
                0x000006a0       0x20 build/Trinket_USB_2/production/_ext/1390297478/usb_device_cdc_acm.o
 .debug_aranges
                0x000006c0       0x20 build/Trinket_USB_2/production/_ext/1189347772/initialization.o
 .debug_aranges
                0x000006e0       0x20 build/Trinket_USB_2/production/_ext/1189347772/interrupts.o
 .debug_aranges
                0x00000700       0x28 build/Trinket_USB_2/production/_ext/1189347772/exceptions.o
 .debug_aranges
                0x00000728       0x28 build/Trinket_USB_2/production/_ext/1189347772/startup_xc32.o
 .debug_aranges
                0x00000750       0x18 build/Trinket_USB_2/production/_ext/1189347772/usb_device_init_data.o
 .debug_aranges
                0x00000768       0x20 build/Trinket_USB_2/production/_ext/1189347772/tasks.o
 .debug_aranges
                0x00000788       0x20 build/Trinket_USB_2/production/_ext/1360937237/main.o
 .debug_aranges
                0x000007a8       0x48 build/Trinket_USB_2/production/_ext/1360937237/app_usb.o
 .debug_aranges
                0x000007f0       0x20 c:/program files/microchip/xc32/v4.00/bin/bin/../../lib/gcc/pic32c/8.3.1/../../../../pic32c/lib/thumb/v6-m/nofp\libpic32c.a(data_init.o)
 .debug_aranges
                0x00000810       0x28 c:/program files/microchip/xc32/v4.00/bin/bin/../../lib/gcc/pic32c/8.3.1/../../../../pic32c/lib/thumb/v6-m/nofp\libc-musl.a(__libc_start_main.o)
 .debug_aranges
                0x00000838       0x18 c:/program files/microchip/xc32/v4.00/bin/bin/../../lib/gcc/pic32c/8.3.1/../../../../pic32c/lib/thumb/v6-m/nofp\libc-musl.a(libc.o)
 .debug_aranges
                0x00000850       0x20 c:/program files/microchip/xc32/v4.00/bin/bin/../../lib/gcc/pic32c/8.3.1/../../../../pic32c/lib/thumb/v6-m/nofp\libc-musl.a(memcpy.o)
 .debug_aranges
                0x00000870       0x20 c:/program files/microchip/xc32/v4.00/bin/bin/../../lib/gcc/pic32c/8.3.1/../../../../pic32c/lib/thumb/v6-m/nofp\libc-musl.a(memset.o)
 .debug_aranges
                0x00000890       0x18 c:/program files/microchip/xc32/v4.00/bin/bin/../../lib/gcc/pic32c/8.3.1/../../../../pic32c/lib/thumb/v6-m/nofp\libc-musl.a(__environ.o)
 .debug_aranges
                0x000008a8       0x20 c:/program files/microchip/xc32/v4.00/bin/bin/../../lib/gcc/pic32c/8.3.1/thumb/v6-m/nofp\libgcc.a(_udivsi3.o)
 .debug_aranges
                0x000008c8       0x20 c:/program files/microchip/xc32/v4.00/bin/bin/../../lib/gcc/pic32c/8.3.1/thumb/v6-m/nofp\libgcc.a(_divsi3.o)
 .debug_aranges
                0x000008e8       0x20 c:/program files/microchip/xc32/v4.00/bin/bin/../../lib/gcc/pic32c/8.3.1/thumb/v6-m/nofp\libgcc.a(_dvmd_tls.o)

.debug_ranges   0x00000000      0x8c0
 .debug_ranges  0x00000000       0x70 build/Trinket_USB_2/production/_ext/2108104030/drv_usbfsv1.o
 .debug_ranges  0x00000070      0x168 build/Trinket_USB_2/production/_ext/2108104030/drv_usbfsv1_device.o
 .debug_ranges  0x000001d8       0x28 build/Trinket_USB_2/production/_ext/1796475310/plib_clock.o
 .debug_ranges  0x00000200       0x18 build/Trinket_USB_2/production/_ext/140417318/plib_dac.o
 .debug_ranges  0x00000218       0x10 build/Trinket_USB_2/production/_ext/1798624796/plib_evsys.o
 .debug_ranges  0x00000228       0x28 build/Trinket_USB_2/production/_ext/58287938/plib_nvic.o
 .debug_ranges  0x00000250       0x60 build/Trinket_USB_2/production/_ext/1292982576/plib_nvmctrl.o
 .debug_ranges  0x000002b0       0x60 build/Trinket_USB_2/production/_ext/58341089/plib_port.o
 .debug_ranges  0x00000310       0x68 build/Trinket_USB_2/production/_ext/1390003407/plib_tc3.o
 .debug_ranges  0x00000378       0x48 build/Trinket_USB_2/production/_ext/1961919639/sys_int.o
 .debug_ranges  0x000003c0      0x198 build/Trinket_USB_2/production/_ext/1909065425/sys_time.o
 .debug_ranges  0x00000558      0x190 build/Trinket_USB_2/production/_ext/1390297478/usb_device.o
 .debug_ranges  0x000006e8       0xc0 build/Trinket_USB_2/production/_ext/1390297478/usb_device_cdc.o
 .debug_ranges  0x000007a8       0x10 build/Trinket_USB_2/production/_ext/1390297478/usb_device_cdc_acm.o
 .debug_ranges  0x000007b8       0x10 build/Trinket_USB_2/production/_ext/1189347772/initialization.o
 .debug_ranges  0x000007c8       0x10 build/Trinket_USB_2/production/_ext/1189347772/interrupts.o
 .debug_ranges  0x000007d8       0x18 build/Trinket_USB_2/production/_ext/1189347772/exceptions.o
 .debug_ranges  0x000007f0       0x18 build/Trinket_USB_2/production/_ext/1189347772/startup_xc32.o
 .debug_ranges  0x00000808       0x10 build/Trinket_USB_2/production/_ext/1189347772/tasks.o
 .debug_ranges  0x00000818       0x10 build/Trinket_USB_2/production/_ext/1360937237/main.o
 .debug_ranges  0x00000828       0x38 build/Trinket_USB_2/production/_ext/1360937237/app_usb.o
 .debug_ranges  0x00000860       0x10 c:/program files/microchip/xc32/v4.00/bin/bin/../../lib/gcc/pic32c/8.3.1/../../../../pic32c/lib/thumb/v6-m/nofp\libpic32c.a(data_init.o)
 .debug_ranges  0x00000870       0x30 c:/program files/microchip/xc32/v4.00/bin/bin/../../lib/gcc/pic32c/8.3.1/../../../../pic32c/lib/thumb/v6-m/nofp\libc-musl.a(__libc_start_main.o)
 .debug_ranges  0x000008a0       0x10 c:/program files/microchip/xc32/v4.00/bin/bin/../../lib/gcc/pic32c/8.3.1/../../../../pic32c/lib/thumb/v6-m/nofp\libc-musl.a(memcpy.o)
 .debug_ranges  0x000008b0       0x10 c:/program files/microchip/xc32/v4.00/bin/bin/../../lib/gcc/pic32c/8.3.1/../../../../pic32c/lib/thumb/v6-m/nofp\libc-musl.a(memset.o)

.debug_line     0x00000000     0x9c84
 .debug_line    0x00000000      0x9b8 build/Trinket_USB_2/production/_ext/2108104030/drv_usbfsv1.o
 .debug_line    0x000009b8     0x1eeb build/Trinket_USB_2/production/_ext/2108104030/drv_usbfsv1_device.o
 .debug_line    0x000028a3      0x1f2 build/Trinket_USB_2/production/_ext/1796475310/plib_clock.o
 .debug_line    0x00002a95      0x145 build/Trinket_USB_2/production/_ext/140417318/plib_dac.o
 .debug_line    0x00002bda       0x6c build/Trinket_USB_2/production/_ext/1798624796/plib_evsys.o
 .debug_line    0x00002c46      0x2e8 build/Trinket_USB_2/production/_ext/58287938/plib_nvic.o
 .debug_line    0x00002f2e      0x2f0 build/Trinket_USB_2/production/_ext/1292982576/plib_nvmctrl.o
 .debug_line    0x0000321e      0x2c0 build/Trinket_USB_2/production/_ext/58341089/plib_port.o
 .debug_line    0x000034de      0x340 build/Trinket_USB_2/production/_ext/1390003407/plib_tc3.o
 .debug_line    0x0000381e      0x2d7 build/Trinket_USB_2/production/_ext/1961919639/sys_int.o
 .debug_line    0x00003af5      0xf3d build/Trinket_USB_2/production/_ext/1909065425/sys_time.o
 .debug_line    0x00004a32     0x18f2 build/Trinket_USB_2/production/_ext/1390297478/usb_device.o
 .debug_line    0x00006324      0xcd8 build/Trinket_USB_2/production/_ext/1390297478/usb_device_cdc.o
 .debug_line    0x00006ffc      0x252 build/Trinket_USB_2/production/_ext/1390297478/usb_device_cdc_acm.o
 .debug_line    0x0000724e      0x5dc build/Trinket_USB_2/production/_ext/1189347772/initialization.o
 .debug_line    0x0000782a      0x365 build/Trinket_USB_2/production/_ext/1189347772/interrupts.o
 .debug_line    0x00007b8f      0x366 build/Trinket_USB_2/production/_ext/1189347772/exceptions.o
 .debug_line    0x00007ef5      0x15f build/Trinket_USB_2/production/_ext/1189347772/startup_xc32.o
 .debug_line    0x00008054      0x352 build/Trinket_USB_2/production/_ext/1189347772/usb_device_init_data.o
 .debug_line    0x000083a6      0x367 build/Trinket_USB_2/production/_ext/1189347772/tasks.o
 .debug_line    0x0000870d      0x354 build/Trinket_USB_2/production/_ext/1360937237/main.o
 .debug_line    0x00008a61      0x80e build/Trinket_USB_2/production/_ext/1360937237/app_usb.o
 .debug_line    0x0000926f      0x132 c:/program files/microchip/xc32/v4.00/bin/bin/../../lib/gcc/pic32c/8.3.1/../../../../pic32c/lib/thumb/v6-m/nofp\libpic32c.a(data_init.o)
 .debug_line    0x000093a1      0x241 c:/program files/microchip/xc32/v4.00/bin/bin/../../lib/gcc/pic32c/8.3.1/../../../../pic32c/lib/thumb/v6-m/nofp\libc-musl.a(__libc_start_main.o)
 .debug_line    0x000095e2      0x132 c:/program files/microchip/xc32/v4.00/bin/bin/../../lib/gcc/pic32c/8.3.1/../../../../pic32c/lib/thumb/v6-m/nofp\libc-musl.a(libc.o)
 .debug_line    0x00009714       0xf5 c:/program files/microchip/xc32/v4.00/bin/bin/../../lib/gcc/pic32c/8.3.1/../../../../pic32c/lib/thumb/v6-m/nofp\libc-musl.a(memcpy.o)
 .debug_line    0x00009809       0xe9 c:/program files/microchip/xc32/v4.00/bin/bin/../../lib/gcc/pic32c/8.3.1/../../../../pic32c/lib/thumb/v6-m/nofp\libc-musl.a(memset.o)
 .debug_line    0x000098f2      0x19f c:/program files/microchip/xc32/v4.00/bin/bin/../../lib/gcc/pic32c/8.3.1/../../../../pic32c/lib/thumb/v6-m/nofp\libc-musl.a(__environ.o)
 .debug_line    0x00009a91       0xa8 c:/program files/microchip/xc32/v4.00/bin/bin/../../lib/gcc/pic32c/8.3.1/thumb/v6-m/nofp\libgcc.a(_udivsi3.o)
 .debug_line    0x00009b39       0xaf c:/program files/microchip/xc32/v4.00/bin/bin/../../lib/gcc/pic32c/8.3.1/thumb/v6-m/nofp\libgcc.a(_divsi3.o)
 .debug_line    0x00009be8       0x9c c:/program files/microchip/xc32/v4.00/bin/bin/../../lib/gcc/pic32c/8.3.1/thumb/v6-m/nofp\libgcc.a(_dvmd_tls.o)

.debug_str      0x00000000     0x1819
 .debug_str     0x00000000      0x325 build/Trinket_USB_2/production/_ext/2108104030/drv_usbfsv1.o
 .debug_str     0x00000325      0x2f4 build/Trinket_USB_2/production/_ext/2108104030/drv_usbfsv1_device.o
 .debug_str     0x00000619       0x28 build/Trinket_USB_2/production/_ext/1796475310/plib_clock.o
 .debug_str     0x00000641        0x0 build/Trinket_USB_2/production/_ext/140417318/plib_dac.o
 .debug_str     0x00000641        0x0 build/Trinket_USB_2/production/_ext/1798624796/plib_evsys.o
 .debug_str     0x00000641        0xa build/Trinket_USB_2/production/_ext/58287938/plib_nvic.o
 .debug_str     0x0000064b       0x11 build/Trinket_USB_2/production/_ext/1292982576/plib_nvmctrl.o
 .debug_str     0x0000065c        0xb build/Trinket_USB_2/production/_ext/58341089/plib_port.o
 .debug_str     0x00000667       0xa7 build/Trinket_USB_2/production/_ext/1390003407/plib_tc3.o
 .debug_str     0x0000070e       0x32 build/Trinket_USB_2/production/_ext/1961919639/sys_int.o
 .debug_str     0x00000740       0xd4 build/Trinket_USB_2/production/_ext/1909065425/sys_time.o
 .debug_str     0x00000814      0x2cc build/Trinket_USB_2/production/_ext/1390297478/usb_device.o
 .debug_str     0x00000ae0      0x1f5 build/Trinket_USB_2/production/_ext/1390297478/usb_device_cdc.o
 .debug_str     0x00000cd5       0x27 build/Trinket_USB_2/production/_ext/1390297478/usb_device_cdc_acm.o
 .debug_str     0x00000cfc      0x283 build/Trinket_USB_2/production/_ext/1189347772/initialization.o
 .debug_str     0x00000f7f       0x9c build/Trinket_USB_2/production/_ext/1189347772/interrupts.o
 .debug_str     0x0000101b       0x9c build/Trinket_USB_2/production/_ext/1189347772/exceptions.o
 .debug_str     0x000010b7       0x2f build/Trinket_USB_2/production/_ext/1189347772/startup_xc32.o
 .debug_str     0x000010e6       0xd9 build/Trinket_USB_2/production/_ext/1189347772/usb_device_init_data.o
 .debug_str     0x000011bf       0xcd build/Trinket_USB_2/production/_ext/1189347772/tasks.o
 .debug_str     0x0000128c       0xb5 build/Trinket_USB_2/production/_ext/1360937237/main.o
 .debug_str     0x00001341      0x20e build/Trinket_USB_2/production/_ext/1360937237/app_usb.o
 .debug_str     0x0000154f        0x0 c:/program files/microchip/xc32/v4.00/bin/bin/../../lib/gcc/pic32c/8.3.1/../../../../pic32c/lib/thumb/v6-m/nofp\libpic32c.a(data_init.o)
 .debug_str     0x0000154f        0x0 c:/program files/microchip/xc32/v4.00/bin/bin/../../lib/gcc/pic32c/8.3.1/../../../../pic32c/lib/thumb/v6-m/nofp\libc-musl.a(__libc_start_main.o)
 .debug_str     0x0000154f        0x0 c:/program files/microchip/xc32/v4.00/bin/bin/../../lib/gcc/pic32c/8.3.1/../../../../pic32c/lib/thumb/v6-m/nofp\libc-musl.a(libc.o)
 .debug_str     0x0000154f        0x0 c:/program files/microchip/xc32/v4.00/bin/bin/../../lib/gcc/pic32c/8.3.1/../../../../pic32c/lib/thumb/v6-m/nofp\libc-musl.a(memcpy.o)
 .debug_str     0x0000154f        0x0 c:/program files/microchip/xc32/v4.00/bin/bin/../../lib/gcc/pic32c/8.3.1/../../../../pic32c/lib/thumb/v6-m/nofp\libc-musl.a(memset.o)
 .debug_str     0x0000154f        0x0 c:/program files/microchip/xc32/v4.00/bin/bin/../../lib/gcc/pic32c/8.3.1/../../../../pic32c/lib/thumb/v6-m/nofp\libc-musl.a(__environ.o)
 .debug_str     0x0000154f       0xee c:/program files/microchip/xc32/v4.00/bin/bin/../../lib/gcc/pic32c/8.3.1/thumb/v6-m/nofp\libgcc.a(_udivsi3.o)
 .debug_str     0x0000163d       0xee c:/program files/microchip/xc32/v4.00/bin/bin/../../lib/gcc/pic32c/8.3.1/thumb/v6-m/nofp\libgcc.a(_divsi3.o)
 .debug_str     0x0000172b       0xee c:/program files/microchip/xc32/v4.00/bin/bin/../../lib/gcc/pic32c/8.3.1/thumb/v6-m/nofp\libgcc.a(_dvmd_tls.o)

.debug_frame    0x00000000     0x1388
 .debug_frame   0x00000000      0x128 build/Trinket_USB_2/production/_ext/2108104030/drv_usbfsv1.o
 .debug_frame   0x00000128      0x21c build/Trinket_USB_2/production/_ext/2108104030/drv_usbfsv1_device.o
 .debug_frame   0x00000344       0x20 build/Trinket_USB_2/production/_ext/1796475310/plib_clock.o
 .debug_frame   0x00000364       0x30 build/Trinket_USB_2/production/_ext/140417318/plib_dac.o
 .debug_frame   0x00000394       0x20 build/Trinket_USB_2/production/_ext/1798624796/plib_evsys.o
 .debug_frame   0x000003b4       0x50 build/Trinket_USB_2/production/_ext/58287938/plib_nvic.o
 .debug_frame   0x00000404       0xd4 build/Trinket_USB_2/production/_ext/1292982576/plib_nvmctrl.o
 .debug_frame   0x000004d8       0xd4 build/Trinket_USB_2/production/_ext/58341089/plib_port.o
 .debug_frame   0x000005ac       0xd8 build/Trinket_USB_2/production/_ext/1390003407/plib_tc3.o
 .debug_frame   0x00000684       0x84 build/Trinket_USB_2/production/_ext/1961919639/sys_int.o
 .debug_frame   0x00000708      0x32c build/Trinket_USB_2/production/_ext/1909065425/sys_time.o
 .debug_frame   0x00000a34      0x524 build/Trinket_USB_2/production/_ext/1390297478/usb_device.o
 .debug_frame   0x00000f58      0x174 build/Trinket_USB_2/production/_ext/1390297478/usb_device_cdc.o
 .debug_frame   0x000010cc       0x28 build/Trinket_USB_2/production/_ext/1390297478/usb_device_cdc_acm.o
 .debug_frame   0x000010f4       0x28 build/Trinket_USB_2/production/_ext/1189347772/initialization.o
 .debug_frame   0x0000111c       0x20 build/Trinket_USB_2/production/_ext/1189347772/interrupts.o
 .debug_frame   0x0000113c       0x30 build/Trinket_USB_2/production/_ext/1189347772/exceptions.o
 .debug_frame   0x0000116c       0x38 build/Trinket_USB_2/production/_ext/1189347772/startup_xc32.o
 .debug_frame   0x000011a4       0x28 build/Trinket_USB_2/production/_ext/1189347772/tasks.o
 .debug_frame   0x000011cc       0x28 build/Trinket_USB_2/production/_ext/1360937237/main.o
 .debug_frame   0x000011f4       0xa0 build/Trinket_USB_2/production/_ext/1360937237/app_usb.o
 .debug_frame   0x00001294       0x34 c:/program files/microchip/xc32/v4.00/bin/bin/../../lib/gcc/pic32c/8.3.1/../../../../pic32c/lib/thumb/v6-m/nofp\libpic32c.a(data_init.o)
 .debug_frame   0x000012c8       0x38 c:/program files/microchip/xc32/v4.00/bin/bin/../../lib/gcc/pic32c/8.3.1/../../../../pic32c/lib/thumb/v6-m/nofp\libc-musl.a(__libc_start_main.o)
 .debug_frame   0x00001300       0x28 c:/program files/microchip/xc32/v4.00/bin/bin/../../lib/gcc/pic32c/8.3.1/../../../../pic32c/lib/thumb/v6-m/nofp\libc-musl.a(memcpy.o)
 .debug_frame   0x00001328       0x20 c:/program files/microchip/xc32/v4.00/bin/bin/../../lib/gcc/pic32c/8.3.1/../../../../pic32c/lib/thumb/v6-m/nofp\libc-musl.a(memset.o)
 .debug_frame   0x00001348       0x20 c:/program files/microchip/xc32/v4.00/bin/bin/../../lib/gcc/pic32c/8.3.1/thumb/v6-m/nofp\libgcc.a(_udivsi3.o)
 .debug_frame   0x00001368       0x20 c:/program files/microchip/xc32/v4.00/bin/bin/../../lib/gcc/pic32c/8.3.1/thumb/v6-m/nofp\libgcc.a(_divsi3.o)

.note.GNU-stack
                0x00000000        0x0
 .note.GNU-stack
                0x00000000        0x0 c:/program files/microchip/xc32/v4.00/bin/bin/../../lib/gcc/pic32c/8.3.1/../../../../pic32c/lib/thumb/v6-m/nofp\libc-musl.a(__libc_start_main.o)
 .note.GNU-stack
                0x00000000        0x0 c:/program files/microchip/xc32/v4.00/bin/bin/../../lib/gcc/pic32c/8.3.1/../../../../pic32c/lib/thumb/v6-m/nofp\libc-musl.a(libc.o)
 .note.GNU-stack
                0x00000000        0x0 c:/program files/microchip/xc32/v4.00/bin/bin/../../lib/gcc/pic32c/8.3.1/../../../../pic32c/lib/thumb/v6-m/nofp\libc-musl.a(memcpy.o)
 .note.GNU-stack
                0x00000000        0x0 c:/program files/microchip/xc32/v4.00/bin/bin/../../lib/gcc/pic32c/8.3.1/../../../../pic32c/lib/thumb/v6-m/nofp\libc-musl.a(memset.o)
 .note.GNU-stack
                0x00000000        0x0 c:/program files/microchip/xc32/v4.00/bin/bin/../../lib/gcc/pic32c/8.3.1/../../../../pic32c/lib/thumb/v6-m/nofp\libc-musl.a(__environ.o)

.stack          0x20000b90      0x100
 .stack         0x20000b90      0x100 stack

.bss.cdcReadBuffer%1
                0x20000000      0x200
 .bss.cdcReadBuffer
                0x20000000      0x200 build/Trinket_USB_2/production/_ext/1360937237/app_usb.o
                0x20000000                cdcReadBuffer

.bss.cdcWriteBuffer%2
                0x20000200      0x200
 .bss.cdcWriteBuffer
                0x20000200      0x200 build/Trinket_USB_2/production/_ext/1360937237/app_usb.o
                0x20000200                cdcWriteBuffer

.bss.gDrvUSBObj%3
                0x20000400      0x134
 .bss.gDrvUSBObj
                0x20000400      0x134 build/Trinket_USB_2/production/_ext/2108104030/drv_usbfsv1.o
                0x20000400                gDrvUSBObj

.bss.usbDeviceInstance%4
                0x20000534       0xec
 .bss.usbDeviceInstance
                0x20000534       0xec build/Trinket_USB_2/production/_ext/1390297478/usb_device.o

.bss.timers%5   0x20000620       0xa0
 .bss.timers    0x20000620       0xa0 build/Trinket_USB_2/production/_ext/1909065425/sys_time.o

.bss.gUSBDeviceCDCIRP%6
                0x200006c0       0x6c
 .bss.gUSBDeviceCDCIRP
                0x200006c0       0x6c build/Trinket_USB_2/production/_ext/1390297478/usb_device_cdc.o
                0x200006c0                gUSBDeviceCDCIRP

.data.gDrvUSBFSV1DeviceInterface%7
                0x2000072c       0x50
 .data.gDrvUSBFSV1DeviceInterface
                0x2000072c       0x50 build/Trinket_USB_2/production/_ext/2108104030/drv_usbfsv1_device.o
                0x2000072c                gDrvUSBFSV1DeviceInterface

.bss%8          0x2000077c       0x50
 .bss           0x2000077c       0x50 c:/program files/microchip/xc32/v4.00/bin/bin/../../lib/gcc/pic32c/8.3.1/../../../../pic32c/lib/thumb/v6-m/nofp\libc-musl.a(libc.o)
                0x2000077c                __progname_full
                0x2000077c                program_invocation_name
                0x20000780                program_invocation_short_name
                0x20000780                __progname
                0x20000784                __sysinfo
                0x20000788                __hwcap
                0x2000078c                __libc

.bss.gUSBDeviceCDCInstance%9
                0x200007cc       0x44
 .bss.gUSBDeviceCDCInstance
                0x200007cc       0x44 build/Trinket_USB_2/production/_ext/1390297478/usb_device_cdc.o
                0x200007cc                gUSBDeviceCDCInstance

.bss.gDrvEP0BufferBank0%10
                0x20000810       0x40
 .bss.gDrvEP0BufferBank0
                0x20000810       0x40 build/Trinket_USB_2/production/_ext/2108104030/drv_usbfsv1_device.o
                0x20000810                gDrvEP0BufferBank0

.bss.gDrvEP0BufferBank1%11
                0x20000850       0x40
 .bss.gDrvEP0BufferBank1
                0x20000850       0x40 build/Trinket_USB_2/production/_ext/2108104030/drv_usbfsv1_device.o
                0x20000850                gDrvEP0BufferBank1

.bss.app_usbData%12
                0x20000890       0x3c
 .bss.app_usbData
                0x20000890       0x3c build/Trinket_USB_2/production/_ext/1360937237/app_usb.o
                0x20000890                app_usbData

.bss.gDrvUSBEndpointObjects%13
                0x200008cc       0x30
 .bss.gDrvUSBEndpointObjects
                0x200008cc       0x30 build/Trinket_USB_2/production/_ext/2108104030/drv_usbfsv1_device.o
                0x200008cc                gDrvUSBEndpointObjects

.bss.gSystemCounterObj%14
                0x200008fc       0x28
 .bss.gSystemCounterObj
                0x200008fc       0x28 build/Trinket_USB_2/production/_ext/1909065425/sys_time.o

.bss%15         0x20000924       0x1c
 .bss           0x20000924       0x1c c:/program files/microchip/xc32/v4.00/bin/bin/../../lib/gcc/pic32c/8.3.1/thumb/v6-m/nofp/crtbegin.o

.bss.sysObj%16  0x20000940        0xc
 .bss.sysObj    0x20000940        0xc build/Trinket_USB_2/production/_ext/1189347772/initialization.o
                0x20000940                sysObj

.bss.gUSBDeviceCDCSerialStateResponse%17
                0x2000094c        0xa
 .bss.gUSBDeviceCDCSerialStateResponse
                0x2000094c        0xa build/Trinket_USB_2/production/_ext/1390297478/usb_device_cdc.o
                0x2000094c                gUSBDeviceCDCSerialStateResponse

.bss.TC3_CallbackObject%18
                0x20000958        0x8
 .bss.TC3_CallbackObject
                0x20000958        0x8 build/Trinket_USB_2/production/_ext/1390003407/plib_tc3.o
                0x20000958                TC3_CallbackObject

.bss.i%19       0x20000960        0x4
 .bss.i         0x20000960        0x4 build/Trinket_USB_2/production/_ext/1360937237/app_usb.o
                0x20000960                i

.bss.j%20       0x20000964        0x4
 .bss.j         0x20000964        0x4 build/Trinket_USB_2/production/_ext/1360937237/app_usb.o
                0x20000964                j

.bss%21         0x20000968        0x8
 .bss           0x20000968        0x4 c:/program files/microchip/xc32/v4.00/bin/bin/../../lib/gcc/pic32c/8.3.1/../../../../pic32c/lib/thumb/v6-m/nofp\libpic32c.a(data_init.o)
 .bss           0x2000096c        0x4 c:/program files/microchip/xc32/v4.00/bin/bin/../../lib/gcc/pic32c/8.3.1/../../../../pic32c/lib/thumb/v6-m/nofp\libc-musl.a(__environ.o)
                0x2000096c                __environ
                0x2000096c                environ
                0x2000096c                ___environ
                0x2000096c                _environ

.bss.gUSBDeviceCdcCommonDataObj%23
                0x20000970        0x2
 .bss.gUSBDeviceCdcCommonDataObj
                0x20000970        0x2 build/Trinket_USB_2/production/_ext/1390297478/usb_device_cdc.o
                0x20000970                gUSBDeviceCdcCommonDataObj

.bss.sample_number%24
                0x20000956        0x1
 .bss.sample_number
                0x20000956        0x1 build/Trinket_USB_2/production/_ext/1360937237/app_usb.o
                0x20000956                sample_number

.eh_frame%z1    0x00000000        0x0
 .eh_frame      0x00000000        0x0 c:/program files/microchip/xc32/v4.00/bin/bin/../../lib/gcc/pic32c/8.3.1/thumb/v6-m/nofp/crtbegin.o

.config_00804000.__config_00804000%25
                0x00804000        0x4
 .config_00804000.__config_00804000
                0x00804000        0x4 build/Trinket_USB_2/production/_ext/1189347772/initialization.o
                0x00804000                __config_00804000

.config_00804004.__config_00804004%26
                0x00804004        0x4
 .config_00804004.__config_00804004
                0x00804004        0x4 build/Trinket_USB_2/production/_ext/1189347772/initialization.o
                0x00804004                __config_00804004

.text._DRV_USBFSV1_DEVICE_Tasks_ISR%27
                0x000000d0      0x628
 .text._DRV_USBFSV1_DEVICE_Tasks_ISR
                0x000000d0      0x628 build/Trinket_USB_2/production/_ext/2108104030/drv_usbfsv1_device.o
                0x000000d0                _DRV_USBFSV1_DEVICE_Tasks_ISR

.text.DRV_USBFSV1_DEVICE_IRPSubmit%28
                0x000006f8      0x3d4
 .text.DRV_USBFSV1_DEVICE_IRPSubmit
                0x000006f8      0x3d4 build/Trinket_USB_2/production/_ext/2108104030/drv_usbfsv1_device.o
                0x000006f8                DRV_USBFSV1_DEVICE_IRPSubmit

.text%29        0x00000acc      0x1d4
 .text          0x00000acc      0x1d4 c:/program files/microchip/xc32/v4.00/bin/bin/../../lib/gcc/pic32c/8.3.1/thumb/v6-m/nofp\libgcc.a(_divsi3.o)
                0x00000acc                __divsi3
                0x00000acc                __aeabi_idiv
                0x00000c98                __aeabi_idivmod

.text.DRV_USBFSV1_DEVICE_EndpointEnable%30
                0x00000ca0      0x194
 .text.DRV_USBFSV1_DEVICE_EndpointEnable
                0x00000ca0      0x194 build/Trinket_USB_2/production/_ext/2108104030/drv_usbfsv1_device.o
                0x00000ca0                DRV_USBFSV1_DEVICE_EndpointEnable

.text.APP_USB_Tasks%31
                0x00000e34      0x194
 .text.APP_USB_Tasks
                0x00000e34      0x194 build/Trinket_USB_2/production/_ext/1360937237/app_usb.o
                0x00000e34                APP_USB_Tasks

.text.DRV_USBFSV1_DEVICE_EndpointDisable%32
                0x00000fc8      0x180
 .text.DRV_USBFSV1_DEVICE_EndpointDisable
                0x00000fc8      0x180 build/Trinket_USB_2/production/_ext/2108104030/drv_usbfsv1_device.o
                0x00000fc8                DRV_USBFSV1_DEVICE_EndpointDisable

.dinit%33       0x00001148      0x180
 .dinit         0x00001148      0x180 data_init

.text._USB_DEVICE_ProcessStandardDeviceSetRequests%34
                0x000012c8      0x142
 .text._USB_DEVICE_ProcessStandardDeviceSetRequests
                0x000012c8      0x142 build/Trinket_USB_2/production/_ext/1390297478/usb_device.o
                0x000012c8                _USB_DEVICE_ProcessStandardDeviceSetRequests

.text.USB_DEVICE_CDC_Write%35
                0x0000140c      0x130
 .text.USB_DEVICE_CDC_Write
                0x0000140c      0x130 build/Trinket_USB_2/production/_ext/1390297478/usb_device_cdc.o
                0x0000140c                USB_DEVICE_CDC_Write

.text.DRV_USBFSV1_Initialize%36
                0x0000153c      0x124
 .text.DRV_USBFSV1_Initialize
                0x0000153c      0x124 build/Trinket_USB_2/production/_ext/2108104030/drv_usbfsv1.o
                0x0000153c                DRV_USBFSV1_Initialize

.text.DRV_USBFSV1_DEVICE_EndpointStallClear%37
                0x00001660      0x120
 .text.DRV_USBFSV1_DEVICE_EndpointStallClear
                0x00001660      0x120 build/Trinket_USB_2/production/_ext/2108104030/drv_usbfsv1_device.o
                0x00001660                DRV_USBFSV1_DEVICE_EndpointStallClear

.text._USB_DEVICE_ControlTransferHandler%38
                0x00001780      0x11c
 .text._USB_DEVICE_ControlTransferHandler
                0x00001780      0x11c build/Trinket_USB_2/production/_ext/1390297478/usb_device.o
                0x00001780                _USB_DEVICE_ControlTransferHandler

.text._USB_DEVICE_EventHandler%39
                0x0000189c      0x114
 .text._USB_DEVICE_EventHandler
                0x0000189c      0x114 build/Trinket_USB_2/production/_ext/1390297478/usb_device.o
                0x0000189c                _USB_DEVICE_EventHandler

.text%40        0x000019b0      0x114
 .text          0x000019b0      0x114 c:/program files/microchip/xc32/v4.00/bin/bin/../../lib/gcc/pic32c/8.3.1/thumb/v6-m/nofp\libgcc.a(_udivsi3.o)
                0x000019b0                __aeabi_uidiv
                0x000019b0                __udivsi3
                0x00001abc                __aeabi_uidivmod

.text.DRV_USBFSV1_DEVICE_EndpointStall%41
                0x00001ac4      0x104
 .text.DRV_USBFSV1_DEVICE_EndpointStall
                0x00001ac4      0x104 build/Trinket_USB_2/production/_ext/2108104030/drv_usbfsv1_device.o
                0x00001ac4                DRV_USBFSV1_DEVICE_EndpointStall

.text.USB_DEVICE_CDC_Read%42
                0x00001bc8      0x100
 .text.USB_DEVICE_CDC_Read
                0x00001bc8      0x100 build/Trinket_USB_2/production/_ext/1390297478/usb_device_cdc.o
                0x00001bc8                USB_DEVICE_CDC_Read

.text.USB_DEVICE_Initialize%43
                0x00001cc8       0xfc
 .text.USB_DEVICE_Initialize
                0x00001cc8       0xfc build/Trinket_USB_2/production/_ext/1390297478/usb_device.o
                0x00001cc8                USB_DEVICE_Initialize

.text._USB_DEVICE_ProcessStandardDeviceGetRequests%44
                0x00001dc4       0xfc
 .text._USB_DEVICE_ProcessStandardDeviceGetRequests
                0x00001dc4       0xfc build/Trinket_USB_2/production/_ext/1390297478/usb_device.o
                0x00001dc4                _USB_DEVICE_ProcessStandardDeviceGetRequests

.text._USB_DEVICE_Ep0ReceiveCompleteCallback%45
                0x00001ec0       0xf8
 .text._USB_DEVICE_Ep0ReceiveCompleteCallback
                0x00001ec0       0xf8 build/Trinket_USB_2/production/_ext/1390297478/usb_device.o
                0x00001ec0                _USB_DEVICE_Ep0ReceiveCompleteCallback

.text.USB_DEVICE_Tasks%46
                0x00001fb8       0xe8
 .text.USB_DEVICE_Tasks
                0x00001fb8       0xe8 build/Trinket_USB_2/production/_ext/1390297478/usb_device.o
                0x00001fb8                USB_DEVICE_Tasks

.text.SYS_TIME_AddToList%47
                0x000020a0       0xd4
 .text.SYS_TIME_AddToList
                0x000020a0       0xd4 build/Trinket_USB_2/production/_ext/1909065425/sys_time.o

.text.SYS_TIME_PLIBCallback%48
                0x00002174       0xd0
 .text.SYS_TIME_PLIBCallback
                0x00002174       0xd0 build/Trinket_USB_2/production/_ext/1909065425/sys_time.o

.text.DRV_USBFSV1_Tasks%49
                0x00002244       0xc8
 .text.DRV_USBFSV1_Tasks
                0x00002244       0xc8 build/Trinket_USB_2/production/_ext/2108104030/drv_usbfsv1.o
                0x00002244                DRV_USBFSV1_Tasks

.rodata.triangle_wave%50
                0x0000230c       0xc8
 .rodata.triangle_wave
                0x0000230c       0xc8 build/Trinket_USB_2/production/_ext/1360937237/app_usb.o
                0x0000230c                triangle_wave

.text._USB_DEVICE_CDC_Initialization%51
                0x000023d4       0xb8
 .text._USB_DEVICE_CDC_Initialization
                0x000023d4       0xb8 build/Trinket_USB_2/production/_ext/1390297478/usb_device_cdc.o
                0x000023d4                _USB_DEVICE_CDC_Initialization

.text.DRV_USBFSV1_DEVICE_IRPCancel%52
                0x0000248c       0xa4
 .text.DRV_USBFSV1_DEVICE_IRPCancel
                0x0000248c       0xa4 build/Trinket_USB_2/production/_ext/2108104030/drv_usbfsv1_device.o
                0x0000248c                DRV_USBFSV1_DEVICE_IRPCancel

.text.CLOCK_Initialize%53
                0x00002530       0xa0
 .text.CLOCK_Initialize
                0x00002530       0xa0 build/Trinket_USB_2/production/_ext/1796475310/plib_clock.o
                0x00002530                CLOCK_Initialize

.text.DRV_USBFSV1_DEVICE_IRPCancelAll%54
                0x000025d0       0x9c
 .text.DRV_USBFSV1_DEVICE_IRPCancelAll
                0x000025d0       0x9c build/Trinket_USB_2/production/_ext/2108104030/drv_usbfsv1_device.o
                0x000025d0                DRV_USBFSV1_DEVICE_IRPCancelAll

.rodata._USB_DEVICE_CDC_ACMSetUpPacketHandler%55
                0x0000266c       0x90
 .rodata._USB_DEVICE_CDC_ACMSetUpPacketHandler
                0x0000266c       0x90 build/Trinket_USB_2/production/_ext/1390297478/usb_device_cdc_acm.o

.text.__pic32c_data_initialization%56
                0x000026fc       0x90
 .text.__pic32c_data_initialization
                0x000026fc       0x90 c:/program files/microchip/xc32/v4.00/bin/bin/../../lib/gcc/pic32c/8.3.1/../../../../pic32c/lib/thumb/v6-m/nofp\libpic32c.a(data_init.o)
                0x000026fc                __pic32c_data_initialization

.text._USB_DEVICE_GetStringDescriptorRequestProcess%57
                0x0000278c       0x8a
 .text._USB_DEVICE_GetStringDescriptorRequestProcess
                0x0000278c       0x8a build/Trinket_USB_2/production/_ext/1390297478/usb_device.o
                0x0000278c                _USB_DEVICE_GetStringDescriptorRequestProcess

.text.DRV_USBFSV1_DEVICE_Detach%58
                0x00002818       0x88
 .text.DRV_USBFSV1_DEVICE_Detach
                0x00002818       0x88 build/Trinket_USB_2/production/_ext/2108104030/drv_usbfsv1_device.o
                0x00002818                DRV_USBFSV1_DEVICE_Detach

.text._USB_DEVICE_ProcessStandardEndpointRequest%59
                0x000028a0       0x86
 .text._USB_DEVICE_ProcessStandardEndpointRequest
                0x000028a0       0x86 build/Trinket_USB_2/production/_ext/1390297478/usb_device.o
                0x000028a0                _USB_DEVICE_ProcessStandardEndpointRequest

.text.APP_USB_USBDeviceCDCEventHandler%60
                0x00002928       0x84
 .text.APP_USB_USBDeviceCDCEventHandler
                0x00002928       0x84 build/Trinket_USB_2/production/_ext/1360937237/app_usb.o
                0x00002928                APP_USB_USBDeviceCDCEventHandler

.text.DRV_USBFSV1_Tasks_ISR%61
                0x000029ac       0x7c
 .text.DRV_USBFSV1_Tasks_ISR
                0x000029ac       0x7c build/Trinket_USB_2/production/_ext/2108104030/drv_usbfsv1.o
                0x000029ac                DRV_USBFSV1_Tasks_ISR

.text._USB_DEVICE_ConfigureDevice%62
                0x00002a28       0x7c
 .text._USB_DEVICE_ConfigureDevice
                0x00002a28       0x7c build/Trinket_USB_2/production/_ext/1390297478/usb_device.o
                0x00002a28                _USB_DEVICE_ConfigureDevice

.text.APP_USB_USBDeviceEventHandler%63
                0x00002aa4       0x7c
 .text.APP_USB_USBDeviceEventHandler
                0x00002aa4       0x7c build/Trinket_USB_2/production/_ext/1360937237/app_usb.o
                0x00002aa4                APP_USB_USBDeviceEventHandler

.text._USB_DEVICE_CDC_ReadIRPCallback%64
                0x00002b20       0x70
 .text._USB_DEVICE_CDC_ReadIRPCallback
                0x00002b20       0x70 build/Trinket_USB_2/production/_ext/1390297478/usb_device_cdc.o
                0x00002b20                _USB_DEVICE_CDC_ReadIRPCallback

.text._USB_DEVICE_CDC_WriteIRPCallback%65
                0x00002b90       0x70
 .text._USB_DEVICE_CDC_WriteIRPCallback
                0x00002b90       0x70 build/Trinket_USB_2/production/_ext/1390297478/usb_device_cdc.o
                0x00002b90                _USB_DEVICE_CDC_WriteIRPCallback

.text._USB_DEVICE_CDC_ControlTransferHandler%66
                0x00002c00       0x70
 .text._USB_DEVICE_CDC_ControlTransferHandler
                0x00002c00       0x70 build/Trinket_USB_2/production/_ext/1390297478/usb_device_cdc.o
                0x00002c00                _USB_DEVICE_CDC_ControlTransferHandler

.text.SYS_TIME_Initialize%67
                0x00002c70       0x68
 .text.SYS_TIME_Initialize
                0x00002c70       0x68 build/Trinket_USB_2/production/_ext/1909065425/sys_time.o
                0x00002c70                SYS_TIME_Initialize

.text._USB_DEVICE_Ep0TransmitCompleteCallback%68
                0x00002cd8       0x68
 .text._USB_DEVICE_Ep0TransmitCompleteCallback
                0x00002cd8       0x68 build/Trinket_USB_2/production/_ext/1390297478/usb_device.o
                0x00002cd8                _USB_DEVICE_Ep0TransmitCompleteCallback

.text._USB_DEVICE_CDC_ACMSetUpPacketHandler%69
                0x00002d40       0x68
 .text._USB_DEVICE_CDC_ACMSetUpPacketHandler
                0x00002d40       0x68 build/Trinket_USB_2/production/_ext/1390297478/usb_device_cdc_acm.o
                0x00002d40                _USB_DEVICE_CDC_ACMSetUpPacketHandler

.text.SYS_Initialize%70
                0x00002da8       0x60
 .text.SYS_Initialize
                0x00002da8       0x60 build/Trinket_USB_2/production/_ext/1189347772/initialization.o
                0x00002da8                SYS_Initialize

.text.__libc_start_init%71
                0x00002e08       0x5c
 .text.__libc_start_init
                0x00002e08       0x5c c:/program files/microchip/xc32/v4.00/bin/bin/../../lib/gcc/pic32c/8.3.1/../../../../pic32c/lib/thumb/v6-m/nofp\libc-musl.a(__libc_start_main.o)
                0x00002e08                __libc_init_array

.text.SYS_TIME_RemoveFromList%72
                0x00002e64       0x54
 .text.SYS_TIME_RemoveFromList
                0x00002e64       0x54 build/Trinket_USB_2/production/_ext/1909065425/sys_time.o

.text._USB_DEVICE_ForwardControlXfrToFunction%73
                0x00002eb8       0x50
 .text._USB_DEVICE_ForwardControlXfrToFunction
                0x00002eb8       0x50 build/Trinket_USB_2/production/_ext/1390297478/usb_device.o
                0x00002eb8                _USB_DEVICE_ForwardControlXfrToFunction

.text.APP_USB_Initialize%74
                0x00002f08       0x50
 .text.APP_USB_Initialize
                0x00002f08       0x50 build/Trinket_USB_2/production/_ext/1360937237/app_usb.o
                0x00002f08                APP_USB_Initialize

.text._USB_DEVICE_DeInitializeAllFunctionDrivers%75
                0x00002f58       0x4e
 .text._USB_DEVICE_DeInitializeAllFunctionDrivers
                0x00002f58       0x4e build/Trinket_USB_2/production/_ext/1390297478/usb_device.o
                0x00002f58                _USB_DEVICE_DeInitializeAllFunctionDrivers

.text._USB_DEVICE_GetFunctionDriverEntryByInterface%76
                0x00002fa6       0x4a
 .text._USB_DEVICE_GetFunctionDriverEntryByInterface
                0x00002fa6       0x4a build/Trinket_USB_2/production/_ext/1390297478/usb_device.o
                0x00002fa6                _USB_DEVICE_GetFunctionDriverEntryByInterface

.text.USB_DEVICE_ControlStatus%77
                0x00002ff0       0x4a
 .text.USB_DEVICE_ControlStatus
                0x00002ff0       0x4a build/Trinket_USB_2/production/_ext/1390297478/usb_device.o
                0x00002ff0                USB_DEVICE_ControlStatus

.text%78        0x0000303c       0x48
 .text          0x0000303c       0x48 c:/program files/microchip/xc32/v4.00/bin/bin/../../lib/gcc/pic32c/8.3.1/thumb/v6-m/nofp/crtbegin.o

.text.Reset_Handler%79
                0x00003084       0x48
 .text.Reset_Handler
                0x00003084       0x48 build/Trinket_USB_2/production/_ext/1189347772/startup_xc32.o
                0x00003084                Reset_Handler

.text.USB_DEVICE_ControlSend%80
                0x000030cc       0x46
 .text.USB_DEVICE_ControlSend
                0x000030cc       0x46 build/Trinket_USB_2/production/_ext/1390297478/usb_device.o
                0x000030cc                USB_DEVICE_ControlSend

.rodata.fullSpeedConfigurationDescriptor%81
                0x00003114       0x44
 .rodata.fullSpeedConfigurationDescriptor
                0x00003114       0x44 build/Trinket_USB_2/production/_ext/1189347772/usb_device_init_data.o
                0x00003114                fullSpeedConfigurationDescriptor

.text.NVIC_Initialize%82
                0x00003158       0x40
 .text.NVIC_Initialize
                0x00003158       0x40 build/Trinket_USB_2/production/_ext/58287938/plib_nvic.o
                0x00003158                NVIC_Initialize

.text.TC3_TimerInitialize%83
                0x00003198       0x40
 .text.TC3_TimerInitialize
                0x00003198       0x40 build/Trinket_USB_2/production/_ext/1390003407/plib_tc3.o
                0x00003198                TC3_TimerInitialize

.text.SYS_TIME_GetTimerObject%84
                0x000031d8       0x40
 .text.SYS_TIME_GetTimerObject
                0x000031d8       0x40 build/Trinket_USB_2/production/_ext/1909065425/sys_time.o

.text.SYS_TIME_TimerDestroy%85
                0x00003218       0x40
 .text.SYS_TIME_TimerDestroy
                0x00003218       0x40 build/Trinket_USB_2/production/_ext/1909065425/sys_time.o
                0x00003218                SYS_TIME_TimerDestroy

.text._USB_DEVICE_FindEndpoint%86
                0x00003258       0x40
 .text._USB_DEVICE_FindEndpoint
                0x00003258       0x40 build/Trinket_USB_2/production/_ext/1390297478/usb_device.o
                0x00003258                _USB_DEVICE_FindEndpoint

.text.SYS_INT_SourceDisable%87
                0x00003298       0x3c
 .text.SYS_INT_SourceDisable
                0x00003298       0x3c build/Trinket_USB_2/production/_ext/1961919639/sys_int.o
                0x00003298                SYS_INT_SourceDisable

.text.USB_DEVICE_Open%88
                0x000032d4       0x3c
 .text.USB_DEVICE_Open
                0x000032d4       0x3c build/Trinket_USB_2/production/_ext/1390297478/usb_device.o
                0x000032d4                USB_DEVICE_Open

.text._DRV_USBFSV1_DEVICE_Initialize%89
                0x00003310       0x38
 .text._DRV_USBFSV1_DEVICE_Initialize
                0x00003310       0x38 build/Trinket_USB_2/production/_ext/2108104030/drv_usbfsv1_device.o
                0x00003310                _DRV_USBFSV1_DEVICE_Initialize

.text.PORT_Initialize%90
                0x00003348       0x38
 .text.PORT_Initialize
                0x00003348       0x38 build/Trinket_USB_2/production/_ext/58341089/plib_port.o
                0x00003348                PORT_Initialize

.text._USB_DEVICE_CDC_Deinitialization%91
                0x00003380       0x38
 .text._USB_DEVICE_CDC_Deinitialization
                0x00003380       0x38 build/Trinket_USB_2/production/_ext/1390297478/usb_device_cdc.o
                0x00003380                _USB_DEVICE_CDC_Deinitialization

.text.SYS_TIME_ResourceLock%92
                0x000033b8       0x34
 .text.SYS_TIME_ResourceLock
                0x000033b8       0x34 build/Trinket_USB_2/production/_ext/1909065425/sys_time.o

.rodata.sd001%93
                0x000033ec       0x34
 .rodata.sd001  0x000033ec       0x34 build/Trinket_USB_2/production/_ext/1189347772/usb_device_init_data.o
                0x000033ec                sd001

.text.SYS_TIME_ResourceUnlock%94
                0x00003420       0x30
 .text.SYS_TIME_ResourceUnlock
                0x00003420       0x30 build/Trinket_USB_2/production/_ext/1909065425/sys_time.o

.rodata.sd002%95
                0x00003450       0x30
 .rodata.sd002  0x00003450       0x30 build/Trinket_USB_2/production/_ext/1189347772/usb_device_init_data.o
                0x00003450                sd002

.text.TC3_CallBack_Function%96
                0x00003480       0x30
 .text.TC3_CallBack_Function
                0x00003480       0x30 build/Trinket_USB_2/production/_ext/1360937237/app_usb.o
                0x00003480                TC3_CallBack_Function

.text.DRV_USBFSV1_DEVICE_EndpointIsEnabled%97
                0x000034b0       0x2e
 .text.DRV_USBFSV1_DEVICE_EndpointIsEnabled
                0x000034b0       0x2e build/Trinket_USB_2/production/_ext/2108104030/drv_usbfsv1_device.o
                0x000034b0                DRV_USBFSV1_DEVICE_EndpointIsEnabled

.text._USB_DEVICE_RedirectControlXfrToClient%98
                0x000034de       0x2c
 .text._USB_DEVICE_RedirectControlXfrToClient
                0x000034de       0x2c build/Trinket_USB_2/production/_ext/1390297478/usb_device.o
                0x000034de                _USB_DEVICE_RedirectControlXfrToClient

.rodata.usbMasterDescriptor%99
                0x0000350c       0x2c
 .rodata.usbMasterDescriptor
                0x0000350c       0x2c build/Trinket_USB_2/production/_ext/1189347772/usb_device_init_data.o
                0x0000350c                usbMasterDescriptor

.rodata.APP_USB_USBDeviceEventHandler%100
                0x00003538       0x2c
 .rodata.APP_USB_USBDeviceEventHandler
                0x00003538       0x2c build/Trinket_USB_2/production/_ext/1360937237/app_usb.o

.text._DRV_USBFSV1_DEVICE_IRPQueueFlush%101
                0x00003564       0x2a
 .text._DRV_USBFSV1_DEVICE_IRPQueueFlush
                0x00003564       0x2a build/Trinket_USB_2/production/_ext/2108104030/drv_usbfsv1_device.o
                0x00003564                _DRV_USBFSV1_DEVICE_IRPQueueFlush

.text.USB_DEVICE_EndpointEnable%102
                0x0000358e       0x2a
 .text.USB_DEVICE_EndpointEnable
                0x0000358e       0x2a build/Trinket_USB_2/production/_ext/1390297478/usb_device.o
                0x0000358e                USB_DEVICE_EndpointEnable

.text.DRV_USBFSV1_Open%103
                0x000035b8       0x28
 .text.DRV_USBFSV1_Open
                0x000035b8       0x28 build/Trinket_USB_2/production/_ext/2108104030/drv_usbfsv1.o
                0x000035b8                DRV_USBFSV1_Open

.rodata._USB_DEVICE_EventHandler%104
                0x000035e0       0x28
 .rodata._USB_DEVICE_EventHandler
                0x000035e0       0x28 build/Trinket_USB_2/production/_ext/1390297478/usb_device.o

.text.USB_DEVICE_EventHandlerSet%105
                0x00003608       0x28
 .text.USB_DEVICE_EventHandlerSet
                0x00003608       0x28 build/Trinket_USB_2/production/_ext/1390297478/usb_device.o
                0x00003608                USB_DEVICE_EventHandlerSet

.rodata.usbDevInitData%106
                0x00003630       0x28
 .rodata.usbDevInitData
                0x00003630       0x28 build/Trinket_USB_2/production/_ext/1189347772/usb_device_init_data.o
                0x00003630                usbDevInitData

.text.APP_USB_StateReset%107
                0x00003658       0x28
 .text.APP_USB_StateReset
                0x00003658       0x28 build/Trinket_USB_2/production/_ext/1360937237/app_usb.o
                0x00003658                APP_USB_StateReset

.text.DRV_USBFSV1_DEVICE_EndpointIsStalled%108
                0x00003680       0x26
 .text.DRV_USBFSV1_DEVICE_EndpointIsStalled
                0x00003680       0x26 build/Trinket_USB_2/production/_ext/2108104030/drv_usbfsv1_device.o
                0x00003680                DRV_USBFSV1_DEVICE_EndpointIsStalled

.text.USB_DEVICE_Detach%109
                0x000036a6       0x26
 .text.USB_DEVICE_Detach
                0x000036a6       0x26 build/Trinket_USB_2/production/_ext/1390297478/usb_device.o
                0x000036a6                USB_DEVICE_Detach

.text.USB_DEVICE_IRPSubmit%110
                0x000036cc       0x26
 .text.USB_DEVICE_IRPSubmit
                0x000036cc       0x26 build/Trinket_USB_2/production/_ext/1390297478/usb_device.o
                0x000036cc                USB_DEVICE_IRPSubmit

.text.TC3_TimerInterruptHandler%111
                0x000036f4       0x24
 .text.TC3_TimerInterruptHandler
                0x000036f4       0x24 build/Trinket_USB_2/production/_ext/1390003407/plib_tc3.o
                0x000036f4                TC3_TimerInterruptHandler

.rodata.drvUSBInit%112
                0x00003718       0x24
 .rodata.drvUSBInit
                0x00003718       0x24 build/Trinket_USB_2/production/_ext/1189347772/initialization.o
                0x00003718                drvUSBInit

.rodata.APP_USB_USBDeviceCDCEventHandler%113
                0x0000373c       0x24
 .rodata.APP_USB_USBDeviceCDCEventHandler
                0x0000373c       0x24 build/Trinket_USB_2/production/_ext/1360937237/app_usb.o

.text.USB_DEVICE_Attach%114
                0x00003760       0x22
 .text.USB_DEVICE_Attach
                0x00003760       0x22 build/Trinket_USB_2/production/_ext/1390297478/usb_device.o
                0x00003760                USB_DEVICE_Attach

.text.USB_DEVICE_EndpointDisable%115
                0x00003782       0x22
 .text.USB_DEVICE_EndpointDisable
                0x00003782       0x22 build/Trinket_USB_2/production/_ext/1390297478/usb_device.o
                0x00003782                USB_DEVICE_EndpointDisable

.text.USB_DEVICE_ControlReceive%116
                0x000037a4       0x22
 .text.USB_DEVICE_ControlReceive
                0x000037a4       0x22 build/Trinket_USB_2/production/_ext/1390297478/usb_device.o
                0x000037a4                USB_DEVICE_ControlReceive

.text.USB_DEVICE_IRPCancelAll%117
                0x000037c6       0x22
 .text.USB_DEVICE_IRPCancelAll
                0x000037c6       0x22 build/Trinket_USB_2/production/_ext/1390297478/usb_device.o
                0x000037c6                USB_DEVICE_IRPCancelAll

.text._USB_DEVICE_CDC_EndpointDisable%118
                0x000037e8       0x22
 .text._USB_DEVICE_CDC_EndpointDisable
                0x000037e8       0x22 build/Trinket_USB_2/production/_ext/1390297478/usb_device_cdc.o
                0x000037e8                _USB_DEVICE_CDC_EndpointDisable

.text.DRV_USBFSV1_DEVICE_Attach%119
                0x0000380c       0x20
 .text.DRV_USBFSV1_DEVICE_Attach
                0x0000380c       0x20 build/Trinket_USB_2/production/_ext/2108104030/drv_usbfsv1_device.o
                0x0000380c                DRV_USBFSV1_DEVICE_Attach

.rodata._USB_DEVICE_ProcessStandardDeviceGetRequests%120
                0x0000382c       0x20
 .rodata._USB_DEVICE_ProcessStandardDeviceGetRequests
                0x0000382c       0x20 build/Trinket_USB_2/production/_ext/1390297478/usb_device.o

.text.USB_DEVICE_CDC_EventHandlerSet%121
                0x0000384c       0x20
 .text.USB_DEVICE_CDC_EventHandlerSet
                0x0000384c       0x20 build/Trinket_USB_2/production/_ext/1390297478/usb_device_cdc.o
                0x0000384c                USB_DEVICE_CDC_EventHandlerSet

.text.DAC_Initialize%122
                0x0000386c       0x1c
 .text.DAC_Initialize
                0x0000386c       0x1c build/Trinket_USB_2/production/_ext/140417318/plib_dac.o
                0x0000386c                DAC_Initialize

.text.SYS_Tasks%123
                0x00003888       0x1c
 .text.SYS_Tasks
                0x00003888       0x1c build/Trinket_USB_2/production/_ext/1189347772/tasks.o
                0x00003888                SYS_Tasks

.rodata.APP_USB_Tasks%124
                0x000038a4       0x1c
 .rodata.APP_USB_Tasks
                0x000038a4       0x1c build/Trinket_USB_2/production/_ext/1360937237/app_usb.o

.text.DAC_DataWrite%125
                0x000038c0       0x18
 .text.DAC_DataWrite
                0x000038c0       0x18 build/Trinket_USB_2/production/_ext/140417318/plib_dac.o
                0x000038c0                DAC_DataWrite

.text.TC3_TimerStart%126
                0x000038d8       0x18
 .text.TC3_TimerStart
                0x000038d8       0x18 build/Trinket_USB_2/production/_ext/1390003407/plib_tc3.o
                0x000038d8                TC3_TimerStart

.text.TC3_TimerStop%127
                0x000038f0       0x18
 .text.TC3_TimerStop
                0x000038f0       0x18 build/Trinket_USB_2/production/_ext/1390003407/plib_tc3.o
                0x000038f0                TC3_TimerStop

.text._USB_DEVICE_ClientHandleValidate%128
                0x00003908       0x18
 .text._USB_DEVICE_ClientHandleValidate
                0x00003908       0x18 build/Trinket_USB_2/production/_ext/1390297478/usb_device.o
                0x00003908                _USB_DEVICE_ClientHandleValidate

.text._USB_DEVICE_CDC_GlobalInitialize%129
                0x00003920       0x18
 .text._USB_DEVICE_CDC_GlobalInitialize
                0x00003920       0x18 build/Trinket_USB_2/production/_ext/1390297478/usb_device_cdc.o
                0x00003920                _USB_DEVICE_CDC_GlobalInitialize

.text.NVIC_INT_Restore%130
                0x00003938       0x14
 .text.NVIC_INT_Restore
                0x00003938       0x14 build/Trinket_USB_2/production/_ext/58287938/plib_nvic.o
                0x00003938                NVIC_INT_Restore

.text.TC3_Timer16bitPeriodSet%131
                0x0000394c       0x14
 .text.TC3_Timer16bitPeriodSet
                0x0000394c       0x14 build/Trinket_USB_2/production/_ext/1390003407/plib_tc3.o
                0x0000394c                TC3_Timer16bitPeriodSet

.rodata.cdcFunctionDriver%132
                0x00003960       0x14
 .rodata.cdcFunctionDriver
                0x00003960       0x14 build/Trinket_USB_2/production/_ext/1390297478/usb_device_cdc.o
                0x00003960                cdcFunctionDriver

.rodata.sysTimePlibAPI%133
                0x00003974       0x14
 .rodata.sysTimePlibAPI
                0x00003974       0x14 build/Trinket_USB_2/production/_ext/1189347772/initialization.o
                0x00003974                sysTimePlibAPI

.rodata.deviceDescriptor%134
                0x00003988       0x14
 .rodata.deviceDescriptor
                0x00003988       0x14 build/Trinket_USB_2/production/_ext/1189347772/usb_device_init_data.o
                0x00003988                deviceDescriptor

.text.DRV_USBFSV1_Close%135
                0x0000399c       0x12
 .text.DRV_USBFSV1_Close
                0x0000399c       0x12 build/Trinket_USB_2/production/_ext/2108104030/drv_usbfsv1.o
                0x0000399c                DRV_USBFSV1_Close

.text.DRV_USBFSV1_DEVICE_SOFNumberGet%136
                0x000039ae       0x12
 .text.DRV_USBFSV1_DEVICE_SOFNumberGet
                0x000039ae       0x12 build/Trinket_USB_2/production/_ext/2108104030/drv_usbfsv1_device.o
                0x000039ae                DRV_USBFSV1_DEVICE_SOFNumberGet

.text.NVIC_INT_Disable%137
                0x000039c0       0x12
 .text.NVIC_INT_Disable
                0x000039c0       0x12 build/Trinket_USB_2/production/_ext/58287938/plib_nvic.o
                0x000039c0                NVIC_INT_Disable

.text.memcpy%138
                0x000039d2       0x12
 .text.memcpy   0x000039d2       0x12 c:/program files/microchip/xc32/v4.00/bin/bin/../../lib/gcc/pic32c/8.3.1/../../../../pic32c/lib/thumb/v6-m/nofp\libc-musl.a(memcpy.o)
                0x000039d2                memcpy

.text.DRV_USBFSV1_USB_Handler%139
                0x000039e4       0x10
 .text.DRV_USBFSV1_USB_Handler
                0x000039e4       0x10 build/Trinket_USB_2/production/_ext/2108104030/drv_usbfsv1.o
                0x000039e4                DRV_USBFSV1_USB_Handler

.text.DRV_USBFSV1_ClientEventCallBackSet%140
                0x000039f4       0x10
 .text.DRV_USBFSV1_ClientEventCallBackSet
                0x000039f4       0x10 build/Trinket_USB_2/production/_ext/2108104030/drv_usbfsv1.o
                0x000039f4                DRV_USBFSV1_ClientEventCallBackSet

.text.DRV_USBFSV1_DEVICE_RemoteWakeupStart%141
                0x00003a04       0x10
 .text.DRV_USBFSV1_DEVICE_RemoteWakeupStart
                0x00003a04       0x10 build/Trinket_USB_2/production/_ext/2108104030/drv_usbfsv1_device.o
                0x00003a04                DRV_USBFSV1_DEVICE_RemoteWakeupStart

.rodata.funcRegistrationTable%142
                0x00003a14       0x10
 .rodata.funcRegistrationTable
                0x00003a14       0x10 build/Trinket_USB_2/production/_ext/1189347772/usb_device_init_data.o
                0x00003a14                funcRegistrationTable

.text.memset%143
                0x00003a24       0x10
 .text.memset   0x00003a24       0x10 c:/program files/microchip/xc32/v4.00/bin/bin/../../lib/gcc/pic32c/8.3.1/../../../../pic32c/lib/thumb/v6-m/nofp\libc-musl.a(memset.o)
                0x00003a24                memset

.text.DRV_USBFSV1_DEVICE_AddressSet%144
                0x00003a34        0xe
 .text.DRV_USBFSV1_DEVICE_AddressSet
                0x00003a34        0xe build/Trinket_USB_2/production/_ext/2108104030/drv_usbfsv1_device.o
                0x00003a34                DRV_USBFSV1_DEVICE_AddressSet

.text.DRV_USBFSV1_DEVICE_CurrentSpeedGet%145
                0x00003a42        0xe
 .text.DRV_USBFSV1_DEVICE_CurrentSpeedGet
                0x00003a42        0xe build/Trinket_USB_2/production/_ext/2108104030/drv_usbfsv1_device.o
                0x00003a42                DRV_USBFSV1_DEVICE_CurrentSpeedGet

.text.main%146  0x00003a50        0xe
 .text.main     0x00003a50        0xe build/Trinket_USB_2/production/_ext/1360937237/main.o
                0x00003a50                main

.text.NVMCTRL_Initialize%147
                0x00003a60        0xc
 .text.NVMCTRL_Initialize
                0x00003a60        0xc build/Trinket_USB_2/production/_ext/1292982576/plib_nvmctrl.o
                0x00003a60                NVMCTRL_Initialize

.text.TC3_TimerCallbackRegister%148
                0x00003a6c        0xc
 .text.TC3_TimerCallbackRegister
                0x00003a6c        0xc build/Trinket_USB_2/production/_ext/1390003407/plib_tc3.o
                0x00003a6c                TC3_TimerCallbackRegister

.rodata.cdcInit0%149
                0x00003a78        0xc
 .rodata.cdcInit0
                0x00003a78        0xc build/Trinket_USB_2/production/_ext/1189347772/usb_device_init_data.o
                0x00003a78                cdcInit0

.rodata.stringDescriptors%150
                0x00003a84        0xc
 .rodata.stringDescriptors
                0x00003a84        0xc build/Trinket_USB_2/production/_ext/1189347772/usb_device_init_data.o
                0x00003a84                stringDescriptors

.rodata.gDrvUSBFSV1DeviceEndpointTypeMap%151
                0x00003a90        0x8
 .rodata.gDrvUSBFSV1DeviceEndpointTypeMap
                0x00003a90        0x8 build/Trinket_USB_2/production/_ext/2108104030/drv_usbfsv1_device.o
                0x00003a90                gDrvUSBFSV1DeviceEndpointTypeMap

.text.TC3_TimerFrequencyGet%152
                0x00003a98        0x8
 .text.TC3_TimerFrequencyGet
                0x00003a98        0x8 build/Trinket_USB_2/production/_ext/1390003407/plib_tc3.o
                0x00003a98                TC3_TimerFrequencyGet

.text.SYS_INT_Disable%153
                0x00003aa0        0x8
 .text.SYS_INT_Disable
                0x00003aa0        0x8 build/Trinket_USB_2/production/_ext/1961919639/sys_int.o
                0x00003aa0                SYS_INT_Disable

.text.SYS_INT_Restore%154
                0x00003aa8        0x8
 .text.SYS_INT_Restore
                0x00003aa8        0x8 build/Trinket_USB_2/production/_ext/1961919639/sys_int.o
                0x00003aa8                SYS_INT_Restore

.rodata.sysTimeInitData%155
                0x00003ab0        0x8
 .rodata.sysTimeInitData
                0x00003ab0        0x8 build/Trinket_USB_2/production/_ext/1189347772/initialization.o
                0x00003ab0                sysTimeInitData

.rodata.gDrvUSBFSV1DeviceSpeedMap%156
                0x00003ab8        0x4
 .rodata.gDrvUSBFSV1DeviceSpeedMap
                0x00003ab8        0x4 build/Trinket_USB_2/production/_ext/2108104030/drv_usbfsv1_device.o
                0x00003ab8                gDrvUSBFSV1DeviceSpeedMap

.rodata.fullSpeedConfigDescSet%157
                0x00003abc        0x4
 .rodata.fullSpeedConfigDescSet
                0x00003abc        0x4 build/Trinket_USB_2/production/_ext/1189347772/usb_device_init_data.o
                0x00003abc                fullSpeedConfigDescSet

.rodata.sd000%158
                0x00003ac0        0x4
 .rodata.sd000  0x00003ac0        0x4 build/Trinket_USB_2/production/_ext/1189347772/usb_device_init_data.o
                0x00003ac0                sd000

.rodata%159     0x00003ac4        0x4
 .rodata        0x00003ac4        0x4 build/Trinket_USB_2/production/_ext/1360937237/app_usb.o

.text%160       0x00003ac8        0x4
 .text          0x00003ac8        0x4 c:/program files/microchip/xc32/v4.00/bin/bin/../../lib/gcc/pic32c/8.3.1/thumb/v6-m/nofp\libgcc.a(_dvmd_tls.o)
                0x00003ac8                __aeabi_idiv0
                0x00003ac8                __aeabi_ldiv0

.text.DRV_USBFSV1_DEVICE_RemoteWakeupStop%161
                0x0000140a        0x2
 .text.DRV_USBFSV1_DEVICE_RemoteWakeupStop
                0x0000140a        0x2 build/Trinket_USB_2/production/_ext/2108104030/drv_usbfsv1_device.o
                0x0000140a                DRV_USBFSV1_DEVICE_RemoteWakeupStop

.text.EVSYS_Initialize%162
                0x00002816        0x2
 .text.EVSYS_Initialize
                0x00002816        0x2 build/Trinket_USB_2/production/_ext/1798624796/plib_evsys.o
                0x00002816                EVSYS_Initialize

.text.Dummy_Handler%163
                0x00002926        0x2
 .text.Dummy_Handler
                0x00002926        0x2 build/Trinket_USB_2/production/_ext/1189347772/interrupts.o
                0x00002926                SVCall_Handler
                0x00002926                DMAC_Handler
                0x00002926                AC_Handler
                0x00002926                SysTick_Handler
                0x00002926                PendSV_Handler
                0x00002926                SERCOM1_Handler
                0x00002926                ADC_Handler
                0x00002926                TCC1_Handler
                0x00002926                SERCOM2_Handler
                0x00002926                TCC0_Handler
                0x00002926                RTC_Handler
                0x00002926                EIC_Handler
                0x00002926                WDT_Handler
                0x00002926                TC4_Handler
                0x00002926                Dummy_Handler
                0x00002926                PM_Handler
                0x00002926                TCC2_Handler
                0x00002926                EVSYS_Handler
                0x00002926                SERCOM3_Handler
                0x00002926                I2S_Handler
                0x00002926                NVMCTRL_Handler
                0x00002926                SERCOM0_Handler
                0x00002926                DAC_Handler
                0x00002926                PTC_Handler
                0x00002926                TC5_Handler
                0x00002926                SYSCTRL_Handler

.text.NonMaskableInt_Handler%164
                0x0000303a        0x2
 .text.NonMaskableInt_Handler
                0x0000303a        0x2 build/Trinket_USB_2/production/_ext/1189347772/exceptions.o
                0x0000303a                NonMaskableInt_Handler

.text.HardFault_Handler%165
                0x00003112        0x2
 .text.HardFault_Handler
                0x00003112        0x2 build/Trinket_USB_2/production/_ext/1189347772/exceptions.o
                0x00003112                HardFault_Handler

.text.Dummy_App_Func%166
                0x0000350a        0x2
 .text.Dummy_App_Func
                0x0000350a        0x2 build/Trinket_USB_2/production/_ext/1189347772/startup_xc32.o
                0x0000350a                _on_reset
                0x0000350a                _on_bootstrap
                0x0000350a                __xc32_on_reset
                0x0000350a                Dummy_App_Func
                0x0000350a                __xc32_on_bootstrap

.text.__dummy%167
                0x000036f2        0x2
 .text.__dummy  0x000036f2        0x2 c:/program files/microchip/xc32/v4.00/bin/bin/../../lib/gcc/pic32c/8.3.1/../../../../pic32c/lib/thumb/v6-m/nofp\libc-musl.a(__libc_start_main.o)
                0x000036f2                __init_stdio
                0x000036f2                __init_host
